Archive member included because of file (symbol)

../../TouchGFX/touchgfx/lib/core/cortex_m7/gcc\libtouchgfx.a(AbstractPartition.o)
                              build/ST/STM32F746G-DISCO/touchgfx/board/ST/STM32F746G-DISCO/source/BoardConfiguration.o (touchgfx::AbstractPartition::getAllocationCount() const)
../../TouchGFX/touchgfx/lib/core/cortex_m7/gcc\libtouchgfx.a(Container.o)
                              build/ST/STM32F746G-DISCO/generated/gui_generated/src/settingsscreen_screen/settingsScreenViewBase.o (touchgfx::Container::add(touchgfx::Drawable&))
../../TouchGFX/touchgfx/lib/core/cortex_m7/gcc\libtouchgfx.a(Slider.o)
                              build/ST/STM32F746G-DISCO/gui/src/temphumisettingsscreen_screen/tempHumiSettingsScreenView.o (touchgfx::Slider::~Slider())
../../TouchGFX/touchgfx/lib/core/cortex_m7/gcc\libtouchgfx.a(HAL.o)
                              build/ST/STM32F746G-DISCO/touchgfx/framework/source/platform/hal/ST/mcu/stm32f7xx/STM32F7HAL.o (touchgfx::HAL::flushFrameBuffer())
../../TouchGFX/touchgfx/lib/core/cortex_m7/gcc\libtouchgfx.a(DMA.o)
                              build/ST/STM32F746G-DISCO/touchgfx/framework/source/platform/hal/ST/mcu/stm32f7xx/STM32F7DMA.o (touchgfx::DMA_Interface::seedExecution())
../../TouchGFX/touchgfx/lib/core/cortex_m7/gcc\libtouchgfx.a(ToggleButton.o)
                              build/ST/STM32F746G-DISCO/generated/gui_generated/src/mainscreen_screen/mainScreenViewBase.o (touchgfx::ToggleButton::ToggleButton())
../../TouchGFX/touchgfx/lib/core/cortex_m7/gcc\libtouchgfx.a(SnapshotWidget.o)
                              build/ST/STM32F746G-DISCO/generated/gui_generated/src/common/FrontendApplicationBase.o (touchgfx::SnapshotWidget::~SnapshotWidget())
../../TouchGFX/touchgfx/lib/core/cortex_m7/gcc\libtouchgfx.a(TextArea.o)
                              build/ST/STM32F746G-DISCO/generated/gui_generated/src/settingsscreen_screen/settingsScreenViewBase.o (touchgfx::TextArea::setTypedText(touchgfx::TypedText))
../../TouchGFX/touchgfx/lib/core/cortex_m7/gcc\libtouchgfx.a(Box.o)
                              build/ST/STM32F746G-DISCO/generated/gui_generated/src/datetimesettingsscreen_screen/dateTimeSettingsScreenViewBase.o (vtable for touchgfx::Box)
../../TouchGFX/touchgfx/lib/core/cortex_m7/gcc\libtouchgfx.a(Button.o)
                              build/ST/STM32F746G-DISCO/generated/gui_generated/src/settingsscreen_screen/settingsScreenViewBase.o (touchgfx::Button::setBitmaps(touchgfx::Bitmap const&, touchgfx::Bitmap const&))
../../TouchGFX/touchgfx/lib/core/cortex_m7/gcc\libtouchgfx.a(TextAreaWithWildcard.o)
                              build/ST/STM32F746G-DISCO/gui/src/temphumisettingsscreen_screen/tempHumiSettingsScreenView.o (touchgfx::TextAreaWithWildcardBase::calculateTextHeight(unsigned short const*, ...) const)
../../TouchGFX/touchgfx/lib/core/cortex_m7/gcc\libtouchgfx.a(ButtonWithIcon.o)
                              build/ST/STM32F746G-DISCO/generated/gui_generated/src/settingsscreen_screen/settingsScreenViewBase.o (touchgfx::ButtonWithIcon::setBitmaps(touchgfx::Bitmap const&, touchgfx::Bitmap const&, touchgfx::Bitmap const&, touchgfx::Bitmap const&))
../../TouchGFX/touchgfx/lib/core/cortex_m7/gcc\libtouchgfx.a(Image.o)
                              build/ST/STM32F746G-DISCO/generated/gui_generated/src/settingsscreen_screen/settingsScreenViewBase.o (touchgfx::Image::setBitmap(touchgfx::Bitmap const&))
../../TouchGFX/touchgfx/lib/core/cortex_m7/gcc\libtouchgfx.a(ButtonWithLabel.o)
                              build/ST/STM32F746G-DISCO/generated/gui_generated/src/settingsscreen_screen/settingsScreenViewBase.o (touchgfx::ButtonWithLabel::ButtonWithLabel())
../../TouchGFX/touchgfx/lib/core/cortex_m7/gcc\libtouchgfx.a(RadioButton.o)
                              build/ST/STM32F746G-DISCO/generated/gui_generated/src/mainscreen_screen/mainScreenViewBase.o (touchgfx::RadioButton::setBitmaps(touchgfx::Bitmap const&, touchgfx::Bitmap const&, touchgfx::Bitmap const&, touchgfx::Bitmap const&))
../../TouchGFX/touchgfx/lib/core/cortex_m7/gcc\libtouchgfx.a(LCD.o)
                              build/ST/STM32F746G-DISCO/gui/src/temphumisettingsscreen_screen/tempHumiSettingsScreenView.o (touchgfx::LCD::drawString(touchgfx::Rect, touchgfx::Rect const&, touchgfx::LCD::StringVisuals&, unsigned short const*, ...))
../../TouchGFX/touchgfx/lib/core/cortex_m7/gcc\libtouchgfx.a(TouchCalibration.o)
                              ../../TouchGFX/touchgfx/lib/core/cortex_m7/gcc\libtouchgfx.a(HAL.o) (touchgfx::TouchCalibration::translatePoint(touchgfx::Point&))
../../TouchGFX/touchgfx/lib/core/cortex_m7/gcc\libtouchgfx.a(DisplayTransformation.o)
                              ../../TouchGFX/touchgfx/lib/core/cortex_m7/gcc\libtouchgfx.a(HAL.o) (touchgfx::DisplayTransformation::transformFrameBufferToDisplay(short&, short&))
../../TouchGFX/touchgfx/lib/core/cortex_m7/gcc\libtouchgfx.a(Application.o)
[...]
Memory Configuration

Name             Origin             Length             Attributes
CODE             0x08000000         0x00100000         xr
RAM              0x20000000         0x0004c000         rw
QUADSPI          0x90000000         0x01000000         r
*default*        0x00000000         0xffffffff

Linker script and memory map

LOAD build/ST/STM32F746G-DISCO/gui/src/settingsscreen_screen/settingsScreenView.o
LOAD build/ST/STM32F746G-DISCO/gui/src/settingsscreen_screen/settingsScreenPresenter.o
LOAD build/ST/STM32F746G-DISCO/gui/src/daynightsettingsscreen_screen/dayNightSettingsScreenPresenter.o
LOAD build/ST/STM32F746G-DISCO/gui/src/daynightsettingsscreen_screen/dayNightSettingsScreenView.o
LOAD build/ST/STM32F746G-DISCO/gui/src/datetimesettingsscreen_screen/dateTimeSettingsScreenView.o
LOAD build/ST/STM32F746G-DISCO/gui/src/datetimesettingsscreen_screen/dateTimeSettingsScreenPresenter.o
LOAD build/ST/STM32F746G-DISCO/gui/src/mainscreen_screen/mainScreenView.o
LOAD build/ST/STM32F746G-DISCO/gui/src/mainscreen_screen/mainScreenPresenter.o
LOAD build/ST/STM32F746G-DISCO/gui/src/opconfigsettingsscreen_screen/opConfigSettingsScreenPresenter.o
LOAD build/ST/STM32F746G-DISCO/gui/src/opconfigsettingsscreen_screen/opConfigSettingsScreenView.o
LOAD build/ST/STM32F746G-DISCO/gui/src/model/Model.o
LOAD build/ST/STM32F746G-DISCO/gui/src/temphumisettingsscreen_screen/tempHumiSettingsScreenPresenter.o
LOAD build/ST/STM32F746G-DISCO/gui/src/temphumisettingsscreen_screen/tempHumiSettingsScreenView.o
LOAD build/ST/STM32F746G-DISCO/gui/src/common/FrontendApplication.o
LOAD build/ST/STM32F746G-DISCO/generated/gui_generated/src/settingsscreen_screen/settingsScreenViewBase.o
LOAD build/ST/STM32F746G-DISCO/generated/gui_generated/src/daynightsettingsscreen_screen/dayNightSettingsScreenViewBase.o
LOAD build/ST/STM32F746G-DISCO/generated/gui_generated/src/datetimesettingsscreen_screen/dateTimeSettingsScreenViewBase.o
LOAD build/ST/STM32F746G-DISCO/generated/gui_generated/src/mainscreen_screen/mainScreenViewBase.o
LOAD build/ST/STM32F746G-DISCO/generated/gui_generated/src/opconfigsettingsscreen_screen/opConfigSettingsScreenViewBase.o
LOAD build/ST/STM32F746G-DISCO/generated/gui_generated/src/temphumisettingsscreen_screen/tempHumiSettingsScreenViewBase.o
LOAD build/ST/STM32F746G-DISCO/generated/gui_generated/src/common/FrontendApplicationBase.o
LOAD build/ST/STM32F746G-DISCO/generated/fonts/src/Kerning_verdana_46_4bpp.o
LOAD build/ST/STM32F746G-DISCO/generated/fonts/src/Table_segoeui_67_4bpp.o
LOAD build/ST/STM32F746G-DISCO/generated/fonts/src/Table_verdana_17_8bpp.o
LOAD build/ST/STM32F746G-DISCO/generated/fonts/src/Kerning_verdana_12_4bpp.o
LOAD build/ST/STM32F746G-DISCO/generated/fonts/src/Font_verdana_34_4bpp.o
LOAD build/ST/STM32F746G-DISCO/generated/fonts/src/FontGetters.o
LOAD build/ST/STM32F746G-DISCO/generated/fonts/src/Kerning_verdana_34_4bpp.o
LOAD build/ST/STM32F746G-DISCO/generated/fonts/src/Font_segoeui_67_4bpp.o
LOAD build/ST/STM32F746G-DISCO/generated/fonts/src/Table_verdana_12_4bpp.o
LOAD build/ST/STM32F746G-DISCO/generated/fonts/src/Kerning_segoeui_67_4bpp.o
LOAD build/ST/STM32F746G-DISCO/generated/fonts/src/Table_verdana_46_4bpp.o
LOAD build/ST/STM32F746G-DISCO/generated/fonts/src/Font_verdana_17_8bpp.o
LOAD build/ST/STM32F746G-DISCO/generated/fonts/src/Font_verdana_46_4bpp.o
LOAD build/ST/STM32F746G-DISCO/generated/fonts/src/Kerning_verdana_17_8bpp.o
LOAD build/ST/STM32F746G-DISCO/generated/fonts/src/Table_verdana_34_4bpp.o
LOAD build/ST/STM32F746G-DISCO/generated/fonts/src/ApplicationFontProvider.o
LOAD build/ST/STM32F746G-DISCO/generated/fonts/src/Font_verdana_12_4bpp.o
LOAD build/ST/STM32F746G-DISCO/generated/texts/src/LanguageGb.o
LOAD build/ST/STM32F746G-DISCO/generated/texts/src/TypedTextDatabase.o
LOAD build/ST/STM32F746G-DISCO/generated/texts/src/Texts.o
LOAD build/ST/STM32F746G-DISCO/generated/images/src/__designer/Dark_Slider_Vertical_Small_Indicators_Slider3_Vertical_Round_nob.o
LOAD build/ST/STM32F746G-DISCO/generated/images/src/__designer/Dark_Togglebars_Toggle_round_small_button_Off.o
LOAD build/ST/STM32F746G-DISCO/generated/images/src/__designer/Dark_Togglebars_Toggle_small_button_On.o
LOAD build/ST/STM32F746G-DISCO/generated/images/src/__designer/Dark_Buttons_Round_Edge_icon_button_pressed.o
LOAD build/ST/STM32F746G-DISCO/generated/images/src/__designer/Dark_Slider_Vertical_Small_Slider3_Vertical_Round_fill.o
LOAD build/ST/STM32F746G-DISCO/generated/images/src/__designer/Dark_Radio_buttons_Radio_Round_button_pressed.o
LOAD build/ST/STM32F746G-DISCO/generated/images/src/__designer/Dark_Icons_Down_arrow_32.o
LOAD build/ST/STM32F746G-DISCO/generated/images/src/__designer/Dark_Icons_Info_32.o
LOAD build/ST/STM32F746G-DISCO/generated/images/src/__designer/Dark_Icons_Back_arrow_32.o
LOAD build/ST/STM32F746G-DISCO/generated/images/src/__designer/Dark_Icons_Settings_32.o
LOAD build/ST/STM32F746G-DISCO/generated/images/src/__designer/Dark_Buttons_Round_Edge_large_pressed.o
LOAD build/ST/STM32F746G-DISCO/generated/images/src/__designer/Dark_Radio_buttons_Radio_Round_button_active.o
LOAD build/ST/STM32F746G-DISCO/generated/images/src/__designer/Dark_Buttons_Round_Edge_icon_button.o
LOAD build/ST/STM32F746G-DISCO/generated/images/src/__designer/Dark_Slider_Vertical_Small_Slider3_Vertical_Round_back.o
LOAD build/ST/STM32F746G-DISCO/generated/images/src/__designer/Dark_Togglebars_Toggle_round_small_button_On.o
LOAD build/ST/STM32F746G-DISCO/generated/images/src/__designer/Dark_Icons_Home_32.o
LOAD build/ST/STM32F746G-DISCO/generated/images/src/__designer/Dark_Togglebars_Toggle_small_button_Off.o
LOAD build/ST/STM32F746G-DISCO/generated/images/src/__designer/Dark_Radio_buttons_Radio_Round_button_inactive.o
LOAD build/ST/STM32F746G-DISCO/generated/images/src/__designer/Dark_Radio_buttons_Radio_Round_button_normal.o
LOAD build/ST/STM32F746G-DISCO/generated/images/src/__designer/Dark_Icons_Up_arrow_32.o
LOAD build/ST/STM32F746G-DISCO/generated/images/src/__designer/Dark_Buttons_Round_Edge_large.o
LOAD build/ST/STM32F746G-DISCO/generated/images/src/__designer/Dark_Icons_Power_32.o
LOAD build/ST/STM32F746G-DISCO/generated/images/src/background.o
LOAD build/ST/STM32F746G-DISCO/generated/images/src/BitmapDatabase.o
LOAD build/ST/STM32F746G-DISCO/touchgfx/os/FreeRTOS8.2.0/OSWrappers.o
LOAD build/ST/STM32F746G-DISCO/touchgfx/config/gcc/gccstubs.o
LOAD build/ST/STM32F746G-DISCO/target/main.o
LOAD build/ST/STM32F746G-DISCO/touchgfx/board/ST/STM32F746G-DISCO/source/bsp/STM32F7Instrumentation.o
LOAD build/ST/STM32F746G-DISCO/touchgfx/board/ST/STM32F746G-DISCO/source/bsp/STM32F746GTouchController.o
LOAD build/ST/STM32F746G-DISCO/touchgfx/framework/source/platform/hal/ST/mcu/stm32f7xx/STM32F7DMA.o
LOAD build/ST/STM32F746G-DISCO/touchgfx/framework/source/platform/hal/ST/mcu/stm32f7xx/STM32F7HAL.o
LOAD build/ST/STM32F746G-DISCO/touchgfx/framework/source/platform/core/arm/cortex-m/CortexMMCUInstrumentation.o
LOAD build/ST/STM32F746G-DISCO/touchgfx/board/ST/STM32F746G-DISCO/source/BoardConfiguration.o
LOAD build/ST/STM32F746G-DISCO/touchgfx/board/ST/STM32F746G-DISCO/source/GPIO.o
LOAD build/ST/STM32F746G-DISCO/touchgfx/os/FreeRTOS8.2.0/Source/croutine.o
LOAD build/ST/STM32F746G-DISCO/touchgfx/os/FreeRTOS8.2.0/Source/list.o
LOAD build/ST/STM32F746G-DISCO/touchgfx/os/FreeRTOS8.2.0/Source/queue.o
LOAD build/ST/STM32F746G-DISCO/touchgfx/os/FreeRTOS8.2.0/Source/tasks.o
LOAD build/ST/STM32F746G-DISCO/touchgfx/os/FreeRTOS8.2.0/Source/timers.o
LOAD build/ST/STM32F746G-DISCO/touchgfx/os/FreeRTOS8.2.0/Source/portable/MemMang/heap_2.o
LOAD build/ST/STM32F746G-DISCO/touchgfx/os/FreeRTOS8.2.0/Source/portable/GCC/ARM_CM7/port.o
LOAD build/ST/STM32F746G-DISCO/target/ST/STM32F746G-DISCO/gcc//isr.o
LOAD build/ST/STM32F746G-DISCO/touchgfx/board/ST/STM32F746G-DISCO/source/vendor/STM32746G-Discovery/stm32746g_discovery.o
LOAD build/ST/STM32F746G-DISCO/touchgfx/board/ST/STM32F746G-DISCO/source/vendor/STM32746G-Discovery/stm32746g_discovery_lcd.o
LOAD build/ST/STM32F746G-DISCO/touchgfx/board/ST/STM32F746G-DISCO/source/vendor/STM32746G-Discovery/stm32746g_discovery_sd.o
LOAD build/ST/STM32F746G-DISCO/touchgfx/board/ST/STM32F746G-DISCO/source/vendor/STM32746G-Discovery/stm32746g_discovery_sdram.o
LOAD build/ST/STM32F746G-DISCO/touchgfx/board/ST/STM32F746G-DISCO/source/vendor/STM32746G-Discovery/stm32746g_discovery_ts.o
LOAD build/ST/STM32F746G-DISCO/touchgfx/board/ST/STM32F746G-DISCO/source/vendor/STM32746G-Discovery/stm32746g_discovery_qspi.o
LOAD build/ST/STM32F746G-DISCO/touchgfx/board/ST/STM32F746G-DISCO/source/vendor/Components/ft5336/ft5336.o
LOAD build/ST/STM32F746G-DISCO/touchgfx/framework/source/platform/hal/ST/mcu/stm32f7xx/STM32F7xx_HAL_Driver/stm32f7xx_hal.o
LOAD build/ST/STM32F746G-DISCO/touchgfx/framework/source/platform/hal/ST/mcu/stm32f7xx/STM32F7xx_HAL_Driver/stm32f7xx_hal_cortex.o
LOAD build/ST/STM32F746G-DISCO/touchgfx/framework/source/platform/hal/ST/mcu/stm32f7xx/STM32F7xx_HAL_Driver/stm32f7xx_hal_dma.o
LOAD build/ST/STM32F746G-DISCO/touchgfx/framework/source/platform/hal/ST/mcu/stm32f7xx/STM32F7xx_HAL_Driver/stm32f7xx_hal_dma2d.o
LOAD build/ST/STM32F746G-DISCO/touchgfx/framework/source/platform/hal/ST/mcu/stm32f7xx/STM32F7xx_HAL_Driver/stm32f7xx_hal_dma_ex.o
LOAD build/ST/STM32F746G-DISCO/touchgfx/framework/source/platform/hal/ST/mcu/stm32f7xx/STM32F7xx_HAL_Driver/stm32f7xx_hal_gpio.o
LOAD build/ST/STM32F746G-DISCO/touchgfx/framework/source/platform/hal/ST/mcu/stm32f7xx/STM32F7xx_HAL_Driver/stm32f7xx_hal_i2c.o
LOAD build/ST/STM32F746G-DISCO/touchgfx/framework/source/platform/hal/ST/mcu/stm32f7xx/STM32F7xx_HAL_Driver/stm32f7xx_hal_ltdc.o
LOAD build/ST/STM32F746G-DISCO/touchgfx/framework/source/platform/hal/ST/mcu/stm32f7xx/STM32F7xx_HAL_Driver/stm32f7xx_hal_nor.o
LOAD build/ST/STM32F746G-DISCO/touchgfx/framework/source/platform/hal/ST/mcu/stm32f7xx/STM32F7xx_HAL_Driver/stm32f7xx_hal_pwr_ex.o
LOAD build/ST/STM32F746G-DISCO/touchgfx/framework/source/platform/hal/ST/mcu/stm32f7xx/STM32F7xx_HAL_Driver/stm32f7xx_hal_rcc.o
LOAD build/ST/STM32F746G-DISCO/touchgfx/framework/source/platform/hal/ST/mcu/stm32f7xx/STM32F7xx_HAL_Driver/stm32f7xx_hal_rcc_ex.o
LOAD build/ST/STM32F746G-DISCO/touchgfx/framework/source/platform/hal/ST/mcu/stm32f7xx/STM32F7xx_HAL_Driver/stm32f7xx_hal_sdram.o
LOAD build/ST/STM32F746G-DISCO/touchgfx/framework/source/platform/hal/ST/mcu/stm32f7xx/STM32F7xx_HAL_Driver/stm32f7xx_hal_sd.o
LOAD build/ST/STM32F746G-DISCO/touchgfx/framework/source/platform/hal/ST/mcu/stm32f7xx/STM32F7xx_HAL_Driver/stm32f7xx_hal_tim.o
LOAD build/ST/STM32F746G-DISCO/touchgfx/framework/source/platform/hal/ST/mcu/stm32f7xx/STM32F7xx_HAL_Driver/stm32f7xx_hal_qspi.o
LOAD build/ST/STM32F746G-DISCO/touchgfx/framework/source/platform/hal/ST/mcu/stm32f7xx/STM32F7xx_HAL_Driver/stm32f7xx_ll_fmc.o
LOAD build/ST/STM32F746G-DISCO/touchgfx/framework/source/platform/hal/ST/mcu/stm32f7xx/STM32F7xx_HAL_Driver/stm32f7xx_ll_sdmmc.o
LOAD build/ST/STM32F746G-DISCO/touchgfx/framework/source/platform/hal/ST/mcu/stm32f7xx/CMSIS/system_stm32f7xx.o
START GROUP
LOAD ../../TouchGFX/touchgfx/lib/core/cortex_m7/gcc\libtouchgfx.a
END GROUP
LOAD c:/users/hjalm/documents/embedded/touchgfx/env/mingw/msys/1.0/gnu-arm-gcc/bin/../lib/gcc/arm-none-eabi/4.9.3/../../../../arm-none-eabi/lib/cortex-m7/softfp/fpv5-sp-d16\libstdc++.a
LOAD c:/users/hjalm/documents/embedded/touchgfx/env/mingw/msys/1.0/gnu-arm-gcc/bin/../lib/gcc/arm-none-eabi/4.9.3/../../../../arm-none-eabi/lib/cortex-m7/softfp/fpv5-sp-d16\libm.a
START GROUP
LOAD c:/users/hjalm/documents/embedded/touchgfx/env/mingw/msys/1.0/gnu-arm-gcc/bin/../lib/gcc/arm-none-eabi/4.9.3/cortex-m7/softfp/fpv5-sp-d16\libgcc.a
LOAD c:/users/hjalm/documents/embedded/touchgfx/env/mingw/msys/1.0/gnu-arm-gcc/bin/../lib/gcc/arm-none-eabi/4.9.3/../../../../arm-none-eabi/lib/cortex-m7/softfp/fpv5-sp-d16\libg.a
LOAD c:/users/hjalm/documents/embedded/touchgfx/env/mingw/msys/1.0/gnu-arm-gcc/bin/../lib/gcc/arm-none-eabi/4.9.3/../../../../arm-none-eabi/lib/cortex-m7/softfp/fpv5-sp-d16\libc.a
END GROUP
                0x00000400                _STACKSIZE = 0x400
                0x00000200                _HEAPSIZE = 0x200

.text           0x08000000    0x1171c
 CREATE_OBJECT_SYMBOLS
 *(.isr_vectors)
 .isr_vectors   0x08000000      0x1ac build/ST/STM32F746G-DISCO/target/ST/STM32F746G-DISCO/gcc//isr.o
                0x08000000                g_pfnVectors
 *(.text .text.*)
 .text._ZN8touchgfx8Drawable11setPositionEssss
                0x080001ac       0x28 build/ST/STM32F746G-DISCO/gui/src/settingsscreen_screen/settingsScreenView.o
                0x080001ac                touchgfx::Drawable::setPosition(short, short, short, short)
 .text._ZN8touchgfx8Drawable4setXEs
                0x080001d4        0x4 build/ST/STM32F746G-DISCO/gui/src/settingsscreen_screen/settingsScreenView.o
                0x080001d4                touchgfx::Drawable::setX(short)
 .text._ZN8touchgfx8Drawable4setYEs
                0x080001d8        0x4 build/ST/STM32F746G-DISCO/gui/src/settingsscreen_screen/settingsScreenView.o
                0x080001d8                touchgfx::Drawable::setY(short)
 .text._ZN8touchgfx8Drawable5setXYEss
                0x080001dc       0x1a build/ST/STM32F746G-DISCO/gui/src/settingsscreen_screen/settingsScreenView.o
                0x080001dc                touchgfx::Drawable::setXY(short, short)
 .text._ZN8touchgfx8Drawable8setWidthEs
                0x080001f6        0x4 build/ST/STM32F746G-DISCO/gui/src/settingsscreen_screen/settingsScreenView.o
                0x080001f6                touchgfx::Drawable::setWidth(short)
 .text._ZN8touchgfx8Drawable9setHeightEs
                0x080001fa        0x4 build/ST/STM32F746G-DISCO/gui/src/settingsscreen_screen/settingsScreenView.o
                0x080001fa                touchgfx::Drawable::setHeight(short)
 .text._ZN8touchgfx8Drawable20childGeometryChangedEv
                0x080001fe        0x2 build/ST/STM32F746G-DISCO/gui/src/settingsscreen_screen/settingsScreenView.o
                0x080001fe                touchgfx::Drawable::childGeometryChanged()
 .text._ZN8touchgfx8Drawable16handleClickEventERKNS_10ClickEventE
                0x08000200        0x2 build/ST/STM32F746G-DISCO/gui/src/settingsscreen_screen/settingsScreenView.o
                0x08000200                touchgfx::Drawable::handleClickEvent(touchgfx::ClickEvent const&)
 .text._ZN8touchgfx8Drawable18handleGestureEventERKNS_12GestureEventE
                0x08000202        0x2 build/ST/STM32F746G-DISCO/gui/src/settingsscreen_screen/settingsScreenView.o
                0x08000202                touchgfx::Drawable::handleGestureEvent(touchgfx::GestureEvent const&)
 .text._ZN8touchgfx8Drawable15handleDragEventERKNS_9DragEventE
                0x08000204        0x2 build/ST/STM32F746G-DISCO/gui/src/settingsscreen_screen/settingsScreenView.o
                0x08000204                touchgfx::Drawable::handleDragEvent(touchgfx::DragEvent const&)
 .text._ZN8touchgfx8Drawable15handleTickEventEv
                0x08000206        0x2 build/ST/STM32F746G-DISCO/gui/src/settingsscreen_screen/settingsScreenView.o
                0x08000206                touchgfx::Drawable::handleTickEvent()
 .text._ZN8touchgfx8Drawable6moveToEss
                0x08000208       0x18 build/ST/STM32F746G-DISCO/gui/src/settingsscreen_screen/settingsScreenView.o
                0x08000208                touchgfx::Drawable::moveTo(short, short)
 .text._ZN8touchgfx8Drawable14setupDrawChainERKNS_4RectEPPS0_
                0x08000220       0x12 build/ST/STM32F746G-DISCO/gui/src/settingsscreen_screen/settingsScreenView.o
                0x08000220                touchgfx::Drawable::setupDrawChain(touchgfx::Rect const&, touchgfx::Drawable**)
 .text._ZN8touchgfx6Screen11setupScreenEv
                0x08000232        0x2 build/ST/STM32F746G-DISCO/gui/src/settingsscreen_screen/settingsScreenView.o
                0x08000232                touchgfx::Screen::setupScreen()
 .text._ZN8touchgfx6Screen15afterTransitionEv
                0x08000234        0x2 build/ST/STM32F746G-DISCO/gui/src/settingsscreen_screen/settingsScreenView.o
                0x08000234                touchgfx::Screen::afterTransition()
 .text._ZN8touchgfx6Screen14tearDownScreenEv
                0x08000236        0x2 build/ST/STM32F746G-DISCO/gui/src/settingsscreen_screen/settingsScreenView.o
                0x08000236                touchgfx::Screen::tearDownScreen()
 .text._ZN8touchgfx6Screen15handleTickEventEv
                0x08000238        0x2 build/ST/STM32F746G-DISCO/gui/src/settingsscreen_screen/settingsScreenView.o
                0x08000238                touchgfx::Screen::handleTickEvent()
 .text._ZN8touchgfx6Screen14handleKeyEventEh
                0x0800023a        0x2 build/ST/STM32F746G-DISCO/gui/src/settingsscreen_screen/settingsScreenView.o
                0x0800023a                touchgfx::Screen::handleKeyEvent(unsigned char)
 .text._ZN8touchgfx6Widget12getLastChildEssPPNS_8DrawableE
                0x0800023c       0x10 build/ST/STM32F746G-DISCO/gui/src/settingsscreen_screen/settingsScreenView.o
                0x0800023c                touchgfx::Widget::getLastChild(short, short, touchgfx::Drawable**)
 .text._ZN18settingsScreenView11setupScreenEv
                0x0800024c        0x2 build/ST/STM32F746G-DISCO/gui/src/settingsscreen_screen/settingsScreenView.o
                0x0800024c                settingsScreenView::setupScreen()
 .text._ZN18settingsScreenView14tearDownScreenEv
                0x0800024e        0x2 build/ST/STM32F746G-DISCO/gui/src/settingsscreen_screen/settingsScreenView.o
                0x0800024e                settingsScreenView::tearDownScreen()
 .text._ZN8touchgfx8CallbackI22settingsScreenViewBaseRKNS_14AbstractButtonEvED2Ev
                0x08000250        0x2 build/ST/STM32F746G-DISCO/gui/src/settingsscreen_screen/settingsScreenView.o
                0x08000250                touchgfx::Callback<settingsScreenViewBase, touchgfx::AbstractButton const&, void>::~Callback()
                0x08000250                touchgfx::Callback<settingsScreenViewBase, touchgfx::AbstractButton const&, void>::~Callback()
 .text._ZN8touchgfx8CallbackI22settingsScreenViewBaseRKNS_14AbstractButtonEvE7executeES4_
                0x08000252       0x20 build/ST/STM32F746G-DISCO/gui/src/settingsscreen_screen/settingsScreenView.o
                0x08000252                touchgfx::Callback<settingsScreenViewBase, touchgfx::AbstractButton const&, void>::execute(touchgfx::AbstractButton const&)
 .text._ZNK8touchgfx8CallbackI22settingsScreenViewBaseRKNS_14AbstractButtonEvE7isValidEv
                0x08000272       0x18 build/ST/STM32F746G-DISCO/gui/src/settingsscreen_screen/settingsScreenView.o
                0x08000272                touchgfx::Callback<settingsScreenViewBase, touchgfx::AbstractButton const&, void>::isValid() const
 .text._ZN8touchgfx8CallbackI22settingsScreenViewBaseRKNS_14AbstractButtonEvED0Ev
                0x0800028a        0xc build/ST/STM32F746G-DISCO/gui/src/settingsscreen_screen/settingsScreenView.o
                0x0800028a                touchgfx::Callback<settingsScreenViewBase, touchgfx::AbstractButton const&, void>::~Callback()
 .text._ZN22settingsScreenViewBaseD2Ev
                0x08000296        0x2 build/ST/STM32F746G-DISCO/gui/src/settingsscreen_screen/settingsScreenView.o
                0x08000296                settingsScreenViewBase::~settingsScreenViewBase()
                0x08000296                settingsScreenViewBase::~settingsScreenViewBase()
 .text._ZN22settingsScreenViewBaseD0Ev
                0x08000298        0xc build/ST/STM32F746G-DISCO/gui/src/settingsscreen_screen/settingsScreenView.o
                0x08000298                settingsScreenViewBase::~settingsScreenViewBase()
 .text._ZN18settingsScreenViewD2Ev
                0x080002a4        0x2 build/ST/STM32F746G-DISCO/gui/src/settingsscreen_screen/settingsScreenView.o
                0x080002a4                settingsScreenView::~settingsScreenView()
                0x080002a4                settingsScreenView::~settingsScreenView()
 .text._ZN18settingsScreenViewD0Ev
                0x080002a6        0xc build/ST/STM32F746G-DISCO/gui/src/settingsscreen_screen/settingsScreenView.o
                0x080002a6                settingsScreenView::~settingsScreenView()
 *fill*         0x080002b2        0x2 00000000
 .text._ZN18settingsScreenViewC2Ev
                0x080002b4       0x14 build/ST/STM32F746G-DISCO/gui/src/settingsscreen_screen/settingsScreenView.o
                0x080002b4                settingsScreenView::settingsScreenView()
                0x080002b4                settingsScreenView::settingsScreenView()
 .text._ZN23settingsScreenPresenterD2Ev
                0x080002c8        0x2 build/ST/STM32F746G-DISCO/gui/src/settingsscreen_screen/settingsScreenPresenter.o
                0x080002c8                settingsScreenPresenter::~settingsScreenPresenter()
                0x080002c8                settingsScreenPresenter::~settingsScreenPresenter()
 .text._ZN23settingsScreenPresenterD1Ev
                0x080002ca        0x8 build/ST/STM32F746G-DISCO/gui/src/settingsscreen_screen/settingsScreenPresenter.o
                0x080002ca                non-virtual thunk to settingsScreenPresenter::~settingsScreenPresenter()
 .text._ZN23settingsScreenPresenter8activateEv
                0x080002d2        0x2 build/ST/STM32F746G-DISCO/gui/src/settingsscreen_screen/settingsScreenPresenter.o
                0x080002d2                settingsScreenPresenter::activate()
 .text._ZN23settingsScreenPresenter10deactivateEv
                0x080002d4        0x2 build/ST/STM32F746G-DISCO/gui/src/settingsscreen_screen/settingsScreenPresenter.o
                0x080002d4                settingsScreenPresenter::deactivate()
 .text._ZN23settingsScreenPresenterD0Ev
                0x080002d6       0x12 build/ST/STM32F746G-DISCO/gui/src/settingsscreen_screen/settingsScreenPresenter.o
                0x080002d6                settingsScreenPresenter::~settingsScreenPresenter()
                0x080002e2                non-virtual thunk to settingsScreenPresenter::~settingsScreenPresenter()
 .text._ZN23settingsScreenPresenterC2ER18settingsScreenView
                0x080002e8       0x1c build/ST/STM32F746G-DISCO/gui/src/settingsscreen_screen/settingsScreenPresenter.o
                0x080002e8                settingsScreenPresenter::settingsScreenPresenter(settingsScreenView&)
                0x080002e8                settingsScreenPresenter::settingsScreenPresenter(settingsScreenView&)
 .text._ZN31dayNightSettingsScreenPresenterD2Ev
                0x08000304        0x2 build/ST/STM32F746G-DISCO/gui/src/daynightsettingsscreen_screen/dayNightSettingsScreenPresenter.o
                0x08000304                dayNightSettingsScreenPresenter::~dayNightSettingsScreenPresenter()
                0x08000304                dayNightSettingsScreenPresenter::~dayNightSettingsScreenPresenter()
 .text._ZN31dayNightSettingsScreenPresenterD1Ev
                0x08000306        0x8 build/ST/STM32F746G-DISCO/gui/src/daynightsettingsscreen_screen/dayNightSettingsScreenPresenter.o
                0x08000306                non-virtual thunk to dayNightSettingsScreenPresenter::~dayNightSettingsScreenPresenter()
 .text._ZN31dayNightSettingsScreenPresenter8activateEv
                0x0800030e        0x2 build/ST/STM32F746G-DISCO/gui/src/daynightsettingsscreen_screen/dayNightSettingsScreenPresenter.o
                0x0800030e                dayNightSettingsScreenPresenter::activate()
 .text._ZN31dayNightSettingsScreenPresenter10deactivateEv
                0x08000310        0x2 build/ST/STM32F746G-DISCO/gui/src/daynightsettingsscreen_screen/dayNightSettingsScreenPresenter.o
                0x08000310                dayNightSettingsScreenPresenter::deactivate()
 .text._ZN31dayNightSettingsScreenPresenterD0Ev
                0x08000312       0x12 build/ST/STM32F746G-DISCO/gui/src/daynightsettingsscreen_screen/dayNightSettingsScreenPresenter.o
                0x08000312                dayNightSettingsScreenPresenter::~dayNightSettingsScreenPresenter()
                0x0800031e                non-virtual thunk to dayNightSettingsScreenPresenter::~dayNightSettingsScreenPresenter()
 .text._ZN31dayNightSettingsScreenPresenterC2ER26dayNightSettingsScreenView
                0x08000324       0x1c build/ST/STM32F746G-DISCO/gui/src/daynightsettingsscreen_screen/dayNightSettingsScreenPresenter.o
                0x08000324                dayNightSettingsScreenPresenter::dayNightSettingsScreenPresenter(dayNightSettingsScreenView&)
                0x08000324                dayNightSettingsScreenPresenter::dayNightSettingsScreenPresenter(dayNightSettingsScreenView&)
 .text._ZN26dayNightSettingsScreenView11setupScreenEv
                0x08000340        0x2 build/ST/STM32F746G-DISCO/gui/src/daynightsettingsscreen_screen/dayNightSettingsScreenView.o
                0x08000340                dayNightSettingsScreenView::setupScreen()
 .text._ZN26dayNightSettingsScreenView14tearDownScreenEv
                0x08000342        0x2 build/ST/STM32F746G-DISCO/gui/src/daynightsettingsscreen_screen/dayNightSettingsScreenView.o
                0x08000342                dayNightSettingsScreenView::tearDownScreen()
 .text._ZN8touchgfx8CallbackI30dayNightSettingsScreenViewBaseRKNS_14AbstractButtonEvED2Ev
                0x08000344        0x2 build/ST/STM32F746G-DISCO/gui/src/daynightsettingsscreen_screen/dayNightSettingsScreenView.o
                0x08000344                touchgfx::Callback<dayNightSettingsScreenViewBase, touchgfx::AbstractButton const&, void>::~Callback()
                0x08000344                touchgfx::Callback<dayNightSettingsScreenViewBase, touchgfx::AbstractButton const&, void>::~Callback()
 .text._ZN8touchgfx8CallbackI30dayNightSettingsScreenViewBaseRKNS_14AbstractButtonEvE7executeES4_
                0x08000346       0x20 build/ST/STM32F746G-DISCO/gui/src/daynightsettingsscreen_screen/dayNightSettingsScreenView.o
                0x08000346                touchgfx::Callback<dayNightSettingsScreenViewBase, touchgfx::AbstractButton const&, void>::execute(touchgfx::AbstractButton const&)
 .text._ZNK8touchgfx8CallbackI30dayNightSettingsScreenViewBaseRKNS_14AbstractButtonEvE7isValidEv
                0x08000366       0x18 build/ST/STM32F746G-DISCO/gui/src/daynightsettingsscreen_screen/dayNightSettingsScreenView.o
                0x08000366                touchgfx::Callback<dayNightSettingsScreenViewBase, touchgfx::AbstractButton const&, void>::isValid() const
 .text._ZN8touchgfx8CallbackI30dayNightSettingsScreenViewBaseRKNS_14AbstractButtonEvED0Ev
                0x0800037e        0xc build/ST/STM32F746G-DISCO/gui/src/daynightsettingsscreen_screen/dayNightSettingsScreenView.o
                0x0800037e                touchgfx::Callback<dayNightSettingsScreenViewBase, touchgfx::AbstractButton const&, void>::~Callback()
 *fill*         0x0800038a        0x2 00000000
 .text._ZN26dayNightSettingsScreenViewC2Ev
                0x0800038c       0x14 build/ST/STM32F746G-DISCO/gui/src/daynightsettingsscreen_screen/dayNightSettingsScreenView.o
                0x0800038c                dayNightSettingsScreenView::dayNightSettingsScreenView()
                0x0800038c                dayNightSettingsScreenView::dayNightSettingsScreenView()
 .text._ZN8touchgfx14ButtonWithIconD2Ev
                0x080003a0        0x2 build/ST/STM32F746G-DISCO/gui/src/daynightsettingsscreen_screen/dayNightSettingsScreenView.o
                0x080003a0                touchgfx::ButtonWithIcon::~ButtonWithIcon()
                0x080003a0                touchgfx::ButtonWithIcon::~ButtonWithIcon()
 .text._ZN30dayNightSettingsScreenViewBaseD2Ev
                0x080003a2        0x2 build/ST/STM32F746G-DISCO/gui/src/daynightsettingsscreen_screen/dayNightSettingsScreenView.o
                0x080003a2                dayNightSettingsScreenViewBase::~dayNightSettingsScreenViewBase()
                0x080003a2                dayNightSettingsScreenViewBase::~dayNightSettingsScreenViewBase()
 .text._ZN30dayNightSettingsScreenViewBaseD0Ev
                0x080003a4        0xc build/ST/STM32F746G-DISCO/gui/src/daynightsettingsscreen_screen/dayNightSettingsScreenView.o
                0x080003a4                dayNightSettingsScreenViewBase::~dayNightSettingsScreenViewBase()
 .text._ZN26dayNightSettingsScreenViewD2Ev
                0x080003b0        0x2 build/ST/STM32F746G-DISCO/gui/src/daynightsettingsscreen_screen/dayNightSettingsScreenView.o
                0x080003b0                dayNightSettingsScreenView::~dayNightSettingsScreenView()
                0x080003b0                dayNightSettingsScreenView::~dayNightSettingsScreenView()
 .text._ZN26dayNightSettingsScreenViewD0Ev
                0x080003b2        0xc build/ST/STM32F746G-DISCO/gui/src/daynightsettingsscreen_screen/dayNightSettingsScreenView.o
                0x080003b2                dayNightSettingsScreenView::~dayNightSettingsScreenView()
 .text._ZN8touchgfx14ButtonWithIconD0Ev
                0x080003be        0xc build/ST/STM32F746G-DISCO/gui/src/daynightsettingsscreen_screen/dayNightSettingsScreenView.o
                0x080003be                touchgfx::ButtonWithIcon::~ButtonWithIcon()
 .text._ZN26dateTimeSettingsScreenView11setupScreenEv
                0x080003ca        0x2 build/ST/STM32F746G-DISCO/gui/src/datetimesettingsscreen_screen/dateTimeSettingsScreenView.o
                0x080003ca                dateTimeSettingsScreenView::setupScreen()
 .text._ZN26dateTimeSettingsScreenView14tearDownScreenEv
                0x080003cc        0x2 build/ST/STM32F746G-DISCO/gui/src/datetimesettingsscreen_screen/dateTimeSettingsScreenView.o
                0x080003cc                dateTimeSettingsScreenView::tearDownScreen()
 .text._ZN8touchgfx8CallbackI30dateTimeSettingsScreenViewBaseRKNS_14AbstractButtonEvED2Ev
                0x080003ce        0x2 build/ST/STM32F746G-DISCO/gui/src/datetimesettingsscreen_screen/dateTimeSettingsScreenView.o
                0x080003ce                touchgfx::Callback<dateTimeSettingsScreenViewBase, touchgfx::AbstractButton const&, void>::~Callback()
                0x080003ce                touchgfx::Callback<dateTimeSettingsScreenViewBase, touchgfx::AbstractButton const&, void>::~Callback()
 .text._ZN8touchgfx8CallbackI30dateTimeSettingsScreenViewBaseRKNS_14AbstractButtonEvE7executeES4_
                0x080003d0       0x20 build/ST/STM32F746G-DISCO/gui/src/datetimesettingsscreen_screen/dateTimeSettingsScreenView.o
                0x080003d0                touchgfx::Callback<dateTimeSettingsScreenViewBase, touchgfx::AbstractButton const&, void>::execute(touchgfx::AbstractButton const&)
 .text._ZNK8touchgfx8CallbackI30dateTimeSettingsScreenViewBaseRKNS_14AbstractButtonEvE7isValidEv
                0x080003f0       0x18 build/ST/STM32F746G-DISCO/gui/src/datetimesettingsscreen_screen/dateTimeSettingsScreenView.o
                0x080003f0                touchgfx::Callback<dateTimeSettingsScreenViewBase, touchgfx::AbstractButton const&, void>::isValid() const
 .text._ZN8touchgfx8CallbackI30dateTimeSettingsScreenViewBaseRKNS_14AbstractButtonEvED0Ev
                0x08000408        0xc build/ST/STM32F746G-DISCO/gui/src/datetimesettingsscreen_screen/dateTimeSettingsScreenView.o
                0x08000408                touchgfx::Callback<dateTimeSettingsScreenViewBase, touchgfx::AbstractButton const&, void>::~Callback()
 .text._ZN26dateTimeSettingsScreenViewC2Ev
                0x08000414       0x14 build/ST/STM32F746G-DISCO/gui/src/datetimesettingsscreen_screen/dateTimeSettingsScreenView.o
                0x08000414                dateTimeSettingsScreenView::dateTimeSettingsScreenView()
                0x08000414                dateTimeSettingsScreenView::dateTimeSettingsScreenView()
 .text._ZN30dateTimeSettingsScreenViewBaseD2Ev
                0x08000428        0x2 build/ST/STM32F746G-DISCO/gui/src/datetimesettingsscreen_screen/dateTimeSettingsScreenView.o
                0x08000428                dateTimeSettingsScreenViewBase::~dateTimeSettingsScreenViewBase()
                0x08000428                dateTimeSettingsScreenViewBase::~dateTimeSettingsScreenViewBase()
 .text._ZN30dateTimeSettingsScreenViewBaseD0Ev
                0x0800042a        0xc build/ST/STM32F746G-DISCO/gui/src/datetimesettingsscreen_screen/dateTimeSettingsScreenView.o
                0x0800042a                dateTimeSettingsScreenViewBase::~dateTimeSettingsScreenViewBase()
 .text._ZN26dateTimeSettingsScreenViewD2Ev
                0x08000436        0x2 build/ST/STM32F746G-DISCO/gui/src/datetimesettingsscreen_screen/dateTimeSettingsScreenView.o
                0x08000436                dateTimeSettingsScreenView::~dateTimeSettingsScreenView()
                0x08000436                dateTimeSettingsScreenView::~dateTimeSettingsScreenView()
 .text._ZN26dateTimeSettingsScreenViewD0Ev
                0x08000438        0xc build/ST/STM32F746G-DISCO/gui/src/datetimesettingsscreen_screen/dateTimeSettingsScreenView.o
                0x08000438                dateTimeSettingsScreenView::~dateTimeSettingsScreenView()
 .text._ZN31dateTimeSettingsScreenPresenterD2Ev
                0x08000444        0x2 build/ST/STM32F746G-DISCO/gui/src/datetimesettingsscreen_screen/dateTimeSettingsScreenPresenter.o
                0x08000444                dateTimeSettingsScreenPresenter::~dateTimeSettingsScreenPresenter()
                0x08000444                dateTimeSettingsScreenPresenter::~dateTimeSettingsScreenPresenter()
 .text._ZN31dateTimeSettingsScreenPresenterD1Ev
                0x08000446        0x8 build/ST/STM32F746G-DISCO/gui/src/datetimesettingsscreen_screen/dateTimeSettingsScreenPresenter.o
                0x08000446                non-virtual thunk to dateTimeSettingsScreenPresenter::~dateTimeSettingsScreenPresenter()
 .text._ZN31dateTimeSettingsScreenPresenter8activateEv
                0x0800044e        0x2 build/ST/STM32F746G-DISCO/gui/src/datetimesettingsscreen_screen/dateTimeSettingsScreenPresenter.o
                0x0800044e                dateTimeSettingsScreenPresenter::activate()
 .text._ZN31dateTimeSettingsScreenPresenter10deactivateEv
                0x08000450        0x2 build/ST/STM32F746G-DISCO/gui/src/datetimesettingsscreen_screen/dateTimeSettingsScreenPresenter.o
                0x08000450                dateTimeSettingsScreenPresenter::deactivate()
 .text._ZN31dateTimeSettingsScreenPresenterD0Ev
                0x08000452       0x12 build/ST/STM32F746G-DISCO/gui/src/datetimesettingsscreen_screen/dateTimeSettingsScreenPresenter.o
                0x08000452                dateTimeSettingsScreenPresenter::~dateTimeSettingsScreenPresenter()
                0x0800045e                non-virtual thunk to dateTimeSettingsScreenPresenter::~dateTimeSettingsScreenPresenter()
 .text._ZN31dateTimeSettingsScreenPresenterC2ER26dateTimeSettingsScreenView
                0x08000464       0x1c build/ST/STM32F746G-DISCO/gui/src/datetimesettingsscreen_screen/dateTimeSettingsScreenPresenter.o
                0x08000464                dateTimeSettingsScreenPresenter::dateTimeSettingsScreenPresenter(dateTimeSettingsScreenView&)
                0x08000464                dateTimeSettingsScreenPresenter::dateTimeSettingsScreenPresenter(dateTimeSettingsScreenView&)
 .text._ZN14mainScreenView11setupScreenEv
                0x08000480        0x2 build/ST/STM32F746G-DISCO/gui/src/mainscreen_screen/mainScreenView.o
                0x08000480                mainScreenView::setupScreen()
 .text._ZN14mainScreenView14tearDownScreenEv
                0x08000482        0x2 build/ST/STM32F746G-DISCO/gui/src/mainscreen_screen/mainScreenView.o
                0x08000482                mainScreenView::tearDownScreen()
 .text._ZN8touchgfx8CallbackINS_16RadioButtonGroupILt3EEERKNS_14AbstractButtonEvED2Ev
                0x08000484        0x2 build/ST/STM32F746G-DISCO/gui/src/mainscreen_screen/mainScreenView.o
                0x08000484                touchgfx::Callback<touchgfx::RadioButtonGroup<(unsigned short)3>, touchgfx::AbstractButton const&, void>::~Callback()
                0x08000484                touchgfx::Callback<touchgfx::RadioButtonGroup<(unsigned short)3>, touchgfx::AbstractButton const&, void>::~Callback()
 .text._ZN8touchgfx16RadioButtonGroupILt3EED2Ev
                0x08000486        0x2 build/ST/STM32F746G-DISCO/gui/src/mainscreen_screen/mainScreenView.o
                0x08000486                touchgfx::RadioButtonGroup<(unsigned short)3>::~RadioButtonGroup()
                0x08000486                touchgfx::RadioButtonGroup<(unsigned short)3>::~RadioButtonGroup()
 .text._ZN8touchgfx8CallbackI18mainScreenViewBaseRKNS_14AbstractButtonEvED2Ev
                0x08000488        0x2 build/ST/STM32F746G-DISCO/gui/src/mainscreen_screen/mainScreenView.o
                0x08000488                touchgfx::Callback<mainScreenViewBase, touchgfx::AbstractButton const&, void>::~Callback()
                0x08000488                touchgfx::Callback<mainScreenViewBase, touchgfx::AbstractButton const&, void>::~Callback()
 .text._ZNK8touchgfx16RadioButtonGroupILt3EE14getRadioButtonEt
                0x0800048a       0x10 build/ST/STM32F746G-DISCO/gui/src/mainscreen_screen/mainScreenView.o
                0x0800048a                touchgfx::RadioButtonGroup<(unsigned short)3>::getRadioButton(unsigned short) const
 .text._ZNK8touchgfx16RadioButtonGroupILt3EE27getSelectedRadioButtonIndexEv
                0x0800049a       0x26 build/ST/STM32F746G-DISCO/gui/src/mainscreen_screen/mainScreenView.o
                0x0800049a                touchgfx::RadioButtonGroup<(unsigned short)3>::getSelectedRadioButtonIndex() const
 .text._ZNK8touchgfx16RadioButtonGroupILt3EE22getSelectedRadioButtonEv
                0x080004c0       0x20 build/ST/STM32F746G-DISCO/gui/src/mainscreen_screen/mainScreenView.o
                0x080004c0                touchgfx::RadioButtonGroup<(unsigned short)3>::getSelectedRadioButton() const
 .text._ZN8touchgfx16RadioButtonGroupILt3EE21setDeselectionEnabledEb
                0x080004e0       0x1c build/ST/STM32F746G-DISCO/gui/src/mainscreen_screen/mainScreenView.o
                0x080004e0                touchgfx::RadioButtonGroup<(unsigned short)3>::setDeselectionEnabled(bool)
 .text._ZNK8touchgfx16RadioButtonGroupILt3EE21getDeselectionEnabledEv
                0x080004fc       0x10 build/ST/STM32F746G-DISCO/gui/src/mainscreen_screen/mainScreenView.o
                0x080004fc                touchgfx::RadioButtonGroup<(unsigned short)3>::getDeselectionEnabled() const
 .text._ZN8touchgfx8CallbackINS_16RadioButtonGroupILt3EEERKNS_14AbstractButtonEvE7executeES5_
                0x0800050c       0x20 build/ST/STM32F746G-DISCO/gui/src/mainscreen_screen/mainScreenView.o
                0x0800050c                touchgfx::Callback<touchgfx::RadioButtonGroup<(unsigned short)3>, touchgfx::AbstractButton const&, void>::execute(touchgfx::AbstractButton const&)
 .text._ZNK8touchgfx8CallbackINS_16RadioButtonGroupILt3EEERKNS_14AbstractButtonEvE7isValidEv
                0x0800052c       0x18 build/ST/STM32F746G-DISCO/gui/src/mainscreen_screen/mainScreenView.o
                0x0800052c                touchgfx::Callback<touchgfx::RadioButtonGroup<(unsigned short)3>, touchgfx::AbstractButton const&, void>::isValid() const
 .text._ZN8touchgfx8CallbackI18mainScreenViewBaseRKNS_14AbstractButtonEvE7executeES4_
                0x08000544       0x20 build/ST/STM32F746G-DISCO/gui/src/mainscreen_screen/mainScreenView.o
                0x08000544                touchgfx::Callback<mainScreenViewBase, touchgfx::AbstractButton const&, void>::execute(touchgfx::AbstractButton const&)
 .text._ZNK8touchgfx8CallbackI18mainScreenViewBaseRKNS_14AbstractButtonEvE7isValidEv
                0x08000564       0x18 build/ST/STM32F746G-DISCO/gui/src/mainscreen_screen/mainScreenView.o
                0x08000564                touchgfx::Callback<mainScreenViewBase, touchgfx::AbstractButton const&, void>::isValid() const
 .text._ZN8touchgfx8CallbackI18mainScreenViewBaseRKNS_14AbstractButtonEvED0Ev
                0x0800057c        0xc build/ST/STM32F746G-DISCO/gui/src/mainscreen_screen/mainScreenView.o
                0x0800057c                touchgfx::Callback<mainScreenViewBase, touchgfx::AbstractButton const&, void>::~Callback()
 .text._ZN8touchgfx16RadioButtonGroupILt3EED0Ev
                0x08000588        0xc build/ST/STM32F746G-DISCO/gui/src/mainscreen_screen/mainScreenView.o
                0x08000588                touchgfx::RadioButtonGroup<(unsigned short)3>::~RadioButtonGroup()
 .text._ZN8touchgfx8CallbackINS_16RadioButtonGroupILt3EEERKNS_14AbstractButtonEvED0Ev
                0x08000594        0xc build/ST/STM32F746G-DISCO/gui/src/mainscreen_screen/mainScreenView.o
                0x08000594                touchgfx::Callback<touchgfx::RadioButtonGroup<(unsigned short)3>, touchgfx::AbstractButton const&, void>::~Callback()
 .text._ZN8touchgfx16RadioButtonGroupILt3EE11setSelectedERNS_11RadioButtonE
                0x080005a0       0x1c build/ST/STM32F746G-DISCO/gui/src/mainscreen_screen/mainScreenView.o
                0x080005a0                touchgfx::RadioButtonGroup<(unsigned short)3>::setSelected(touchgfx::RadioButton&)
 .text._ZN8touchgfx16RadioButtonGroupILt3EE28radioButtonDeselectedHandlerERKNS_14AbstractButtonE
                0x080005bc       0x22 build/ST/STM32F746G-DISCO/gui/src/mainscreen_screen/mainScreenView.o
                0x080005bc                touchgfx::RadioButtonGroup<(unsigned short)3>::radioButtonDeselectedHandler(touchgfx::AbstractButton const&)
 *fill*         0x080005de        0x2 00000000
 .text._ZN8touchgfx16RadioButtonGroupILt3EE3addERNS_11RadioButtonE
                0x080005e0       0x3c build/ST/STM32F746G-DISCO/gui/src/mainscreen_screen/mainScreenView.o
                0x080005e0                touchgfx::RadioButtonGroup<(unsigned short)3>::add(touchgfx::RadioButton&)
 .text._ZN8touchgfx16RadioButtonGroupILt3EE25radioButtonClickedHandlerERKNS_14AbstractButtonE
                0x0800061c       0x46 build/ST/STM32F746G-DISCO/gui/src/mainscreen_screen/mainScreenView.o
                0x0800061c                touchgfx::RadioButtonGroup<(unsigned short)3>::radioButtonClickedHandler(touchgfx::AbstractButton const&)
 .text._ZN18mainScreenViewBaseD2Ev
                0x08000662        0x2 build/ST/STM32F746G-DISCO/gui/src/mainscreen_screen/mainScreenView.o
                0x08000662                mainScreenViewBase::~mainScreenViewBase()
                0x08000662                mainScreenViewBase::~mainScreenViewBase()
 .text._ZN18mainScreenViewBaseD0Ev
                0x08000664        0xc build/ST/STM32F746G-DISCO/gui/src/mainscreen_screen/mainScreenView.o
                0x08000664                mainScreenViewBase::~mainScreenViewBase()
 .text._ZN14mainScreenViewD2Ev
                0x08000670        0x2 build/ST/STM32F746G-DISCO/gui/src/mainscreen_screen/mainScreenView.o
                0x08000670                mainScreenView::~mainScreenView()
                0x08000670                mainScreenView::~mainScreenView()
 .text._ZN14mainScreenViewD0Ev
                0x08000672        0xc build/ST/STM32F746G-DISCO/gui/src/mainscreen_screen/mainScreenView.o
                0x08000672                mainScreenView::~mainScreenView()
 *fill*         0x0800067e        0x2 00000000
 .text._ZN14mainScreenViewC2Ev
                0x08000680       0x14 build/ST/STM32F746G-DISCO/gui/src/mainscreen_screen/mainScreenView.o
                0x08000680                mainScreenView::mainScreenView()
                0x08000680                mainScreenView::mainScreenView()
 .text._ZN19mainScreenPresenterD2Ev
                0x08000694        0x2 build/ST/STM32F746G-DISCO/gui/src/mainscreen_screen/mainScreenPresenter.o
                0x08000694                mainScreenPresenter::~mainScreenPresenter()
                0x08000694                mainScreenPresenter::~mainScreenPresenter()
 .text._ZN19mainScreenPresenterD1Ev
                0x08000696        0x8 build/ST/STM32F746G-DISCO/gui/src/mainscreen_screen/mainScreenPresenter.o
                0x08000696                non-virtual thunk to mainScreenPresenter::~mainScreenPresenter()
 .text._ZN19mainScreenPresenter8activateEv
                0x0800069e        0x2 build/ST/STM32F746G-DISCO/gui/src/mainscreen_screen/mainScreenPresenter.o
                0x0800069e                mainScreenPresenter::activate()
 .text._ZN19mainScreenPresenter10deactivateEv
                0x080006a0        0x2 build/ST/STM32F746G-DISCO/gui/src/mainscreen_screen/mainScreenPresenter.o
                0x080006a0                mainScreenPresenter::deactivate()
 .text._ZN19mainScreenPresenterD0Ev
                0x080006a2       0x12 build/ST/STM32F746G-DISCO/gui/src/mainscreen_screen/mainScreenPresenter.o
                0x080006a2                mainScreenPresenter::~mainScreenPresenter()
                0x080006ae                non-virtual thunk to mainScreenPresenter::~mainScreenPresenter()
 .text._ZN19mainScreenPresenterC2ER14mainScreenView
                0x080006b4       0x1c build/ST/STM32F746G-DISCO/gui/src/mainscreen_screen/mainScreenPresenter.o
                0x080006b4                mainScreenPresenter::mainScreenPresenter(mainScreenView&)
                0x080006b4                mainScreenPresenter::mainScreenPresenter(mainScreenView&)
 .text._ZN31opConfigSettingsScreenPresenterD2Ev
                0x080006d0        0x2 build/ST/STM32F746G-DISCO/gui/src/opconfigsettingsscreen_screen/opConfigSettingsScreenPresenter.o
                0x080006d0                opConfigSettingsScreenPresenter::~opConfigSettingsScreenPresenter()
                0x080006d0                opConfigSettingsScreenPresenter::~opConfigSettingsScreenPresenter()
 .text._ZN31opConfigSettingsScreenPresenterD1Ev
                0x080006d2        0x8 build/ST/STM32F746G-DISCO/gui/src/opconfigsettingsscreen_screen/opConfigSettingsScreenPresenter.o
                0x080006d2                non-virtual thunk to opConfigSettingsScreenPresenter::~opConfigSettingsScreenPresenter()
 .text._ZN31opConfigSettingsScreenPresenter8activateEv
                0x080006da        0x2 build/ST/STM32F746G-DISCO/gui/src/opconfigsettingsscreen_screen/opConfigSettingsScreenPresenter.o
                0x080006da                opConfigSettingsScreenPresenter::activate()
 .text._ZN31opConfigSettingsScreenPresenter10deactivateEv
                0x080006dc        0x2 build/ST/STM32F746G-DISCO/gui/src/opconfigsettingsscreen_screen/opConfigSettingsScreenPresenter.o
                0x080006dc                opConfigSettingsScreenPresenter::deactivate()
 .text._ZN31opConfigSettingsScreenPresenterD0Ev
                0x080006de       0x12 build/ST/STM32F746G-DISCO/gui/src/opconfigsettingsscreen_screen/opConfigSettingsScreenPresenter.o
                0x080006de                opConfigSettingsScreenPresenter::~opConfigSettingsScreenPresenter()
                0x080006ea                non-virtual thunk to opConfigSettingsScreenPresenter::~opConfigSettingsScreenPresenter()
 .text._ZN31opConfigSettingsScreenPresenterC2ER26opConfigSettingsScreenView
                0x080006f0       0x1c build/ST/STM32F746G-DISCO/gui/src/opconfigsettingsscreen_screen/opConfigSettingsScreenPresenter.o
                0x080006f0                opConfigSettingsScreenPresenter::opConfigSettingsScreenPresenter(opConfigSettingsScreenView&)
                0x080006f0                opConfigSettingsScreenPresenter::opConfigSettingsScreenPresenter(opConfigSettingsScreenView&)
 .text._ZN26opConfigSettingsScreenView11setupScreenEv
                0x0800070c        0x2 build/ST/STM32F746G-DISCO/gui/src/opconfigsettingsscreen_screen/opConfigSettingsScreenView.o
                0x0800070c                opConfigSettingsScreenView::setupScreen()
 .text._ZN26opConfigSettingsScreenView14tearDownScreenEv
                0x0800070e        0x2 build/ST/STM32F746G-DISCO/gui/src/opconfigsettingsscreen_screen/opConfigSettingsScreenView.o
                0x0800070e                opConfigSettingsScreenView::tearDownScreen()
 .text._ZN8touchgfx8CallbackI30opConfigSettingsScreenViewBaseRKNS_14AbstractButtonEvED2Ev
                0x08000710        0x2 build/ST/STM32F746G-DISCO/gui/src/opconfigsettingsscreen_screen/opConfigSettingsScreenView.o
                0x08000710                touchgfx::Callback<opConfigSettingsScreenViewBase, touchgfx::AbstractButton const&, void>::~Callback()
                0x08000710                touchgfx::Callback<opConfigSettingsScreenViewBase, touchgfx::AbstractButton const&, void>::~Callback()
 .text._ZN8touchgfx8CallbackI30opConfigSettingsScreenViewBaseRKNS_14AbstractButtonEvE7executeES4_
                0x08000712       0x20 build/ST/STM32F746G-DISCO/gui/src/opconfigsettingsscreen_screen/opConfigSettingsScreenView.o
                0x08000712                touchgfx::Callback<opConfigSettingsScreenViewBase, touchgfx::AbstractButton const&, void>::execute(touchgfx::AbstractButton const&)
 .text._ZNK8touchgfx8CallbackI30opConfigSettingsScreenViewBaseRKNS_14AbstractButtonEvE7isValidEv
                0x08000732       0x18 build/ST/STM32F746G-DISCO/gui/src/opconfigsettingsscreen_screen/opConfigSettingsScreenView.o
                0x08000732                touchgfx::Callback<opConfigSettingsScreenViewBase, touchgfx::AbstractButton const&, void>::isValid() const
 .text._ZN8touchgfx8CallbackI30opConfigSettingsScreenViewBaseRKNS_14AbstractButtonEvED0Ev
                0x0800074a        0xc build/ST/STM32F746G-DISCO/gui/src/opconfigsettingsscreen_screen/opConfigSettingsScreenView.o
                0x0800074a                touchgfx::Callback<opConfigSettingsScreenViewBase, touchgfx::AbstractButton const&, void>::~Callback()
 *fill*         0x08000756        0x2 00000000
 .text._ZN26opConfigSettingsScreenViewC2Ev
                0x08000758       0x14 build/ST/STM32F746G-DISCO/gui/src/opconfigsettingsscreen_screen/opConfigSettingsScreenView.o
                0x08000758                opConfigSettingsScreenView::opConfigSettingsScreenView()
                0x08000758                opConfigSettingsScreenView::opConfigSettingsScreenView()
 .text._ZN8touchgfx12ToggleButtonD2Ev
                0x0800076c        0x2 build/ST/STM32F746G-DISCO/gui/src/opconfigsettingsscreen_screen/opConfigSettingsScreenView.o
                0x0800076c                touchgfx::ToggleButton::~ToggleButton()
                0x0800076c                touchgfx::ToggleButton::~ToggleButton()
 .text._ZN30opConfigSettingsScreenViewBaseD2Ev
                0x0800076e        0x2 build/ST/STM32F746G-DISCO/gui/src/opconfigsettingsscreen_screen/opConfigSettingsScreenView.o
                0x0800076e                opConfigSettingsScreenViewBase::~opConfigSettingsScreenViewBase()
                0x0800076e                opConfigSettingsScreenViewBase::~opConfigSettingsScreenViewBase()
 .text._ZN30opConfigSettingsScreenViewBaseD0Ev
                0x08000770        0xc build/ST/STM32F746G-DISCO/gui/src/opconfigsettingsscreen_screen/opConfigSettingsScreenView.o
                0x08000770                opConfigSettingsScreenViewBase::~opConfigSettingsScreenViewBase()
 .text._ZN26opConfigSettingsScreenViewD2Ev
                0x0800077c        0x2 build/ST/STM32F746G-DISCO/gui/src/opconfigsettingsscreen_screen/opConfigSettingsScreenView.o
                0x0800077c                opConfigSettingsScreenView::~opConfigSettingsScreenView()
                0x0800077c                opConfigSettingsScreenView::~opConfigSettingsScreenView()
 .text._ZN26opConfigSettingsScreenViewD0Ev
                0x0800077e        0xc build/ST/STM32F746G-DISCO/gui/src/opconfigsettingsscreen_screen/opConfigSettingsScreenView.o
                0x0800077e                opConfigSettingsScreenView::~opConfigSettingsScreenView()
 .text._ZN8touchgfx12ToggleButtonD0Ev
                0x0800078a        0xc build/ST/STM32F746G-DISCO/gui/src/opconfigsettingsscreen_screen/opConfigSettingsScreenView.o
                0x0800078a                touchgfx::ToggleButton::~ToggleButton()
 .text._ZN5ModelC2Ev
                0x08000796        0x6 build/ST/STM32F746G-DISCO/gui/src/model/Model.o
                0x08000796                Model::Model()
                0x08000796                Model::Model()
 .text._ZN5Model4tickEv
                0x0800079c        0x2 build/ST/STM32F746G-DISCO/gui/src/model/Model.o
                0x0800079c                Model::tick()
 .text._ZN31tempHumiSettingsScreenPresenterD2Ev
                0x0800079e        0x2 build/ST/STM32F746G-DISCO/gui/src/temphumisettingsscreen_screen/tempHumiSettingsScreenPresenter.o
                0x0800079e                tempHumiSettingsScreenPresenter::~tempHumiSettingsScreenPresenter()
                0x0800079e                tempHumiSettingsScreenPresenter::~tempHumiSettingsScreenPresenter()
 .text._ZN31tempHumiSettingsScreenPresenterD1Ev
                0x080007a0        0x8 build/ST/STM32F746G-DISCO/gui/src/temphumisettingsscreen_screen/tempHumiSettingsScreenPresenter.o
                0x080007a0                non-virtual thunk to tempHumiSettingsScreenPresenter::~tempHumiSettingsScreenPresenter()
 .text._ZN31tempHumiSettingsScreenPresenter8activateEv
                0x080007a8        0x2 build/ST/STM32F746G-DISCO/gui/src/temphumisettingsscreen_screen/tempHumiSettingsScreenPresenter.o
                0x080007a8                tempHumiSettingsScreenPresenter::activate()
 .text._ZN31tempHumiSettingsScreenPresenter10deactivateEv
                0x080007aa        0x2 build/ST/STM32F746G-DISCO/gui/src/temphumisettingsscreen_screen/tempHumiSettingsScreenPresenter.o
                0x080007aa                tempHumiSettingsScreenPresenter::deactivate()
 .text._ZN31tempHumiSettingsScreenPresenterD0Ev
                0x080007ac       0x12 build/ST/STM32F746G-DISCO/gui/src/temphumisettingsscreen_screen/tempHumiSettingsScreenPresenter.o
                0x080007ac                tempHumiSettingsScreenPresenter::~tempHumiSettingsScreenPresenter()
                0x080007b8                non-virtual thunk to tempHumiSettingsScreenPresenter::~tempHumiSettingsScreenPresenter()
 *fill*         0x080007be        0x2 00000000
 .text._ZN31tempHumiSettingsScreenPresenterC2ER26tempHumiSettingsScreenView
                0x080007c0       0x1c build/ST/STM32F746G-DISCO/gui/src/temphumisettingsscreen_screen/tempHumiSettingsScreenPresenter.o
                0x080007c0                tempHumiSettingsScreenPresenter::tempHumiSettingsScreenPresenter(tempHumiSettingsScreenView&)
                0x080007c0                tempHumiSettingsScreenPresenter::tempHumiSettingsScreenPresenter(tempHumiSettingsScreenView&)
 .text._ZNK8touchgfx8TextArea12getSolidRectEv
                0x080007dc        0xc build/ST/STM32F746G-DISCO/gui/src/temphumisettingsscreen_screen/tempHumiSettingsScreenView.o
                0x080007dc                touchgfx::TextArea::getSolidRect() const
 .text._ZN8touchgfx8TextArea13setXBaselineYEss
                0x080007e8       0x1a build/ST/STM32F746G-DISCO/gui/src/temphumisettingsscreen_screen/tempHumiSettingsScreenView.o
                0x080007e8                touchgfx::TextArea::setXBaselineY(short, short)
 .text._ZNK8touchgfx8TextArea7getTypeEv
                0x08000802        0x4 build/ST/STM32F746G-DISCO/gui/src/temphumisettingsscreen_screen/tempHumiSettingsScreenView.o
                0x08000802                touchgfx::TextArea::getType() const
 .text._ZNK8touchgfx23TextAreaWithOneWildcard7getTypeEv
                0x08000806        0x4 build/ST/STM32F746G-DISCO/gui/src/temphumisettingsscreen_screen/tempHumiSettingsScreenView.o
                0x08000806                touchgfx::TextAreaWithOneWildcard::getType() const
 .text._ZN26tempHumiSettingsScreenView11setupScreenEv
                0x0800080a        0x2 build/ST/STM32F746G-DISCO/gui/src/temphumisettingsscreen_screen/tempHumiSettingsScreenView.o
                0x0800080a                tempHumiSettingsScreenView::setupScreen()
 .text._ZN26tempHumiSettingsScreenView14tearDownScreenEv
                0x0800080c        0x2 build/ST/STM32F746G-DISCO/gui/src/temphumisettingsscreen_screen/tempHumiSettingsScreenView.o
                0x0800080c                tempHumiSettingsScreenView::tearDownScreen()
 .text._ZN8touchgfx23TextAreaWithOneWildcardD2Ev
                0x0800080e        0x2 build/ST/STM32F746G-DISCO/gui/src/temphumisettingsscreen_screen/tempHumiSettingsScreenView.o
                0x0800080e                touchgfx::TextAreaWithOneWildcard::~TextAreaWithOneWildcard()
                0x0800080e                touchgfx::TextAreaWithOneWildcard::~TextAreaWithOneWildcard()
 .text._ZN8touchgfx8CallbackI30tempHumiSettingsScreenViewBaseRKNS_14AbstractButtonEvED2Ev
                0x08000810        0x2 build/ST/STM32F746G-DISCO/gui/src/temphumisettingsscreen_screen/tempHumiSettingsScreenView.o
                0x08000810                touchgfx::Callback<tempHumiSettingsScreenViewBase, touchgfx::AbstractButton const&, void>::~Callback()
                0x08000810                touchgfx::Callback<tempHumiSettingsScreenViewBase, touchgfx::AbstractButton const&, void>::~Callback()
 .text._ZN8touchgfx8CallbackI30tempHumiSettingsScreenViewBaseRKNS_14AbstractButtonEvE7executeES4_
                0x08000812       0x20 build/ST/STM32F746G-DISCO/gui/src/temphumisettingsscreen_screen/tempHumiSettingsScreenView.o
                0x08000812                touchgfx::Callback<tempHumiSettingsScreenViewBase, touchgfx::AbstractButton const&, void>::execute(touchgfx::AbstractButton const&)
 .text._ZNK8touchgfx8CallbackI30tempHumiSettingsScreenViewBaseRKNS_14AbstractButtonEvE7isValidEv
                0x08000832       0x18 build/ST/STM32F746G-DISCO/gui/src/temphumisettingsscreen_screen/tempHumiSettingsScreenView.o
                0x08000832                touchgfx::Callback<tempHumiSettingsScreenViewBase, touchgfx::AbstractButton const&, void>::isValid() const
 .text._ZN8touchgfx23TextAreaWithOneWildcardD0Ev
                0x0800084a        0xc build/ST/STM32F746G-DISCO/gui/src/temphumisettingsscreen_screen/tempHumiSettingsScreenView.o
                0x0800084a                touchgfx::TextAreaWithOneWildcard::~TextAreaWithOneWildcard()
 .text._ZN8touchgfx8CallbackI30tempHumiSettingsScreenViewBaseRKNS_14AbstractButtonEvED0Ev
                0x08000856        0xc build/ST/STM32F746G-DISCO/gui/src/temphumisettingsscreen_screen/tempHumiSettingsScreenView.o
                0x08000856                touchgfx::Callback<tempHumiSettingsScreenViewBase, touchgfx::AbstractButton const&, void>::~Callback()
 *fill*         0x08000862        0x2 00000000
 .text._ZNK8touchgfx9TypedText11assertValidEv
                0x08000864       0x44 build/ST/STM32F746G-DISCO/gui/src/temphumisettingsscreen_screen/tempHumiSettingsScreenView.o
                0x08000864                touchgfx::TypedText::assertValid() const
 .text._ZNK8touchgfx9TypedText7getFontEv
                0x080008a8       0x24 build/ST/STM32F746G-DISCO/gui/src/temphumisettingsscreen_screen/tempHumiSettingsScreenView.o
                0x080008a8                touchgfx::TypedText::getFont() const
 .text._ZN8touchgfx8TextArea12setBaselineYEs
                0x080008cc       0x28 build/ST/STM32F746G-DISCO/gui/src/temphumisettingsscreen_screen/tempHumiSettingsScreenView.o
                0x080008cc                touchgfx::TextArea::setBaselineY(short)
 .text._ZNK8touchgfx9TypedText7getTextEv
                0x080008f4       0x18 build/ST/STM32F746G-DISCO/gui/src/temphumisettingsscreen_screen/tempHumiSettingsScreenView.o
                0x080008f4                touchgfx::TypedText::getText() const
 .text._ZNK8touchgfx23TextAreaWithOneWildcard12getTextWidthEv
                0x0800090c       0x54 build/ST/STM32F746G-DISCO/gui/src/temphumisettingsscreen_screen/tempHumiSettingsScreenView.o
                0x0800090c                touchgfx::TextAreaWithOneWildcard::getTextWidth() const
 .text._ZN8touchgfx23TextAreaWithOneWildcard13getTextHeightEv
                0x08000960       0x26 build/ST/STM32F746G-DISCO/gui/src/temphumisettingsscreen_screen/tempHumiSettingsScreenView.o
                0x08000960                touchgfx::TextAreaWithOneWildcard::getTextHeight()
 *fill*         0x08000986        0x2 00000000
 .text._ZNK8touchgfx23TextAreaWithOneWildcard4drawERKNS_4RectE
                0x08000988       0xbc build/ST/STM32F746G-DISCO/gui/src/temphumisettingsscreen_screen/tempHumiSettingsScreenView.o
                0x08000988                touchgfx::TextAreaWithOneWildcard::draw(touchgfx::Rect const&) const
 .text._ZN26tempHumiSettingsScreenViewC2Ev
                0x08000a44       0x14 build/ST/STM32F746G-DISCO/gui/src/temphumisettingsscreen_screen/tempHumiSettingsScreenView.o
                0x08000a44                tempHumiSettingsScreenView::tempHumiSettingsScreenView()
                0x08000a44                tempHumiSettingsScreenView::tempHumiSettingsScreenView()
 .text._ZN30tempHumiSettingsScreenViewBaseD2Ev
                0x08000a58       0x30 build/ST/STM32F746G-DISCO/gui/src/temphumisettingsscreen_screen/tempHumiSettingsScreenView.o
                0x08000a58                tempHumiSettingsScreenViewBase::~tempHumiSettingsScreenViewBase()
                0x08000a58                tempHumiSettingsScreenViewBase::~tempHumiSettingsScreenViewBase()
 .text._ZN30tempHumiSettingsScreenViewBaseD0Ev
                0x08000a88       0x12 build/ST/STM32F746G-DISCO/gui/src/temphumisettingsscreen_screen/tempHumiSettingsScreenView.o
                0x08000a88                tempHumiSettingsScreenViewBase::~tempHumiSettingsScreenViewBase()
 *fill*         0x08000a9a        0x2 00000000
 .text._ZN26tempHumiSettingsScreenViewD2Ev
                0x08000a9c       0x14 build/ST/STM32F746G-DISCO/gui/src/temphumisettingsscreen_screen/tempHumiSettingsScreenView.o
                0x08000a9c                tempHumiSettingsScreenView::~tempHumiSettingsScreenView()
                0x08000a9c                tempHumiSettingsScreenView::~tempHumiSettingsScreenView()
 .text._ZN26tempHumiSettingsScreenViewD0Ev
                0x08000ab0       0x12 build/ST/STM32F746G-DISCO/gui/src/temphumisettingsscreen_screen/tempHumiSettingsScreenView.o
                0x08000ab0                tempHumiSettingsScreenView::~tempHumiSettingsScreenView()
 .text._ZN8touchgfx11Application15appSwitchScreenEh
                0x08000ac2        0x2 build/ST/STM32F746G-DISCO/gui/src/common/FrontendApplication.o
                0x08000ac2                touchgfx::Application::appSwitchScreen(unsigned char)
 .text._ZN23FrontendApplicationBaseD2Ev
                0x08000ac4        0x2 build/ST/STM32F746G-DISCO/gui/src/common/FrontendApplication.o
                0x08000ac4                FrontendApplicationBase::~FrontendApplicationBase()
                0x08000ac4                FrontendApplicationBase::~FrontendApplicationBase()
 .text._ZN19FrontendApplicationD2Ev
                0x08000ac6        0x2 build/ST/STM32F746G-DISCO/gui/src/common/FrontendApplication.o
                0x08000ac6                FrontendApplication::~FrontendApplication()
                0x08000ac6                FrontendApplication::~FrontendApplication()
 .text._ZN8touchgfx8CallbackI23FrontendApplicationBasevvED2Ev
                0x08000ac8        0x2 build/ST/STM32F746G-DISCO/gui/src/common/FrontendApplication.o
                0x08000ac8                touchgfx::Callback<FrontendApplicationBase, void, void>::~Callback()
                0x08000ac8                touchgfx::Callback<FrontendApplicationBase, void, void>::~Callback()
 .text._ZN8touchgfx8CallbackI23FrontendApplicationBasevvE7executeEv
                0x08000aca       0x1a build/ST/STM32F746G-DISCO/gui/src/common/FrontendApplication.o
                0x08000aca                touchgfx::Callback<FrontendApplicationBase, void, void>::execute()
 .text._ZNK8touchgfx8CallbackI23FrontendApplicationBasevvE7isValidEv
                0x08000ae4       0x18 build/ST/STM32F746G-DISCO/gui/src/common/FrontendApplication.o
                0x08000ae4                touchgfx::Callback<FrontendApplicationBase, void, void>::isValid() const
 .text._ZN23FrontendApplicationBaseD0Ev
                0x08000afc        0xc build/ST/STM32F746G-DISCO/gui/src/common/FrontendApplication.o
                0x08000afc                FrontendApplicationBase::~FrontendApplicationBase()
 .text._ZN19FrontendApplicationD0Ev
                0x08000b08        0xc build/ST/STM32F746G-DISCO/gui/src/common/FrontendApplication.o
                0x08000b08                FrontendApplication::~FrontendApplication()
 .text._ZN8touchgfx8CallbackI23FrontendApplicationBasevvED0Ev
                0x08000b14        0xc build/ST/STM32F746G-DISCO/gui/src/common/FrontendApplication.o
                0x08000b14                touchgfx::Callback<FrontendApplicationBase, void, void>::~Callback()
 .text._ZN19FrontendApplication15handleTickEventEv
                0x08000b20       0x16 build/ST/STM32F746G-DISCO/gui/src/common/FrontendApplication.o
                0x08000b20                FrontendApplication::handleTickEvent()
 .text._ZN8touchgfx14MVPApplication29handlePendingScreenTransitionEv
                0x08000b36       0x24 build/ST/STM32F746G-DISCO/gui/src/common/FrontendApplication.o
                0x08000b36                touchgfx::MVPApplication::handlePendingScreenTransition()
 *fill*         0x08000b5a        0x2 00000000
 .text._ZN19FrontendApplicationC2ER5ModelR12FrontendHeap
                0x08000b5c       0x14 build/ST/STM32F746G-DISCO/gui/src/common/FrontendApplication.o
                0x08000b5c                FrontendApplication::FrontendApplication(Model&, FrontendHeap&)
                0x08000b5c                FrontendApplication::FrontendApplication(Model&, FrontendHeap&)
 .text._ZN22settingsScreenViewBase21buttonCallbackHandlerERKN8touchgfx14AbstractButtonE
                0x08000b70       0x68 build/ST/STM32F746G-DISCO/generated/gui_generated/src/settingsscreen_screen/settingsScreenViewBase.o
                0x08000b70                settingsScreenViewBase::buttonCallbackHandler(touchgfx::AbstractButton const&)
 .text._ZN8touchgfx15ButtonWithLabel18updateTextPositionEv
                0x08000bd8       0x68 build/ST/STM32F746G-DISCO/generated/gui_generated/src/settingsscreen_screen/settingsScreenViewBase.o
                0x08000bd8                touchgfx::ButtonWithLabel::updateTextPosition()
 .text._ZN22settingsScreenViewBaseC2Ev
                0x08000c40      0x370 build/ST/STM32F746G-DISCO/generated/gui_generated/src/settingsscreen_screen/settingsScreenViewBase.o
                0x08000c40                settingsScreenViewBase::settingsScreenViewBase()
                0x08000c40                settingsScreenViewBase::settingsScreenViewBase()
 .text._ZN30dayNightSettingsScreenViewBase21buttonCallbackHandlerERKN8touchgfx14AbstractButtonE
                0x08000fb0       0x2a build/ST/STM32F746G-DISCO/generated/gui_generated/src/daynightsettingsscreen_screen/dayNightSettingsScreenViewBase.o
                0x08000fb0                dayNightSettingsScreenViewBase::buttonCallbackHandler(touchgfx::AbstractButton const&)
 *fill*         0x08000fda        0x2 00000000
 .text._ZN8touchgfx8TextAreaC2Ev
                0x08000fdc       0x48 build/ST/STM32F746G-DISCO/generated/gui_generated/src/daynightsettingsscreen_screen/dayNightSettingsScreenViewBase.o
                0x08000fdc                touchgfx::TextArea::TextArea()
                0x08000fdc                touchgfx::TextArea::TextArea()
 .text._ZN30dayNightSettingsScreenViewBaseC2Ev
                0x08001024      0x67c build/ST/STM32F746G-DISCO/generated/gui_generated/src/daynightsettingsscreen_screen/dayNightSettingsScreenViewBase.o
                0x08001024                dayNightSettingsScreenViewBase::dayNightSettingsScreenViewBase()
                0x08001024                dayNightSettingsScreenViewBase::dayNightSettingsScreenViewBase()
 .text._ZN30dateTimeSettingsScreenViewBase21buttonCallbackHandlerERKN8touchgfx14AbstractButtonE
                0x080016a0       0x2c build/ST/STM32F746G-DISCO/generated/gui_generated/src/datetimesettingsscreen_screen/dateTimeSettingsScreenViewBase.o
                0x080016a0                dateTimeSettingsScreenViewBase::buttonCallbackHandler(touchgfx::AbstractButton const&)
 .text._ZN8touchgfx8DrawableC2Ev
                0x080016cc       0x2c build/ST/STM32F746G-DISCO/generated/gui_generated/src/datetimesettingsscreen_screen/dateTimeSettingsScreenViewBase.o
                0x080016cc                touchgfx::Drawable::Drawable()
                0x080016cc                touchgfx::Drawable::Drawable()
 .text._ZN30dateTimeSettingsScreenViewBaseC2Ev
                0x080016f8      0x64c build/ST/STM32F746G-DISCO/generated/gui_generated/src/datetimesettingsscreen_screen/dateTimeSettingsScreenViewBase.o
                0x080016f8                dateTimeSettingsScreenViewBase::dateTimeSettingsScreenViewBase()
                0x080016f8                dateTimeSettingsScreenViewBase::dateTimeSettingsScreenViewBase()
 .text._ZN18mainScreenViewBase21buttonCallbackHandlerERKN8touchgfx14AbstractButtonE
                0x08001d44       0x16 build/ST/STM32F746G-DISCO/generated/gui_generated/src/mainscreen_screen/mainScreenViewBase.o
                0x08001d44                mainScreenViewBase::buttonCallbackHandler(touchgfx::AbstractButton const&)
 *fill*         0x08001d5a        0x2 00000000
 .text._ZN8touchgfx11RadioButtonC2Ev
                0x08001d5c       0x3c build/ST/STM32F746G-DISCO/generated/gui_generated/src/mainscreen_screen/mainScreenViewBase.o
                0x08001d5c                touchgfx::RadioButton::RadioButton()
                0x08001d5c                touchgfx::RadioButton::RadioButton()
 .text._ZN18mainScreenViewBaseC2Ev
                0x08001d98      0x578 build/ST/STM32F746G-DISCO/generated/gui_generated/src/mainscreen_screen/mainScreenViewBase.o
                0x08001d98                mainScreenViewBase::mainScreenViewBase()
                0x08001d98                mainScreenViewBase::mainScreenViewBase()
 .text._ZN30opConfigSettingsScreenViewBase21buttonCallbackHandlerERKN8touchgfx14AbstractButtonE
                0x08002310       0x2a build/ST/STM32F746G-DISCO/generated/gui_generated/src/opconfigsettingsscreen_screen/opConfigSettingsScreenViewBase.o
                0x08002310                opConfigSettingsScreenViewBase::buttonCallbackHandler(touchgfx::AbstractButton const&)
 .text._ZN8touchgfx12ToggleButton10setBitmapsERKNS_6BitmapES3_
                0x0800233a        0x8 build/ST/STM32F746G-DISCO/generated/gui_generated/src/opconfigsettingsscreen_screen/opConfigSettingsScreenViewBase.o
                0x0800233a                touchgfx::ToggleButton::setBitmaps(touchgfx::Bitmap const&, touchgfx::Bitmap const&)
 *fill*         0x08002342        0x2 00000000
 .text._ZN30opConfigSettingsScreenViewBaseC2Ev
                0x08002344      0x554 build/ST/STM32F746G-DISCO/generated/gui_generated/src/opconfigsettingsscreen_screen/opConfigSettingsScreenViewBase.o
                0x08002344                opConfigSettingsScreenViewBase::opConfigSettingsScreenViewBase()
                0x08002344                opConfigSettingsScreenViewBase::opConfigSettingsScreenViewBase()
 .text._ZN30tempHumiSettingsScreenViewBase21buttonCallbackHandlerERKN8touchgfx14AbstractButtonE
                0x08002898       0x2a build/ST/STM32F746G-DISCO/generated/gui_generated/src/temphumisettingsscreen_screen/tempHumiSettingsScreenViewBase.o
                0x08002898                tempHumiSettingsScreenViewBase::buttonCallbackHandler(touchgfx::AbstractButton const&)
 *fill*         0x080028c2        0x2 00000000
 .text._ZN8touchgfx3BoxC2Ev
                0x080028c4       0x24 build/ST/STM32F746G-DISCO/generated/gui_generated/src/temphumisettingsscreen_screen/tempHumiSettingsScreenViewBase.o
                0x080028c4                touchgfx::Box::Box()
                0x080028c4                touchgfx::Box::Box()
 .text._ZN8touchgfx23TextAreaWithOneWildcardC2Ev
                0x080028e8       0x18 build/ST/STM32F746G-DISCO/generated/gui_generated/src/temphumisettingsscreen_screen/tempHumiSettingsScreenViewBase.o
                0x080028e8                touchgfx::TextAreaWithOneWildcard::TextAreaWithOneWildcard()
                0x080028e8                touchgfx::TextAreaWithOneWildcard::TextAreaWithOneWildcard()
 .text._ZN30tempHumiSettingsScreenViewBaseC2Ev
                0x08002900      0x82c build/ST/STM32F746G-DISCO/generated/gui_generated/src/temphumisettingsscreen_screen/tempHumiSettingsScreenViewBase.o
                0x08002900                tempHumiSettingsScreenViewBase::tempHumiSettingsScreenViewBase()
                0x08002900                tempHumiSettingsScreenViewBase::tempHumiSettingsScreenViewBase()
 .text._ZN8touchgfx10Transition8tearDownEv
                0x0800312c        0x2 build/ST/STM32F746G-DISCO/generated/gui_generated/src/common/FrontendApplicationBase.o
                0x0800312c                touchgfx::Transition::tearDown()
 .text._ZN8touchgfx10Transition4initEv
                0x0800312e        0x2 build/ST/STM32F746G-DISCO/generated/gui_generated/src/common/FrontendApplicationBase.o
                0x0800312e                touchgfx::Transition::init()
 .text._ZN8touchgfx10Transition18setScreenContainerERNS_9ContainerE
                0x08003130        0x4 build/ST/STM32F746G-DISCO/generated/gui_generated/src/common/FrontendApplicationBase.o
                0x08003130                touchgfx::Transition::setScreenContainer(touchgfx::Container&)
 .text._ZN8touchgfx12NoTransitionD2Ev
                0x08003134        0x2 build/ST/STM32F746G-DISCO/generated/gui_generated/src/common/FrontendApplicationBase.o
                0x08003134                touchgfx::NoTransition::~NoTransition()
                0x08003134                touchgfx::NoTransition::~NoTransition()
 .text._ZN8touchgfx12NoTransition15handleTickEventEv
                0x08003136        0x6 build/ST/STM32F746G-DISCO/generated/gui_generated/src/common/FrontendApplicationBase.o
                0x08003136                touchgfx::NoTransition::handleTickEvent()
 .text._ZN8touchgfx8CallbackINS_15SlideTransitionILNS_9DirectionE3EEERNS_8DrawableEvED2Ev
                0x0800313c        0x2 build/ST/STM32F746G-DISCO/generated/gui_generated/src/common/FrontendApplicationBase.o
                0x0800313c                touchgfx::Callback<touchgfx::SlideTransition<(touchgfx::Direction)3>, touchgfx::Drawable&, void>::~Callback()
                0x0800313c                touchgfx::Callback<touchgfx::SlideTransition<(touchgfx::Direction)3>, touchgfx::Drawable&, void>::~Callback()
 .text._ZN8touchgfx8CallbackINS_15SlideTransitionILNS_9DirectionE2EEERNS_8DrawableEvED2Ev
                0x0800313e        0x2 build/ST/STM32F746G-DISCO/generated/gui_generated/src/common/FrontendApplicationBase.o
                0x0800313e                touchgfx::Callback<touchgfx::SlideTransition<(touchgfx::Direction)2>, touchgfx::Drawable&, void>::~Callback()
                0x0800313e                touchgfx::Callback<touchgfx::SlideTransition<(touchgfx::Direction)2>, touchgfx::Drawable&, void>::~Callback()
 .text._ZN8touchgfx8CallbackINS_15SlideTransitionILNS_9DirectionE2EEERNS_8DrawableEvE7executeES5_
                0x08003140       0x20 build/ST/STM32F746G-DISCO/generated/gui_generated/src/common/FrontendApplicationBase.o
                0x08003140                touchgfx::Callback<touchgfx::SlideTransition<(touchgfx::Direction)2>, touchgfx::Drawable&, void>::execute(touchgfx::Drawable&)
 .text._ZNK8touchgfx8CallbackINS_15SlideTransitionILNS_9DirectionE2EEERNS_8DrawableEvE7isValidEv
                0x08003160       0x18 build/ST/STM32F746G-DISCO/generated/gui_generated/src/common/FrontendApplicationBase.o
                0x08003160                touchgfx::Callback<touchgfx::SlideTransition<(touchgfx::Direction)2>, touchgfx::Drawable&, void>::isValid() const
 .text._ZN8touchgfx8CallbackINS_15SlideTransitionILNS_9DirectionE3EEERNS_8DrawableEvE7executeES5_
                0x08003178       0x20 build/ST/STM32F746G-DISCO/generated/gui_generated/src/common/FrontendApplicationBase.o
                0x08003178                touchgfx::Callback<touchgfx::SlideTransition<(touchgfx::Direction)3>, touchgfx::Drawable&, void>::execute(touchgfx::Drawable&)
 .text._ZNK8touchgfx8CallbackINS_15SlideTransitionILNS_9DirectionE3EEERNS_8DrawableEvE7isValidEv
                0x08003198       0x18 build/ST/STM32F746G-DISCO/generated/gui_generated/src/common/FrontendApplicationBase.o
                0x08003198                touchgfx::Callback<touchgfx::SlideTransition<(touchgfx::Direction)3>, touchgfx::Drawable&, void>::isValid() const
 .text._ZN8touchgfx12NoTransitionD0Ev
                0x080031b0        0xc build/ST/STM32F746G-DISCO/generated/gui_generated/src/common/FrontendApplicationBase.o
                0x080031b0                touchgfx::NoTransition::~NoTransition()
 .text._ZN8touchgfx8CallbackINS_15SlideTransitionILNS_9DirectionE2EEERNS_8DrawableEvED0Ev
                0x080031bc        0xc build/ST/STM32F746G-DISCO/generated/gui_generated/src/common/FrontendApplicationBase.o
                0x080031bc                touchgfx::Callback<touchgfx::SlideTransition<(touchgfx::Direction)2>, touchgfx::Drawable&, void>::~Callback()
 .text._ZN8touchgfx8CallbackINS_15SlideTransitionILNS_9DirectionE3EEERNS_8DrawableEvED0Ev
                0x080031c8        0xc build/ST/STM32F746G-DISCO/generated/gui_generated/src/common/FrontendApplicationBase.o
                0x080031c8                touchgfx::Callback<touchgfx::SlideTransition<(touchgfx::Direction)3>, touchgfx::Drawable&, void>::~Callback()
 .text._ZN8touchgfxL17prepareTransitionEPPNS_6ScreenEPPNS_9PresenterEPPNS_10TransitionE
                0x080031d4       0x52 build/ST/STM32F746G-DISCO/generated/gui_generated/src/common/FrontendApplicationBase.o
 .text._ZN8touchgfxL18finalizeTransitionEPNS_6ScreenEPNS_9PresenterEPNS_10TransitionE
                0x08003226       0x34 build/ST/STM32F746G-DISCO/generated/gui_generated/src/common/FrontendApplicationBase.o
 .text._ZN8touchgfx15SlideTransitionILNS_9DirectionE3EE16tickMoveDrawableERNS_8DrawableE
                0x0800325a       0x40 build/ST/STM32F746G-DISCO/generated/gui_generated/src/common/FrontendApplicationBase.o
                0x0800325a                touchgfx::SlideTransition<(touchgfx::Direction)3>::tickMoveDrawable(touchgfx::Drawable&)
 .text._ZN8touchgfx15SlideTransitionILNS_9DirectionE2EE16tickMoveDrawableERNS_8DrawableE
                0x0800329a       0x40 build/ST/STM32F746G-DISCO/generated/gui_generated/src/common/FrontendApplicationBase.o
                0x0800329a                touchgfx::SlideTransition<(touchgfx::Direction)2>::tickMoveDrawable(touchgfx::Drawable&)
 *fill*         0x080032da        0x2 00000000
 .text._ZN8touchgfx15SlideTransitionILNS_9DirectionE2EE8tearDownEv
                0x080032dc       0x18 build/ST/STM32F746G-DISCO/generated/gui_generated/src/common/FrontendApplicationBase.o
                0x080032dc                touchgfx::SlideTransition<(touchgfx::Direction)2>::tearDown()
 .text._ZN8touchgfx15SlideTransitionILNS_9DirectionE2EE16initMoveDrawableERNS_8DrawableE
                0x080032f4       0x68 build/ST/STM32F746G-DISCO/generated/gui_generated/src/common/FrontendApplicationBase.o
                0x080032f4                touchgfx::SlideTransition<(touchgfx::Direction)2>::initMoveDrawable(touchgfx::Drawable&)
 .text._ZN8touchgfx15SlideTransitionILNS_9DirectionE3EE8tearDownEv
                0x0800335c       0x18 build/ST/STM32F746G-DISCO/generated/gui_generated/src/common/FrontendApplicationBase.o
                0x0800335c                touchgfx::SlideTransition<(touchgfx::Direction)3>::tearDown()
 .text._ZN8touchgfx15SlideTransitionILNS_9DirectionE3EE16initMoveDrawableERNS_8DrawableE
                0x08003374       0x68 build/ST/STM32F746G-DISCO/generated/gui_generated/src/common/FrontendApplicationBase.o
                0x08003374                touchgfx::SlideTransition<(touchgfx::Direction)3>::initMoveDrawable(touchgfx::Drawable&)
 .text._ZN8touchgfx15SlideTransitionILNS_9DirectionE2EE15handleTickEventEv
                0x080033dc       0xb4 build/ST/STM32F746G-DISCO/generated/gui_generated/src/common/FrontendApplicationBase.o
                0x080033dc                touchgfx::SlideTransition<(touchgfx::Direction)2>::handleTickEvent()
 .text._ZN8touchgfx15SlideTransitionILNS_9DirectionE3EE15handleTickEventEv
                0x08003490       0xb4 build/ST/STM32F746G-DISCO/generated/gui_generated/src/common/FrontendApplicationBase.o
                0x08003490                touchgfx::SlideTransition<(touchgfx::Direction)3>::handleTickEvent()
 .text._ZN8touchgfx15SlideTransitionILNS_9DirectionE3EE4initEv
                0x08003544       0x3c build/ST/STM32F746G-DISCO/generated/gui_generated/src/common/FrontendApplicationBase.o
                0x08003544                touchgfx::SlideTransition<(touchgfx::Direction)3>::init()
 .text._ZN8touchgfx15SlideTransitionILNS_9DirectionE2EE4initEv
                0x08003580       0x3c build/ST/STM32F746G-DISCO/generated/gui_generated/src/common/FrontendApplicationBase.o
                0x08003580                touchgfx::SlideTransition<(touchgfx::Direction)2>::init()
 .text._ZN23FrontendApplicationBaseC2ER5ModelR12FrontendHeap
                0x080035bc       0x48 build/ST/STM32F746G-DISCO/generated/gui_generated/src/common/FrontendApplicationBase.o
                0x080035bc                FrontendApplicationBase::FrontendApplicationBase(Model&, FrontendHeap&)
                0x080035bc                FrontendApplicationBase::FrontendApplicationBase(Model&, FrontendHeap&)
 .text._ZN23FrontendApplicationBase32gotomainScreenScreenNoTransitionEv
                0x08003604       0x20 build/ST/STM32F746G-DISCO/generated/gui_generated/src/common/FrontendApplicationBase.o
                0x08003604                FrontendApplicationBase::gotomainScreenScreenNoTransition()
 .text._ZN23FrontendApplicationBase39gotomainScreenScreenSlideTransitionWestEv
                0x08003624       0x20 build/ST/STM32F746G-DISCO/generated/gui_generated/src/common/FrontendApplicationBase.o
                0x08003624                FrontendApplicationBase::gotomainScreenScreenSlideTransitionWest()
 .text._ZN23FrontendApplicationBase43gotosettingsScreenScreenSlideTransitionEastEv
                0x08003644       0x20 build/ST/STM32F746G-DISCO/generated/gui_generated/src/common/FrontendApplicationBase.o
                0x08003644                FrontendApplicationBase::gotosettingsScreenScreenSlideTransitionEast()
 .text._ZN23FrontendApplicationBase43gotosettingsScreenScreenSlideTransitionWestEv
                0x08003664       0x20 build/ST/STM32F746G-DISCO/generated/gui_generated/src/common/FrontendApplicationBase.o
                0x08003664                FrontendApplicationBase::gotosettingsScreenScreenSlideTransitionWest()
 .text._ZN23FrontendApplicationBase51gototempHumiSettingsScreenScreenSlideTransitionEastEv
                0x08003684       0x20 build/ST/STM32F746G-DISCO/generated/gui_generated/src/common/FrontendApplicationBase.o
                0x08003684                FrontendApplicationBase::gototempHumiSettingsScreenScreenSlideTransitionEast()
 .text._ZN23FrontendApplicationBase51gotodateTimeSettingsScreenScreenSlideTransitionEastEv
                0x080036a4       0x20 build/ST/STM32F746G-DISCO/generated/gui_generated/src/common/FrontendApplicationBase.o
                0x080036a4                FrontendApplicationBase::gotodateTimeSettingsScreenScreenSlideTransitionEast()
 .text._ZN23FrontendApplicationBase51gotodayNightSettingsScreenScreenSlideTransitionEastEv
                0x080036c4       0x20 build/ST/STM32F746G-DISCO/generated/gui_generated/src/common/FrontendApplicationBase.o
                0x080036c4                FrontendApplicationBase::gotodayNightSettingsScreenScreenSlideTransitionEast()
 .text._ZN23FrontendApplicationBase51gotoopConfigSettingsScreenScreenSlideTransitionEastEv
                0x080036e4       0x20 build/ST/STM32F746G-DISCO/generated/gui_generated/src/common/FrontendApplicationBase.o
                0x080036e4                FrontendApplicationBase::gotoopConfigSettingsScreenScreenSlideTransitionEast()
 .text._ZN8touchgfx14makeTransitionI14mainScreenView19mainScreenPresenterNS_12NoTransitionE5ModelEEPT0_PPNS_6ScreenEPPNS_9PresenterERNS_7MVPHeapEPPNS_10TransitionEPT2_
                0x08003704       0xe0 build/ST/STM32F746G-DISCO/generated/gui_generated/src/common/FrontendApplicationBase.o
                0x08003704                mainScreenPresenter* touchgfx::makeTransition<mainScreenView, mainScreenPresenter, touchgfx::NoTransition, Model>(touchgfx::Screen**, touchgfx::Presenter**, touchgfx::MVPHeap&, touchgfx::Transition**, Model*)
 .text._ZN23FrontendApplicationBase36gotomainScreenScreenNoTransitionImplEv
                0x080037e4       0x28 build/ST/STM32F746G-DISCO/generated/gui_generated/src/common/FrontendApplicationBase.o
                0x080037e4                FrontendApplicationBase::gotomainScreenScreenNoTransitionImpl()
 .text._ZN8touchgfx17AbstractPartition2atINS_15SlideTransitionILNS_9DirectionE2EEEEERT_t
                0x0800380c        0x6 build/ST/STM32F746G-DISCO/generated/gui_generated/src/common/FrontendApplicationBase.o
                0x0800380c                touchgfx::SlideTransition<(touchgfx::Direction)2>& touchgfx::AbstractPartition::at<touchgfx::SlideTransition<(touchgfx::Direction)2> >(unsigned short)
 *fill*         0x08003812        0x2 00000000
 .text._ZN8touchgfx15SlideTransitionILNS_9DirectionE2EED2Ev
                0x08003814       0x18 build/ST/STM32F746G-DISCO/generated/gui_generated/src/common/FrontendApplicationBase.o
                0x08003814                touchgfx::SlideTransition<(touchgfx::Direction)2>::~SlideTransition()
                0x08003814                touchgfx::SlideTransition<(touchgfx::Direction)2>::~SlideTransition()
 .text._ZN8touchgfx15SlideTransitionILNS_9DirectionE2EED0Ev
                0x0800382c       0x12 build/ST/STM32F746G-DISCO/generated/gui_generated/src/common/FrontendApplicationBase.o
                0x0800382c                touchgfx::SlideTransition<(touchgfx::Direction)2>::~SlideTransition()
 *fill*         0x0800383e        0x2 00000000
 .text._ZN8touchgfx15SlideTransitionILNS_9DirectionE3EED2Ev
                0x08003840       0x18 build/ST/STM32F746G-DISCO/generated/gui_generated/src/common/FrontendApplicationBase.o
                0x08003840                touchgfx::SlideTransition<(touchgfx::Direction)3>::~SlideTransition()
                0x08003840                touchgfx::SlideTransition<(touchgfx::Direction)3>::~SlideTransition()
 .text._ZN8touchgfx15SlideTransitionILNS_9DirectionE3EED0Ev
                0x08003858       0x12 build/ST/STM32F746G-DISCO/generated/gui_generated/src/common/FrontendApplicationBase.o
                0x08003858                touchgfx::SlideTransition<(touchgfx::Direction)3>::~SlideTransition()
 *fill*         0x0800386a        0x2 00000000
 .text._ZN8touchgfx15SlideTransitionILNS_9DirectionE3EEC2Eh
                0x0800386c       0xb0 build/ST/STM32F746G-DISCO/generated/gui_generated/src/common/FrontendApplicationBase.o
                0x0800386c                touchgfx::SlideTransition<(touchgfx::Direction)3>::SlideTransition(unsigned char)
                0x0800386c                touchgfx::SlideTransition<(touchgfx::Direction)3>::SlideTransition(unsigned char)
 .text._ZN8touchgfx14makeTransitionI14mainScreenView19mainScreenPresenterNS_15SlideTransitionILNS_9DirectionE3EEE5ModelEEPT0_PPNS_6ScreenEPPNS_9PresenterERNS_7MVPHeapEPPNS_10TransitionEPT2_
                0x0800391c       0xd8 build/ST/STM32F746G-DISCO/generated/gui_generated/src/common/FrontendApplicationBase.o
                0x0800391c                mainScreenPresenter* touchgfx::makeTransition<mainScreenView, mainScreenPresenter, touchgfx::SlideTransition<(touchgfx::Direction)3>, Model>(touchgfx::Screen**, touchgfx::Presenter**, touchgfx::MVPHeap&, touchgfx::Transition**, Model*)
 .text._ZN23FrontendApplicationBase43gotomainScreenScreenSlideTransitionWestImplEv
                0x080039f4       0x28 build/ST/STM32F746G-DISCO/generated/gui_generated/src/common/FrontendApplicationBase.o
                0x080039f4                FrontendApplicationBase::gotomainScreenScreenSlideTransitionWestImpl()
 .text._ZN8touchgfx14makeTransitionI18settingsScreenView23settingsScreenPresenterNS_15SlideTransitionILNS_9DirectionE3EEE5ModelEEPT0_PPNS_6ScreenEPPNS_9PresenterERNS_7MVPHeapEPPNS_10TransitionEPT2_
                0x08003a1c       0xd8 build/ST/STM32F746G-DISCO/generated/gui_generated/src/common/FrontendApplicationBase.o
                0x08003a1c                settingsScreenPresenter* touchgfx::makeTransition<settingsScreenView, settingsScreenPresenter, touchgfx::SlideTransition<(touchgfx::Direction)3>, Model>(touchgfx::Screen**, touchgfx::Presenter**, touchgfx::MVPHeap&, touchgfx::Transition**, Model*)
 .text._ZN23FrontendApplicationBase47gotosettingsScreenScreenSlideTransitionWestImplEv
                0x08003af4       0x28 build/ST/STM32F746G-DISCO/generated/gui_generated/src/common/FrontendApplicationBase.o
                0x08003af4                FrontendApplicationBase::gotosettingsScreenScreenSlideTransitionWestImpl()
 .text._ZN8touchgfx15SlideTransitionILNS_9DirectionE2EEC2Eh
                0x08003b1c       0xb0 build/ST/STM32F746G-DISCO/generated/gui_generated/src/common/FrontendApplicationBase.o
                0x08003b1c                touchgfx::SlideTransition<(touchgfx::Direction)2>::SlideTransition(unsigned char)
                0x08003b1c                touchgfx::SlideTransition<(touchgfx::Direction)2>::SlideTransition(unsigned char)
 .text._ZN8touchgfx14makeTransitionI18settingsScreenView23settingsScreenPresenterNS_15SlideTransitionILNS_9DirectionE2EEE5ModelEEPT0_PPNS_6ScreenEPPNS_9PresenterERNS_7MVPHeapEPPNS_10TransitionEPT2_
                0x08003bcc       0xd4 build/ST/STM32F746G-DISCO/generated/gui_generated/src/common/FrontendApplicationBase.o
                0x08003bcc                settingsScreenPresenter* touchgfx::makeTransition<settingsScreenView, settingsScreenPresenter, touchgfx::SlideTransition<(touchgfx::Direction)2>, Model>(touchgfx::Screen**, touchgfx::Presenter**, touchgfx::MVPHeap&, touchgfx::Transition**, Model*)
 .text._ZN23FrontendApplicationBase47gotosettingsScreenScreenSlideTransitionEastImplEv
                0x08003ca0       0x28 build/ST/STM32F746G-DISCO/generated/gui_generated/src/common/FrontendApplicationBase.o
                0x08003ca0                FrontendApplicationBase::gotosettingsScreenScreenSlideTransitionEastImpl()
 .text._ZN8touchgfx14makeTransitionI26tempHumiSettingsScreenView31tempHumiSettingsScreenPresenterNS_15SlideTransitionILNS_9DirectionE2EEE5ModelEEPT0_PPNS_6ScreenEPPNS_9PresenterERNS_7MVPHeapEPPNS_10TransitionEPT2_
                0x08003cc8       0xd4 build/ST/STM32F746G-DISCO/generated/gui_generated/src/common/FrontendApplicationBase.o
                0x08003cc8                tempHumiSettingsScreenPresenter* touchgfx::makeTransition<tempHumiSettingsScreenView, tempHumiSettingsScreenPresenter, touchgfx::SlideTransition<(touchgfx::Direction)2>, Model>(touchgfx::Screen**, touchgfx::Presenter**, touchgfx::MVPHeap&, touchgfx::Transition**, Model*)
 .text._ZN23FrontendApplicationBase55gototempHumiSettingsScreenScreenSlideTransitionEastImplEv
                0x08003d9c       0x28 build/ST/STM32F746G-DISCO/generated/gui_generated/src/common/FrontendApplicationBase.o
                0x08003d9c                FrontendApplicationBase::gototempHumiSettingsScreenScreenSlideTransitionEastImpl()
 .text._ZN8touchgfx14makeTransitionI26dateTimeSettingsScreenView31dateTimeSettingsScreenPresenterNS_15SlideTransitionILNS_9DirectionE2EEE5ModelEEPT0_PPNS_6ScreenEPPNS_9PresenterERNS_7MVPHeapEPPNS_10TransitionEPT2_
                0x08003dc4       0xd8 build/ST/STM32F746G-DISCO/generated/gui_generated/src/common/FrontendApplicationBase.o
                0x08003dc4                dateTimeSettingsScreenPresenter* touchgfx::makeTransition<dateTimeSettingsScreenView, dateTimeSettingsScreenPresenter, touchgfx::SlideTransition<(touchgfx::Direction)2>, Model>(touchgfx::Screen**, touchgfx::Presenter**, touchgfx::MVPHeap&, touchgfx::Transition**, Model*)
 .text._ZN23FrontendApplicationBase55gotodateTimeSettingsScreenScreenSlideTransitionEastImplEv
                0x08003e9c       0x28 build/ST/STM32F746G-DISCO/generated/gui_generated/src/common/FrontendApplicationBase.o
                0x08003e9c                FrontendApplicationBase::gotodateTimeSettingsScreenScreenSlideTransitionEastImpl()
 .text._ZN8touchgfx14makeTransitionI26dayNightSettingsScreenView31dayNightSettingsScreenPresenterNS_15SlideTransitionILNS_9DirectionE2EEE5ModelEEPT0_PPNS_6ScreenEPPNS_9PresenterERNS_7MVPHeapEPPNS_10TransitionEPT2_
                0x08003ec4       0xd4 build/ST/STM32F746G-DISCO/generated/gui_generated/src/common/FrontendApplicationBase.o
                0x08003ec4                dayNightSettingsScreenPresenter* touchgfx::makeTransition<dayNightSettingsScreenView, dayNightSettingsScreenPresenter, touchgfx::SlideTransition<(touchgfx::Direction)2>, Model>(touchgfx::Screen**, touchgfx::Presenter**, touchgfx::MVPHeap&, touchgfx::Transition**, Model*)
 .text._ZN23FrontendApplicationBase55gotodayNightSettingsScreenScreenSlideTransitionEastImplEv
                0x08003f98       0x28 build/ST/STM32F746G-DISCO/generated/gui_generated/src/common/FrontendApplicationBase.o