<html>
<body>
<pre>
<h1>µVision Build Log</h1>
<h2>Tool Versions:</h2>
IDE-Version: µVision V5.24.2.0
Copyright (C) 2017 ARM Ltd and ARM Germany GmbH. All rights reserved.
License Information: asd Albin Hjalmas, asd, LIC=50D12-932R0-231M4-F2N6L-U7XG1-XURP2
 
Tool Versions:
Toolchain:       MDK-ARM Professional  Version: 5.24.1
Toolchain Path:  C:\Program Files\Keil\ARM\ARMCC\Bin
C Compiler:      Armcc.exe V5.06 update 5 (build 528)
Assembler:       Armasm.exe V5.06 update 5 (build 528)
Linker/Locator:  ArmLink.exe V5.06 update 5 (build 528)
Library Manager: ArmAr.exe V5.06 update 5 (build 528)
Hex Converter:   FromElf.exe V5.06 update 5 (build 528)
CPU DLL:         SARMCM3.DLL V5.24.1
Dialog DLL:      DCM.DLL V1.16.0.0
Target DLL:      STLink\ST-LINKIII-KEIL_SWO.dll V3.0.1.0
Dialog DLL:      TCM.DLL V1.32.0.0
 
<h2>Project:</h2>
C:\Users\Hjalm\Documents\Embedded\TouchGFX_Projects\GrowHouseController\CubeMX_Generated\mx\MDK-ARM\mx.uvprojx
Project File Date:  08/31/2017

<h2>Output:</h2>
*** Using Compiler 'V5.06 update 5 (build 528)', folder: 'C:\Program Files\Keil\ARM\ARMCC\Bin'
Build target 'mx'
compiling main.c...
../Src/main.c(62): warning:  #1295-D: Deprecated declaration reset - give arg types
  void reset();
../Src/main.c(63): warning:  #1295-D: Deprecated declaration startTransmit - give arg types
  void startTransmit();
../Src/main.c(67): warning:  #1295-D: Deprecated declaration delay - give arg types
  void delay();
../Src/main.c(80): warning:  #188-D: enumerated type mixed with another type
  		
lk1
../Src/main.c(82): warning:  #188-D: enumerated type mixed with another type
  		
lk0
../Src/main.c(90): warning:  #188-D: enumerated type mixed with another type
  	
io1
../Src/main.c(92): warning:  #188-D: enumerated type mixed with another type
  	
lk1
../Src/main.c(94): warning:  #188-D: enumerated type mixed with another type
  	
io0
../Src/main.c(96): warning:  #188-D: enumerated type mixed with another type
  	
lk0
../Src/main.c(98): warning:  #188-D: enumerated type mixed with another type
  	
lk1
../Src/main.c(100): warning:  #188-D: enumerated type mixed with another type
  	
io1
../Src/main.c(102): warning:  #188-D: enumerated type mixed with another type
  	
lk0
../Src/main.c(115): warning:  #188-D: enumerated type mixed with another type
  		HAL_GPIO_WritePin(
ENS_DIO_GPIO_Port, 
ENS_DIO_Pin, d);
../Src/main.c(117): warning:  #188-D: enumerated type mixed with another type
  		
lk1
../Src/main.c(119): warning:  #188-D: enumerated type mixed with another type
  		
lk0
../Src/main.c(122): warning:  #188-D: enumerated type mixed with another type
  	
io1
../Src/main.c(124): warning:  #188-D: enumerated type mixed with another type
  	
lk1
../Src/main.c(126): warning:  #188-D: enumerated type mixed with another type
  	
lk0;
../Src/main.c(140): warning:  #188-D: enumerated type mixed with another type
  			
lk1
../Src/main.c(143): warning:  #188-D: enumerated type mixed with another type
  			
lk0
../Src/main.c(148): warning:  #188-D: enumerated type mixed with another type
  			
io1
../Src/main.c(152): warning:  #188-D: enumerated type mixed with another type
  			
io0
../Src/main.c(155): warning:  #188-D: enumerated type mixed with another type
  		
lk1
../Src/main.c(157): warning:  #188-D: enumerated type mixed with another type
  		
lk0
../Src/main.c(159): warning:  #188-D: enumerated type mixed with another type
  		
io1
../Src/main.c(162): warning:  #188-D: enumerated type mixed with another type
  	
io1
../Src/main.c: 26 warnings, 0 errors
linking...
Program Size: Code=10504 RO-data=512 RW-data=8 ZI-data=1056  
"mx\mx.axf" - 0 Error(s), 26 Warning(s).

<h2>Software Packages used:</h2>

Package Vendor: ARM
                http://www.keil.com/pack/ARM.CMSIS.5.0.1.pack
                ARM.CMSIS.5.0.1
                CMSIS (Cortex Microcontroller Software Interface Standard)
   * Component: CORE Version: 5.0.1

Package Vendor: Keil
                http://www.keil.com/pack/Keil.STM32F7xx_DFP.2.9.0.pack
                Keil.STM32F7xx_DFP.2.9.0
                STMicroelectronics STM32F7 Series Device Support, Drivers and Examples
   * Component: Startup Version: 1.2.0

<h2>Collection of Component include folders:</h2>
  .\RTE\_mx
  C:\Program Files\Keil\ARM\PACK\ARM\CMSIS\5.0.1\CMSIS\Include
  C:\Program Files\Keil\ARM\PACK\Keil\STM32F7xx_DFP\2.9.0\Drivers\CMSIS\Device\ST\STM32F7xx\Include

<h2>Collection of Component Files used:</h2>

   * Component: Keil::Device:Startup:1.2.0
      Source file:   MDK\Device\Source\ARM\STM32F7xx_OPT.s
      Source file:   MDK\Device\Source\ARM\STM32F7xx_OTP.s
      Source file:   Drivers\CMSIS\Device\ST\STM32F7xx\Source\Templates\arm\startup_stm32f746xx.s
      Include file:  Drivers\CMSIS\Device\ST\STM32F7xx\Include\stm32f7xx.h
      Source file:   Drivers\CMSIS\Device\ST\STM32F7xx\Source\Templates\system_stm32f7xx.c

   * Component: ARM::CMSIS:CORE:5.0.1
Build Time Elapsed:  00:00:02
</pre>
</body>
</html>
