Component: ARM Compiler 5.06 update 5 (build 528) Tool: armlink [4d35e2]

==============================================================================

Section Cross References

    stm32f7xx_it.o(i.SysTick_Handler) refers to stm32f7xx_hal.o(i.HAL_IncTick) for HAL_IncTick
    stm32f7xx_it.o(i.SysTick_Handler) refers to stm32f7xx_hal_cortex.o(i.HAL_SYSTICK_IRQHandler) for HAL_SYSTICK_IRQHandler
    stm32f7xx_hal_msp.o(i.HAL_MspInit) refers to stm32f7xx_hal_cortex.o(i.HAL_NVIC_SetPriorityGrouping) for HAL_NVIC_SetPriorityGrouping
    stm32f7xx_hal_msp.o(i.HAL_MspInit) refers to stm32f7xx_hal_cortex.o(i.HAL_NVIC_SetPriority) for HAL_NVIC_SetPriority
    rtc.o(i.MX_RTC_Init) refers to stm32f7xx_hal_rtc.o(i.HAL_RTC_Init) for HAL_RTC_Init
    rtc.o(i.MX_RTC_Init) refers to main.o(i.Error_Handler) for Error_Handler
    rtc.o(i.MX_RTC_Init) refers to stm32f7xx_hal_rtc.o(i.HAL_RTC_SetTime) for HAL_RTC_SetTime
    rtc.o(i.MX_RTC_Init) refers to stm32f7xx_hal_rtc.o(i.HAL_RTC_SetDate) for HAL_RTC_SetDate
    rtc.o(i.MX_RTC_Init) refers to rtc.o(.bss) for hrtc
    main.o(i.SystemClock_Config) refers to stm32f7xx_hal_rcc.o(i.HAL_RCC_OscConfig) for HAL_RCC_OscConfig
    main.o(i.SystemClock_Config) refers to main.o(i.Error_Handler) for Error_Handler
    main.o(i.SystemClock_Config) refers to stm32f7xx_hal_pwr_ex.o(i.HAL_PWREx_EnableOverDrive) for HAL_PWREx_EnableOverDrive
    main.o(i.SystemClock_Config) refers to stm32f7xx_hal_rcc.o(i.HAL_RCC_ClockConfig) for HAL_RCC_ClockConfig
    main.o(i.SystemClock_Config) refers to stm32f7xx_hal_rcc_ex.o(i.HAL_RCCEx_PeriphCLKConfig) for HAL_RCCEx_PeriphCLKConfig
    main.o(i.SystemClock_Config) refers to stm32f7xx_hal_rcc.o(i.HAL_RCC_GetHCLKFreq) for HAL_RCC_GetHCLKFreq
    main.o(i.SystemClock_Config) refers to stm32f7xx_hal_cortex.o(i.HAL_SYSTICK_Config) for HAL_SYSTICK_Config
    main.o(i.SystemClock_Config) refers to stm32f7xx_hal_cortex.o(i.HAL_SYSTICK_CLKSourceConfig) for HAL_SYSTICK_CLKSourceConfig
    main.o(i.SystemClock_Config) refers to stm32f7xx_hal_cortex.o(i.HAL_NVIC_SetPriority) for HAL_NVIC_SetPriority
    main.o(i.getHumi) refers to f2d.o(.text) for __aeabi_f2d
    main.o(i.getHumi) refers to nearbyint.o(i.__hardfp_nearbyint) for __hardfp_nearbyint
    main.o(i.getHumi) refers to dfixi.o(.text) for __aeabi_d2iz
    main.o(i.getTemp) refers to f2d.o(.text) for __aeabi_f2d
    main.o(i.getTemp) refers to nearbyint.o(i.__hardfp_nearbyint) for __hardfp_nearbyint
    main.o(i.getTemp) refers to dfixi.o(.text) for __aeabi_d2iz
    main.o(i.main) refers to stm32f7xx_hal.o(i.HAL_Init) for HAL_Init
    main.o(i.main) refers to main.o(i.SystemClock_Config) for SystemClock_Config
    main.o(i.main) refers to gpio.o(i.MX_GPIO_Init) for MX_GPIO_Init
    main.o(i.main) refers to rtc.o(i.MX_RTC_Init) for MX_RTC_Init
    main.o(i.main) refers to main.o(i.reset) for reset
    main.o(i.main) refers to main.o(i.writeCmd) for writeCmd
    main.o(i.main) refers to stm32f7xx_hal.o(i.HAL_Delay) for HAL_Delay
    main.o(i.main) refers to main.o(i.readData) for readData
    main.o(i.main) refers to main.o(i.getTemp) for getTemp
    main.o(i.main) refers to main.o(i.getHumi) for getHumi
    main.o(i.readData) refers to main.o(i.delay) for delay
    main.o(i.readData) refers to stm32f7xx_hal_gpio.o(i.HAL_GPIO_WritePin) for HAL_GPIO_WritePin
    main.o(i.readData) refers to stm32f7xx_hal_gpio.o(i.HAL_GPIO_ReadPin) for HAL_GPIO_ReadPin
    main.o(i.reset) refers to stm32f7xx_hal_gpio.o(i.HAL_GPIO_WritePin) for HAL_GPIO_WritePin
    main.o(i.reset) refers to main.o(i.delay) for delay
    main.o(i.startTransmit) refers to stm32f7xx_hal_gpio.o(i.HAL_GPIO_WritePin) for HAL_GPIO_WritePin
    main.o(i.startTransmit) refers to main.o(i.delay) for delay
    main.o(i.writeCmd) refers to main.o(i.startTransmit) for startTransmit
    main.o(i.writeCmd) refers to main.o(i.writeData) for writeData
    main.o(i.writeData) refers to stm32f7xx_hal_gpio.o(i.HAL_GPIO_WritePin) for HAL_GPIO_WritePin
    main.o(i.writeData) refers to main.o(i.delay) for delay
    gpio.o(i.MX_GPIO_Init) refers to stm32f7xx_hal_gpio.o(i.HAL_GPIO_WritePin) for HAL_GPIO_WritePin
    gpio.o(i.MX_GPIO_Init) refers to stm32f7xx_hal_gpio.o(i.HAL_GPIO_Init) for HAL_GPIO_Init
    stm32f7xx_hal_rcc.o(i.HAL_RCC_ClockConfig) refers to stm32f7xx_hal.o(i.HAL_GetTick) for HAL_GetTick
    stm32f7xx_hal_rcc.o(i.HAL_RCC_ClockConfig) refers to stm32f7xx_hal_rcc.o(i.HAL_RCC_GetSysClockFreq) for HAL_RCC_GetSysClockFreq
    stm32f7xx_hal_rcc.o(i.HAL_RCC_ClockConfig) refers to stm32f7xx_hal.o(i.HAL_InitTick) for HAL_InitTick
    stm32f7xx_hal_rcc.o(i.HAL_RCC_ClockConfig) refers to system_stm32f7xx_1.o(.constdata) for AHBPrescTable
    stm32f7xx_hal_rcc.o(i.HAL_RCC_ClockConfig) refers to system_stm32f7xx_1.o(.data) for SystemCoreClock
    stm32f7xx_hal_rcc.o(i.HAL_RCC_DeInit) refers to system_stm32f7xx_1.o(.data) for SystemCoreClock
[...]
    stm32f7xx_hal_i2c.o(i.HAL_I2C_Slave_Transmit_DMA) refers to stm32f7xx_hal_i2c.o(i.I2C_Enable_IRQ) for I2C_Enable_IRQ
    stm32f7xx_hal_i2c.o(i.HAL_I2C_Slave_Transmit_DMA) refers to stm32f7xx_hal_i2c.o(i.I2C_Slave_ISR_DMA) for I2C_Slave_ISR_DMA
    stm32f7xx_hal_i2c.o(i.HAL_I2C_Slave_Transmit_DMA) refers to stm32f7xx_hal_i2c.o(i.I2C_DMASlaveTransmitCplt) for I2C_DMASlaveTransmitCplt
    stm32f7xx_hal_i2c.o(i.HAL_I2C_Slave_Transmit_DMA) refers to stm32f7xx_hal_i2c.o(i.I2C_DMAError) for I2C_DMAError
    stm32f7xx_hal_i2c.o(i.HAL_I2C_Slave_Transmit_IT) refers to stm32f7xx_hal_i2c.o(i.I2C_Enable_IRQ) for I2C_Enable_IRQ
    stm32f7xx_hal_i2c.o(i.HAL_I2C_Slave_Transmit_IT) refers to stm32f7xx_hal_i2c.o(i.I2C_Slave_ISR_IT) for I2C_Slave_ISR_IT
    stm32f7xx_hal_i2c.o(i.I2C_DMAAbort) refers to stm32f7xx_hal_i2c.o(i.HAL_I2C_AbortCpltCallback) for HAL_I2C_AbortCpltCallback
    stm32f7xx_hal_i2c.o(i.I2C_DMAAbort) refers to stm32f7xx_hal_i2c.o(i.HAL_I2C_ErrorCallback) for HAL_I2C_ErrorCallback
    stm32f7xx_hal_i2c.o(i.I2C_DMAError) refers to stm32f7xx_hal_i2c.o(i.I2C_ITError) for I2C_ITError
    stm32f7xx_hal_i2c.o(i.I2C_DMAMasterReceiveCplt) refers to stm32f7xx_hal_i2c.o(i.I2C_Enable_IRQ) for I2C_Enable_IRQ
    stm32f7xx_hal_i2c.o(i.I2C_DMAMasterReceiveCplt) refers to stm32f7xx_hal_dma.o(i.HAL_DMA_Start_IT) for HAL_DMA_Start_IT
    stm32f7xx_hal_i2c.o(i.I2C_DMAMasterTransmitCplt) refers to stm32f7xx_hal_i2c.o(i.I2C_Enable_IRQ) for I2C_Enable_IRQ
    stm32f7xx_hal_i2c.o(i.I2C_DMAMasterTransmitCplt) refers to stm32f7xx_hal_dma.o(i.HAL_DMA_Start_IT) for HAL_DMA_Start_IT
    stm32f7xx_hal_i2c.o(i.I2C_Enable_IRQ) refers to stm32f7xx_hal_i2c.o(i.I2C_Master_ISR_DMA) for I2C_Master_ISR_DMA
    stm32f7xx_hal_i2c.o(i.I2C_Enable_IRQ) refers to stm32f7xx_hal_i2c.o(i.I2C_Slave_ISR_DMA) for I2C_Slave_ISR_DMA
    stm32f7xx_hal_i2c.o(i.I2C_ITAddrCplt) refers to stm32f7xx_hal_i2c.o(i.HAL_I2C_AddrCallback) for HAL_I2C_AddrCallback
    stm32f7xx_hal_i2c.o(i.I2C_ITAddrCplt) refers to stm32f7xx_hal_i2c.o(i.I2C_Disable_IRQ) for I2C_Disable_IRQ
    stm32f7xx_hal_i2c.o(i.I2C_ITError) refers to stm32f7xx_hal_i2c.o(i.I2C_Disable_IRQ) for I2C_Disable_IRQ
    stm32f7xx_hal_i2c.o(i.I2C_ITError) refers to stm32f7xx_hal_dma.o(i.HAL_DMA_Abort_IT) for HAL_DMA_Abort_IT
    stm32f7xx_hal_i2c.o(i.I2C_ITError) refers to stm32f7xx_hal_i2c.o(i.HAL_I2C_AbortCpltCallback) for HAL_I2C_AbortCpltCallback
    stm32f7xx_hal_i2c.o(i.I2C_ITError) refers to stm32f7xx_hal_i2c.o(i.HAL_I2C_ErrorCallback) for HAL_I2C_ErrorCallback
    stm32f7xx_hal_i2c.o(i.I2C_ITError) refers to stm32f7xx_hal_i2c.o(i.I2C_Slave_ISR_IT) for I2C_Slave_ISR_IT
    stm32f7xx_hal_i2c.o(i.I2C_ITError) refers to stm32f7xx_hal_i2c.o(i.I2C_DMAAbort) for I2C_DMAAbort
    stm32f7xx_hal_i2c.o(i.I2C_ITListenCplt) refers to stm32f7xx_hal_i2c.o(i.I2C_Disable_IRQ) for I2C_Disable_IRQ
    stm32f7xx_hal_i2c.o(i.I2C_ITListenCplt) refers to stm32f7xx_hal_i2c.o(i.HAL_I2C_ListenCpltCallback) for HAL_I2C_ListenCpltCallback
    stm32f7xx_hal_i2c.o(i.I2C_ITMasterCplt) refers to stm32f7xx_hal_i2c.o(i.I2C_Flush_TXDR) for I2C_Flush_TXDR
    stm32f7xx_hal_i2c.o(i.I2C_ITMasterCplt) refers to stm32f7xx_hal_i2c.o(i.I2C_Disable_IRQ) for I2C_Disable_IRQ
    stm32f7xx_hal_i2c.o(i.I2C_ITMasterCplt) refers to stm32f7xx_hal_i2c.o(i.I2C_ITError) for I2C_ITError
    stm32f7xx_hal_i2c.o(i.I2C_ITMasterCplt) refers to stm32f7xx_hal_i2c.o(i.HAL_I2C_MemTxCpltCallback) for HAL_I2C_MemTxCpltCallback
    stm32f7xx_hal_i2c.o(i.I2C_ITMasterCplt) refers to stm32f7xx_hal_i2c.o(i.HAL_I2C_MasterTxCpltCallback) for HAL_I2C_MasterTxCpltCallback
    stm32f7xx_hal_i2c.o(i.I2C_ITMasterCplt) refers to stm32f7xx_hal_i2c.o(i.HAL_I2C_MemRxCpltCallback) for HAL_I2C_MemRxCpltCallback
    stm32f7xx_hal_i2c.o(i.I2C_ITMasterCplt) refers to stm32f7xx_hal_i2c.o(i.HAL_I2C_MasterRxCpltCallback) for HAL_I2C_MasterRxCpltCallback
    stm32f7xx_hal_i2c.o(i.I2C_ITMasterSequentialCplt) refers to stm32f7xx_hal_i2c.o(i.I2C_Disable_IRQ) for I2C_Disable_IRQ
    stm32f7xx_hal_i2c.o(i.I2C_ITMasterSequentialCplt) refers to stm32f7xx_hal_i2c.o(i.HAL_I2C_MasterTxCpltCallback) for HAL_I2C_MasterTxCpltCallback
    stm32f7xx_hal_i2c.o(i.I2C_ITMasterSequentialCplt) refers to stm32f7xx_hal_i2c.o(i.HAL_I2C_MasterRxCpltCallback) for HAL_I2C_MasterRxCpltCallback
    stm32f7xx_hal_i2c.o(i.I2C_ITSlaveCplt) refers to stm32f7xx_hal_i2c.o(i.I2C_Disable_IRQ) for I2C_Disable_IRQ
    stm32f7xx_hal_i2c.o(i.I2C_ITSlaveCplt) refers to stm32f7xx_hal_i2c.o(i.I2C_Flush_TXDR) for I2C_Flush_TXDR
    stm32f7xx_hal_i2c.o(i.I2C_ITSlaveCplt) refers to stm32f7xx_hal_i2c.o(i.I2C_ITError) for I2C_ITError
    stm32f7xx_hal_i2c.o(i.I2C_ITSlaveCplt) refers to stm32f7xx_hal_i2c.o(i.I2C_ITListenCplt) for I2C_ITListenCplt
    stm32f7xx_hal_i2c.o(i.I2C_ITSlaveCplt) refers to stm32f7xx_hal_i2c.o(i.HAL_I2C_ListenCpltCallback) for HAL_I2C_ListenCpltCallback
    stm32f7xx_hal_i2c.o(i.I2C_ITSlaveCplt) refers to stm32f7xx_hal_i2c.o(i.HAL_I2C_SlaveRxCpltCallback) for HAL_I2C_SlaveRxCpltCallback
    stm32f7xx_hal_i2c.o(i.I2C_ITSlaveCplt) refers to stm32f7xx_hal_i2c.o(i.HAL_I2C_SlaveTxCpltCallback) for HAL_I2C_SlaveTxCpltCallback
    stm32f7xx_hal_i2c.o(i.I2C_ITSlaveSequentialCplt) refers to stm32f7xx_hal_i2c.o(i.I2C_Disable_IRQ) for I2C_Disable_IRQ
    stm32f7xx_hal_i2c.o(i.I2C_ITSlaveSequentialCplt) refers to stm32f7xx_hal_i2c.o(i.HAL_I2C_SlaveTxCpltCallback) for HAL_I2C_SlaveTxCpltCallback
    stm32f7xx_hal_i2c.o(i.I2C_ITSlaveSequentialCplt) refers to stm32f7xx_hal_i2c.o(i.HAL_I2C_SlaveRxCpltCallback) for HAL_I2C_SlaveRxCpltCallback
    stm32f7xx_hal_i2c.o(i.I2C_IsAcknowledgeFailed) refers to stm32f7xx_hal.o(i.HAL_GetTick) for HAL_GetTick
    stm32f7xx_hal_i2c.o(i.I2C_IsAcknowledgeFailed) refers to stm32f7xx_hal_i2c.o(i.I2C_Flush_TXDR) for I2C_Flush_TXDR
    stm32f7xx_hal_i2c.o(i.I2C_Master_ISR_DMA) refers to stm32f7xx_hal_i2c.o(i.I2C_Enable_IRQ) for I2C_Enable_IRQ
    stm32f7xx_hal_i2c.o(i.I2C_Master_ISR_DMA) refers to stm32f7xx_hal_i2c.o(i.I2C_Flush_TXDR) for I2C_Flush_TXDR
    stm32f7xx_hal_i2c.o(i.I2C_Master_ISR_DMA) refers to stm32f7xx_hal_i2c.o(i.I2C_TransferConfig) for I2C_TransferConfig
    stm32f7xx_hal_i2c.o(i.I2C_Master_ISR_DMA) refers to stm32f7xx_hal_i2c.o(i.I2C_ITError) for I2C_ITError
    stm32f7xx_hal_i2c.o(i.I2C_Master_ISR_DMA) refers to stm32f7xx_hal_i2c.o(i.I2C_ITMasterCplt) for I2C_ITMasterCplt
    stm32f7xx_hal_i2c.o(i.I2C_Master_ISR_IT) refers to stm32f7xx_hal_i2c.o(i.I2C_Flush_TXDR) for I2C_Flush_TXDR
    stm32f7xx_hal_i2c.o(i.I2C_Master_ISR_IT) refers to stm32f7xx_hal_i2c.o(i.I2C_TransferConfig) for I2C_TransferConfig
    stm32f7xx_hal_i2c.o(i.I2C_Master_ISR_IT) refers to stm32f7xx_hal_i2c.o(i.I2C_ITMasterSequentialCplt) for I2C_ITMasterSequentialCplt
    stm32f7xx_hal_i2c.o(i.I2C_Master_ISR_IT) refers to stm32f7xx_hal_i2c.o(i.I2C_ITError) for I2C_ITError
    stm32f7xx_hal_i2c.o(i.I2C_Master_ISR_IT) refers to stm32f7xx_hal_i2c.o(i.I2C_ITMasterCplt) for I2C_ITMasterCplt
    stm32f7xx_hal_i2c.o(i.I2C_RequestMemoryRead) refers to stm32f7xx_hal_i2c.o(i.I2C_TransferConfig) for I2C_TransferConfig
    stm32f7xx_hal_i2c.o(i.I2C_RequestMemoryRead) refers to stm32f7xx_hal_i2c.o(i.I2C_WaitOnTXISFlagUntilTimeout) for I2C_WaitOnTXISFlagUntilTimeout
    stm32f7xx_hal_i2c.o(i.I2C_RequestMemoryRead) refers to stm32f7xx_hal_i2c.o(i.I2C_WaitOnFlagUntilTimeout) for I2C_WaitOnFlagUntilTimeout
    stm32f7xx_hal_i2c.o(i.I2C_RequestMemoryWrite) refers to stm32f7xx_hal_i2c.o(i.I2C_TransferConfig) for I2C_TransferConfig
    stm32f7xx_hal_i2c.o(i.I2C_RequestMemoryWrite) refers to stm32f7xx_hal_i2c.o(i.I2C_WaitOnTXISFlagUntilTimeout) for I2C_WaitOnTXISFlagUntilTimeout
    stm32f7xx_hal_i2c.o(i.I2C_RequestMemoryWrite) refers to stm32f7xx_hal_i2c.o(i.I2C_WaitOnFlagUntilTimeout) for I2C_WaitOnFlagUntilTimeout
    stm32f7xx_hal_i2c.o(i.I2C_Slave_ISR_DMA) refers to stm32f7xx_hal_i2c.o(i.I2C_ITSlaveCplt) for I2C_ITSlaveCplt
    stm32f7xx_hal_i2c.o(i.I2C_Slave_ISR_IT) refers to stm32f7xx_hal_i2c.o(i.I2C_ITListenCplt) for I2C_ITListenCplt
    stm32f7xx_hal_i2c.o(i.I2C_Slave_ISR_IT) refers to stm32f7xx_hal_i2c.o(i.I2C_Flush_TXDR) for I2C_Flush_TXDR
    stm32f7xx_hal_i2c.o(i.I2C_Slave_ISR_IT) refers to stm32f7xx_hal_i2c.o(i.I2C_ITSlaveSequentialCplt) for I2C_ITSlaveSequentialCplt
    stm32f7xx_hal_i2c.o(i.I2C_Slave_ISR_IT) refers to stm32f7xx_hal_i2c.o(i.I2C_ITAddrCplt) for I2C_ITAddrCplt
    stm32f7xx_hal_i2c.o(i.I2C_Slave_ISR_IT) refers to stm32f7xx_hal_i2c.o(i.I2C_ITSlaveCplt) for I2C_ITSlaveCplt
    stm32f7xx_hal_i2c.o(i.I2C_WaitOnFlagUntilTimeout) refers to stm32f7xx_hal.o(i.HAL_GetTick) for HAL_GetTick
    stm32f7xx_hal_i2c.o(i.I2C_WaitOnRXNEFlagUntilTimeout) refers to stm32f7xx_hal_i2c.o(i.I2C_IsAcknowledgeFailed) for I2C_IsAcknowledgeFailed
    stm32f7xx_hal_i2c.o(i.I2C_WaitOnRXNEFlagUntilTimeout) refers to stm32f7xx_hal.o(i.HAL_GetTick) for HAL_GetTick
    stm32f7xx_hal_i2c.o(i.I2C_WaitOnSTOPFlagUntilTimeout) refers to stm32f7xx_hal_i2c.o(i.I2C_IsAcknowledgeFailed) for I2C_IsAcknowledgeFailed
    stm32f7xx_hal_i2c.o(i.I2C_WaitOnSTOPFlagUntilTimeout) refers to stm32f7xx_hal.o(i.HAL_GetTick) for HAL_GetTick
    stm32f7xx_hal_i2c.o(i.I2C_WaitOnTXISFlagUntilTimeout) refers to stm32f7xx_hal_i2c.o(i.I2C_IsAcknowledgeFailed) for I2C_IsAcknowledgeFailed
    stm32f7xx_hal_i2c.o(i.I2C_WaitOnTXISFlagUntilTimeout) refers to stm32f7xx_hal.o(i.HAL_GetTick) for HAL_GetTick
    stm32f7xx_hal_pwr.o(i.HAL_PWR_PVD_IRQHandler) refers to stm32f7xx_hal_pwr.o(i.HAL_PWR_PVDCallback) for HAL_PWR_PVDCallback
    stm32f7xx_hal_dma_ex.o(i.HAL_DMAEx_MultiBufferStart) refers to stm32f7xx_hal_dma_ex.o(i.DMA_MultiBufferSetConfig) for DMA_MultiBufferSetConfig
    stm32f7xx_hal_dma_ex.o(i.HAL_DMAEx_MultiBufferStart_IT) refers to stm32f7xx_hal_dma_ex.o(i.DMA_MultiBufferSetConfig) for DMA_MultiBufferSetConfig
    stm32f7xx_hal_rtc_ex.o(i.HAL_RTCEx_DeactivateRefClock) refers to stm32f7xx_hal_rtc.o(i.RTC_EnterInitMode) for RTC_EnterInitMode
    stm32f7xx_hal_rtc_ex.o(i.HAL_RTCEx_DeactivateWakeUpTimer) refers to stm32f7xx_hal.o(i.HAL_GetTick) for HAL_GetTick
    stm32f7xx_hal_rtc_ex.o(i.HAL_RTCEx_GetTimeStamp) refers to stm32f7xx_hal_rtc.o(i.RTC_Bcd2ToByte) for RTC_Bcd2ToByte
    stm32f7xx_hal_rtc_ex.o(i.HAL_RTCEx_PollForAlarmBEvent) refers to stm32f7xx_hal.o(i.HAL_GetTick) for HAL_GetTick
    stm32f7xx_hal_rtc_ex.o(i.HAL_RTCEx_PollForTamper1Event) refers to stm32f7xx_hal.o(i.HAL_GetTick) for HAL_GetTick
    stm32f7xx_hal_rtc_ex.o(i.HAL_RTCEx_PollForTamper2Event) refers to stm32f7xx_hal.o(i.HAL_GetTick) for HAL_GetTick
    stm32f7xx_hal_rtc_ex.o(i.HAL_RTCEx_PollForTamper3Event) refers to stm32f7xx_hal.o(i.HAL_GetTick) for HAL_GetTick
    stm32f7xx_hal_rtc_ex.o(i.HAL_RTCEx_PollForTimeStampEvent) refers to stm32f7xx_hal.o(i.HAL_GetTick) for HAL_GetTick
    stm32f7xx_hal_rtc_ex.o(i.HAL_RTCEx_PollForWakeUpTimerEvent) refers to stm32f7xx_hal.o(i.HAL_GetTick) for HAL_GetTick
    stm32f7xx_hal_rtc_ex.o(i.HAL_RTCEx_SetRefClock) refers to stm32f7xx_hal_rtc.o(i.RTC_EnterInitMode) for RTC_EnterInitMode
    stm32f7xx_hal_rtc_ex.o(i.HAL_RTCEx_SetSmoothCalib) refers to stm32f7xx_hal.o(i.HAL_GetTick) for HAL_GetTick
    stm32f7xx_hal_rtc_ex.o(i.HAL_RTCEx_SetSynchroShift) refers to stm32f7xx_hal.o(i.HAL_GetTick) for HAL_GetTick
    stm32f7xx_hal_rtc_ex.o(i.HAL_RTCEx_SetSynchroShift) refers to stm32f7xx_hal_rtc.o(i.HAL_RTC_WaitForSynchro) for HAL_RTC_WaitForSynchro
    stm32f7xx_hal_rtc_ex.o(i.HAL_RTCEx_SetWakeUpTimer) refers to stm32f7xx_hal.o(i.HAL_GetTick) for HAL_GetTick
    stm32f7xx_hal_rtc_ex.o(i.HAL_RTCEx_SetWakeUpTimer_IT) refers to stm32f7xx_hal.o(i.HAL_GetTick) for HAL_GetTick
    stm32f7xx_hal_rtc_ex.o(i.HAL_RTCEx_TamperTimeStampIRQHandler) refers to stm32f7xx_hal_rtc_ex.o(i.HAL_RTCEx_TimeStampEventCallback) for HAL_RTCEx_TimeStampEventCallback
    stm32f7xx_hal_rtc_ex.o(i.HAL_RTCEx_TamperTimeStampIRQHandler) refers to stm32f7xx_hal_rtc_ex.o(i.HAL_RTCEx_Tamper1EventCallback) for HAL_RTCEx_Tamper1EventCallback
    stm32f7xx_hal_rtc_ex.o(i.HAL_RTCEx_TamperTimeStampIRQHandler) refers to stm32f7xx_hal_rtc_ex.o(i.HAL_RTCEx_Tamper2EventCallback) for HAL_RTCEx_Tamper2EventCallback
    stm32f7xx_hal_rtc_ex.o(i.HAL_RTCEx_TamperTimeStampIRQHandler) refers to stm32f7xx_hal_rtc_ex.o(i.HAL_RTCEx_Tamper3EventCallback) for HAL_RTCEx_Tamper3EventCallback
    stm32f7xx_hal_rtc_ex.o(i.HAL_RTCEx_WakeUpTimerIRQHandler) refers to stm32f7xx_hal_rtc_ex.o(i.HAL_RTCEx_WakeUpTimerEventCallback) for HAL_RTCEx_WakeUpTimerEventCallback
    stm32f7xx_hal_gpio.o(i.HAL_GPIO_EXTI_IRQHandler) refers to stm32f7xx_hal_gpio.o(i.HAL_GPIO_EXTI_Callback) for HAL_GPIO_EXTI_Callback
    stm32f7xx_hal.o(i.HAL_DeInit) refers to stm32f7xx_hal.o(i.HAL_MspDeInit) for HAL_MspDeInit
    stm32f7xx_hal.o(i.HAL_Delay) refers to stm32f7xx_hal.o(i.HAL_GetTick) for HAL_GetTick
    stm32f7xx_hal.o(i.HAL_GetTick) refers to stm32f7xx_hal.o(.data) for uwTick
    stm32f7xx_hal.o(i.HAL_IncTick) refers to stm32f7xx_hal.o(.data) for uwTick
    stm32f7xx_hal.o(i.HAL_Init) refers to stm32f7xx_hal_cortex.o(i.HAL_NVIC_SetPriorityGrouping) for HAL_NVIC_SetPriorityGrouping
    stm32f7xx_hal.o(i.HAL_Init) refers to stm32f7xx_hal.o(i.HAL_InitTick) for HAL_InitTick
    stm32f7xx_hal.o(i.HAL_Init) refers to stm32f7xx_hal_msp.o(i.HAL_MspInit) for HAL_MspInit
    stm32f7xx_hal.o(i.HAL_InitTick) refers to stm32f7xx_hal_cortex.o(i.HAL_SYSTICK_Config) for HAL_SYSTICK_Config
    stm32f7xx_hal.o(i.HAL_InitTick) refers to stm32f7xx_hal_cortex.o(i.HAL_NVIC_SetPriority) for HAL_NVIC_SetPriority
    stm32f7xx_hal.o(i.HAL_InitTick) refers to system_stm32f7xx_1.o(.data) for SystemCoreClock
    stm32f7xx_hal_pwr_ex.o(i.HAL_PWREx_ControlVoltageScaling) refers to stm32f7xx_hal.o(i.HAL_GetTick) for HAL_GetTick
    stm32f7xx_hal_pwr_ex.o(i.HAL_PWREx_DisableBkUpReg) refers to stm32f7xx_hal.o(i.HAL_GetTick) for HAL_GetTick
    stm32f7xx_hal_pwr_ex.o(i.HAL_PWREx_DisableOverDrive) refers to stm32f7xx_hal.o(i.HAL_GetTick) for HAL_GetTick
    stm32f7xx_hal_pwr_ex.o(i.HAL_PWREx_EnableBkUpReg) refers to stm32f7xx_hal.o(i.HAL_GetTick) for HAL_GetTick
    stm32f7xx_hal_pwr_ex.o(i.HAL_PWREx_EnableOverDrive) refers to stm32f7xx_hal.o(i.HAL_GetTick) for HAL_GetTick
    stm32f7xx_hal_pwr_ex.o(i.HAL_PWREx_EnterUnderDriveSTOPMode) refers to stm32f7xx_hal.o(i.HAL_GetTick) for HAL_GetTick
    startup_stm32f746xx_1.o(RESET) refers to startup_stm32f746xx_1.o(STACK) for __initial_sp
    startup_stm32f746xx_1.o(RESET) refers to startup_stm32f746xx_1.o(.text) for Reset_Handler
    startup_stm32f746xx_1.o(RESET) refers to stm32f7xx_it.o(i.SysTick_Handler) for SysTick_Handler
    startup_stm32f746xx_1.o(.text) refers to system_stm32f7xx_1.o(i.SystemInit) for SystemInit
    startup_stm32f746xx_1.o(.text) refers to entry.o(.ARM.Collect$$$$00000000) for __main
    system_stm32f7xx_1.o(i.SystemCoreClockUpdate) refers to system_stm32f7xx_1.o(.data) for SystemCoreClock
    system_stm32f7xx_1.o(i.SystemCoreClockUpdate) refers to system_stm32f7xx_1.o(.constdata) for AHBPrescTable
    nearbyint.o(i.__hardfp_nearbyint) refers (Special) to iusefp.o(.text) for __I$use$fp
    nearbyint.o(i.__hardfp_nearbyint) refers to fpstat.o(.text) for __ieee_status
    nearbyint.o(i.__hardfp_nearbyint) refers to drnd.o(.text) for _drnd
    nearbyint.o(i.nearbyint) refers (Special) to iusefp.o(.text) for __I$use$fp
    nearbyint.o(i.nearbyint) refers to fpstat.o(.text) for __ieee_status
    nearbyint.o(i.nearbyint) refers to drnd.o(.text) for _drnd
    entry.o(.ARM.Collect$$$$00000000) refers (Special) to entry10a.o(.ARM.Collect$$$$0000000D) for __rt_final_cpp
    entry.o(.ARM.Collect$$$$00000000) refers (Special) to entry11a.o(.ARM.Collect$$$$0000000F) for __rt_final_exit
    entry.o(.ARM.Collect$$$$00000000) refers (Special) to entry7b.o(.ARM.Collect$$$$00000008) for _main_clock
    entry.o(.ARM.Collect$$$$00000000) refers (Special) to entry8b.o(.ARM.Collect$$$$0000000A) for _main_cpp_init
    entry.o(.ARM.Collect$$$$00000000) refers (Special) to entry9a.o(.ARM.Collect$$$$0000000B) for _main_init
    entry.o(.ARM.Collect$$$$00000000) refers (Special) to entry5.o(.ARM.Collect$$$$00000004) for _main_scatterload
    entry.o(.ARM.Collect$$$$00000000) refers (Special) to entry2.o(.ARM.Collect$$$$00000001) for _main_stk
    dfixi.o(.text) refers (Special) to iusefp.o(.text) for __I$use$fp
    dfixi.o(.text) refers to llushr.o(.text) for __aeabi_llsr
    f2d.o(.text) refers (Special) to iusefp.o(.text) for __I$use$fp
    entry2.o(.ARM.Collect$$$$00000001) refers to entry2.o(.ARM.Collect$$$$00002712) for __lit__00000000
    entry2.o(.ARM.Collect$$$$00002712) refers to startup_stm32f746xx_1.o(STACK) for __initial_sp
    entry2.o(__vectab_stack_and_reset_area) refers to startup_stm32f746xx_1.o(STACK) for __initial_sp
    entry2.o(__vectab_stack_and_reset_area) refers to entry.o(.ARM.Collect$$$$00000000) for __main
    entry5.o(.ARM.Collect$$$$00000004) refers to init.o(.text) for __scatterload
    entry9a.o(.ARM.Collect$$$$0000000B) refers to main.o(i.main) for main
    entry9b.o(.ARM.Collect$$$$0000000C) refers to main.o(i.main) for main
    drnd.o(.text) refers to llshl.o(.text) for __aeabi_llsl
    drnd.o(.text) refers to llushr.o(.text) for __aeabi_llsr
    drnd.o(.text) refers to depilogue.o(.text) for _double_round
    init.o(.text) refers to entry5.o(.ARM.Collect$$$$00000004) for __main_after_scatterload
    depilogue.o(.text) refers to llshl.o(.text) for __aeabi_llsl
    depilogue.o(.text) refers to llushr.o(.text) for __aeabi_llsr


==============================================================================

Removing Unused input sections from the image.

    Removing stm32f7xx_it.o(.rev16_text), (4 bytes).
    Removing stm32f7xx_it.o(.revsh_text), (4 bytes).
    Removing stm32f7xx_it.o(.rrx_text), (6 bytes).
    Removing stm32f7xx_hal_msp.o(.rev16_text), (4 bytes).
    Removing stm32f7xx_hal_msp.o(.revsh_text), (4 bytes).
    Removing stm32f7xx_hal_msp.o(.rrx_text), (6 bytes).
    Removing rtc.o(.rev16_text), (4 bytes).
    Removing rtc.o(.revsh_text), (4 bytes).
    Removing rtc.o(.rrx_text), (6 bytes).
    Removing rtc.o(i.HAL_RTC_MspDeInit), (32 bytes).
    Removing main.o(.rev16_text), (4 bytes).
    Removing main.o(.revsh_text), (4 bytes).
    Removing main.o(.rrx_text), (6 bytes).
    Removing gpio.o(.rev16_text), (4 bytes).
    Removing gpio.o(.revsh_text), (4 bytes).
    Removing gpio.o(.rrx_text), (6 bytes).
    Removing stm32f7xx_hal_tim.o(.rev16_text), (4 bytes).
    Removing stm32f7xx_hal_tim.o(.revsh_text), (4 bytes).
    Removing stm32f7xx_hal_tim.o(.rrx_text), (6 bytes).
    Removing stm32f7xx_hal_rcc.o(.rev16_text), (4 bytes).
    Removing stm32f7xx_hal_rcc.o(.revsh_text), (4 bytes).
    Removing stm32f7xx_hal_rcc.o(.rrx_text), (6 bytes).
    Removing stm32f7xx_hal_rcc.o(i.HAL_RCC_CSSCallback), (2 bytes).
    Removing stm32f7xx_hal_rcc.o(i.HAL_RCC_DeInit), (128 bytes).
    Removing stm32f7xx_hal_rcc.o(i.HAL_RCC_DisableCSS), (20 bytes).
    Removing stm32f7xx_hal_rcc.o(i.HAL_RCC_EnableCSS), (20 bytes).
    Removing stm32f7xx_hal_rcc.o(i.HAL_RCC_GetClockConfig), (68 bytes).
    Removing stm32f7xx_hal_rcc.o(i.HAL_RCC_GetOscConfig), (296 bytes).
    Removing stm32f7xx_hal_rcc.o(i.HAL_RCC_GetPCLK1Freq), (44 bytes).
    Removing stm32f7xx_hal_rcc.o(i.HAL_RCC_GetPCLK2Freq), (44 bytes).
    Removing stm32f7xx_hal_rcc.o(i.HAL_RCC_MCOConfig), (184 bytes).
    Removing stm32f7xx_hal_rcc.o(i.HAL_RCC_NMI_IRQHandler), (32 bytes).
    Removing stm32f7xx_hal_flash_ex.o(.rev16_text), (4 bytes).
    Removing stm32f7xx_hal_flash_ex.o(.revsh_text), (4 bytes).
    Removing stm32f7xx_hal_flash_ex.o(.rrx_text), (6 bytes).
    Removing stm32f7xx_hal_flash_ex.o(i.FLASH_Erase_Sector), (120 bytes).
    Removing stm32f7xx_hal_flash_ex.o(i.FLASH_MassErase), (64 bytes).
    Removing stm32f7xx_hal_flash_ex.o(i.FLASH_OB_BOR_LevelConfig), (24 bytes).
    Removing stm32f7xx_hal_flash_ex.o(i.FLASH_OB_BootAddressConfig), (60 bytes).
    Removing stm32f7xx_hal_flash_ex.o(i.FLASH_OB_DisableWRP), (36 bytes).
    Removing stm32f7xx_hal_flash_ex.o(i.FLASH_OB_EnableWRP), (36 bytes).
    Removing stm32f7xx_hal_flash_ex.o(i.FLASH_OB_GetBOR), (16 bytes).
    Removing stm32f7xx_hal_flash_ex.o(i.FLASH_OB_GetBootAddress), (28 bytes).
    Removing stm32f7xx_hal_flash_ex.o(i.FLASH_OB_GetRDP), (32 bytes).
    Removing stm32f7xx_hal_flash_ex.o(i.FLASH_OB_GetUser), (20 bytes).
    Removing stm32f7xx_hal_flash_ex.o(i.FLASH_OB_GetWRP), (16 bytes).
    Removing stm32f7xx_hal_flash_ex.o(i.FLASH_OB_RDP_LevelConfig), (32 bytes).
    Removing stm32f7xx_hal_flash_ex.o(i.FLASH_OB_UserConfig), (96 bytes).
    Removing stm32f7xx_hal_flash_ex.o(i.HAL_FLASHEx_Erase), (168 bytes).
    Removing stm32f7xx_hal_flash_ex.o(i.HAL_FLASHEx_Erase_IT), (116 bytes).
    Removing stm32f7xx_hal_flash_ex.o(i.HAL_FLASHEx_OBGetConfig), (50 bytes).
    Removing stm32f7xx_hal_flash_ex.o(i.HAL_FLASHEx_OBProgram), (200 bytes).
    Removing stm32f7xx_hal_cortex.o(.rev16_text), (4 bytes).
    Removing stm32f7xx_hal_cortex.o(.revsh_text), (4 bytes).
    Removing stm32f7xx_hal_cortex.o(.rrx_text), (6 bytes).
    Removing stm32f7xx_hal_cortex.o(i.HAL_MPU_ConfigRegion), (92 bytes).
    Removing stm32f7xx_hal_cortex.o(i.HAL_MPU_Disable), (44 bytes).
    Removing stm32f7xx_hal_cortex.o(i.HAL_MPU_Enable), (64 bytes).
    Removing stm32f7xx_hal_cortex.o(i.HAL_NVIC_ClearPendingIRQ), (36 bytes).
    Removing stm32f7xx_hal_cortex.o(i.HAL_NVIC_DisableIRQ), (68 bytes).
    Removing stm32f7xx_hal_cortex.o(i.HAL_NVIC_EnableIRQ), (32 bytes).
    Removing stm32f7xx_hal_cortex.o(i.HAL_NVIC_GetActive), (48 bytes).
    Removing stm32f7xx_hal_cortex.o(i.HAL_NVIC_GetPendingIRQ), (48 bytes).
    Removing stm32f7xx_hal_cortex.o(i.HAL_NVIC_GetPriority), (148 bytes).
    Removing stm32f7xx_hal_cortex.o(i.HAL_NVIC_GetPriorityGrouping), (8 bytes).
    Removing stm32f7xx_hal_cortex.o(i.HAL_NVIC_SetPendingIRQ), (36 bytes).
    Removing stm32f7xx_hal_cortex.o(i.HAL_NVIC_SystemReset), (68 bytes).
    Removing stm32f7xx_hal_dma.o(.rev16_text), (4 bytes).
    Removing stm32f7xx_hal_dma.o(.revsh_text), (4 bytes).
    Removing stm32f7xx_hal_dma.o(.rrx_text), (6 bytes).
    Removing stm32f7xx_hal_dma.o(i.DMA_CalcBaseAndBitshift), (52 bytes).
    Removing stm32f7xx_hal_dma.o(i.DMA_CheckFifoParam), (170 bytes).
    Removing stm32f7xx_hal_dma.o(i.DMA_SetConfig), (44 bytes).
    Removing stm32f7xx_hal_dma.o(i.HAL_DMA_Abort), (170 bytes).
    Removing stm32f7xx_hal_dma.o(i.HAL_DMA_Abort_IT), (40 bytes).
    Removing stm32f7xx_hal_dma.o(i.HAL_DMA_DeInit), (98 bytes).
    Removing stm32f7xx_hal_dma.o(i.HAL_DMA_GetError), (6 bytes).
    Removing stm32f7xx_hal_dma.o(i.HAL_DMA_GetState), (8 bytes).
    Removing stm32f7xx_hal_dma.o(i.HAL_DMA_IRQHandler), (584 bytes).
    Removing stm32f7xx_hal_dma.o(i.HAL_DMA_Init), (236 bytes).
    Removing stm32f7xx_hal_dma.o(i.HAL_DMA_PollForTransfer), (356 bytes).
    Removing stm32f7xx_hal_dma.o(i.HAL_DMA_RegisterCallback), (94 bytes).
    Removing stm32f7xx_hal_dma.o(i.HAL_DMA_Start), (102 bytes).
    Removing stm32f7xx_hal_dma.o(i.HAL_DMA_Start_IT), (158 bytes).
    Removing stm32f7xx_hal_dma.o(i.HAL_DMA_UnRegisterCallback), (124 bytes).
    Removing stm32f7xx_hal_dma.o(.constdata), (8 bytes).
    Removing stm32f7xx_hal_rtc.o(.rev16_text), (4 bytes).
    Removing stm32f7xx_hal_rtc.o(.revsh_text), (4 bytes).
    Removing stm32f7xx_hal_rtc.o(.rrx_text), (6 bytes).
    Removing stm32f7xx_hal_rtc.o(i.HAL_RTC_AlarmAEventCallback), (2 bytes).
    Removing stm32f7xx_hal_rtc.o(i.HAL_RTC_AlarmIRQHandler), (112 bytes).
    Removing stm32f7xx_hal_rtc.o(i.HAL_RTC_DeInit), (260 bytes).
    Removing stm32f7xx_hal_rtc.o(i.HAL_RTC_DeactivateAlarm), (244 bytes).
    Removing stm32f7xx_hal_rtc.o(i.HAL_RTC_GetAlarm), (154 bytes).
    Removing stm32f7xx_hal_rtc.o(i.HAL_RTC_GetDate), (76 bytes).
    Removing stm32f7xx_hal_rtc.o(i.HAL_RTC_GetState), (6 bytes).
    Removing stm32f7xx_hal_rtc.o(i.HAL_RTC_GetTime), (96 bytes).
    Removing stm32f7xx_hal_rtc.o(i.HAL_RTC_MspDeInit), (2 bytes).
    Removing stm32f7xx_hal_rtc.o(i.HAL_RTC_MspInit), (2 bytes).
    Removing stm32f7xx_hal_rtc.o(i.HAL_RTC_PollForAlarmAEvent), (74 bytes).
    Removing stm32f7xx_hal_rtc.o(i.HAL_RTC_SetAlarm), (488 bytes).
    Removing stm32f7xx_hal_rtc.o(i.HAL_RTC_SetAlarm_IT), (552 bytes).
    Removing stm32f7xx_hal_rcc_ex.o(.rev16_text), (4 bytes).
    Removing stm32f7xx_hal_rcc_ex.o(.revsh_text), (4 bytes).
    Removing stm32f7xx_hal_rcc_ex.o(.rrx_text), (6 bytes).
    Removing stm32f7xx_hal_rcc_ex.o(i.HAL_RCCEx_GetPeriphCLKConfig), (568 bytes).
    Removing stm32f7xx_hal_rcc_ex.o(i.HAL_RCCEx_GetPeriphCLKFreq), (460 bytes).
    Removing stm32f7xx_hal_flash.o(.rev16_text), (4 bytes).
    Removing stm32f7xx_hal_flash.o(.revsh_text), (4 bytes).
    Removing stm32f7xx_hal_flash.o(.rrx_text), (6 bytes).
    Removing stm32f7xx_hal_flash.o(i.FLASH_Program_Byte), (52 bytes).
    Removing stm32f7xx_hal_flash.o(i.FLASH_Program_DoubleWord), (60 bytes).
    Removing stm32f7xx_hal_flash.o(i.FLASH_Program_HalfWord), (56 bytes).
    Removing stm32f7xx_hal_flash.o(i.FLASH_Program_Word), (56 bytes).
    Removing stm32f7xx_hal_flash.o(i.FLASH_SetErrorCode), (128 bytes).
    Removing stm32f7xx_hal_flash.o(i.FLASH_WaitForLastOperation), (100 bytes).
    Removing stm32f7xx_hal_flash.o(i.HAL_FLASH_EndOfOperationCallback), (2 bytes).
    Removing stm32f7xx_hal_flash.o(i.HAL_FLASH_GetError), (12 bytes).
    Removing stm32f7xx_hal_flash.o(i.HAL_FLASH_IRQHandler), (312 bytes).
    Removing stm32f7xx_hal_flash.o(i.HAL_FLASH_Lock), (20 bytes).
    Removing stm32f7xx_hal_flash.o(i.HAL_FLASH_OB_Launch), (28 bytes).
    Removing stm32f7xx_hal_flash.o(i.HAL_FLASH_OB_Lock), (20 bytes).
    Removing stm32f7xx_hal_flash.o(i.HAL_FLASH_OB_Unlock), (44 bytes).
    Removing stm32f7xx_hal_flash.o(i.HAL_FLASH_OperationErrorCallback), (2 bytes).
    Removing stm32f7xx_hal_flash.o(i.HAL_FLASH_Program), (164 bytes).
    Removing stm32f7xx_hal_flash.o(i.HAL_FLASH_Program_IT), (152 bytes).
    Removing stm32f7xx_hal_flash.o(i.HAL_FLASH_Unlock), (44 bytes).
    Removing stm32f7xx_hal_flash.o(.bss), (28 bytes).
    Removing stm32f7xx_hal_i2c.o(.rev16_text), (4 bytes).
    Removing stm32f7xx_hal_i2c.o(.revsh_text), (4 bytes).
    Removing stm32f7xx_hal_i2c.o(.rrx_text), (6 bytes).
    Removing stm32f7xx_hal_i2c.o(i.HAL_I2C_AbortCpltCallback), (2 bytes).
    Removing stm32f7xx_hal_i2c.o(i.HAL_I2C_AddrCallback), (2 bytes).
    Removing stm32f7xx_hal_i2c.o(i.HAL_I2C_DeInit), (60 bytes).
    Removing stm32f7xx_hal_i2c.o(i.HAL_I2C_DisableListen_IT), (54 bytes).
    Removing stm32f7xx_hal_i2c.o(i.HAL_I2C_ER_IRQHandler), (114 bytes).
    Removing stm32f7xx_hal_i2c.o(i.HAL_I2C_EV_IRQHandler), (28 bytes).
    Removing stm32f7xx_hal_i2c.o(i.HAL_I2C_EnableListen_IT), (44 bytes).
    Removing stm32f7xx_hal_i2c.o(i.HAL_I2C_ErrorCallback), (2 bytes).
    Removing stm32f7xx_hal_i2c.o(i.HAL_I2C_GetError), (6 bytes).
    Removing stm32f7xx_hal_i2c.o(i.HAL_I2C_GetMode), (8 bytes).
    Removing stm32f7xx_hal_i2c.o(i.HAL_I2C_GetState), (8 bytes).
    Removing stm32f7xx_hal_i2c.o(i.HAL_I2C_Init), (196 bytes).
    Removing stm32f7xx_hal_i2c.o(i.HAL_I2C_IsDeviceReady), (344 bytes).
    Removing stm32f7xx_hal_i2c.o(i.HAL_I2C_ListenCpltCallback), (2 bytes).
    Removing stm32f7xx_hal_i2c.o(i.HAL_I2C_MasterRxCpltCallback), (2 bytes).
    Removing stm32f7xx_hal_i2c.o(i.HAL_I2C_MasterTxCpltCallback), (2 bytes).
    Removing stm32f7xx_hal_i2c.o(i.HAL_I2C_Master_Abort_IT), (102 bytes).
    Removing stm32f7xx_hal_i2c.o(i.HAL_I2C_Master_Receive), (380 bytes).
    Removing stm32f7xx_hal_i2c.o(i.HAL_I2C_Master_Receive_DMA), (292 bytes).
    Removing stm32f7xx_hal_i2c.o(i.HAL_I2C_Master_Receive_IT), (168 bytes).
    Removing stm32f7xx_hal_i2c.o(i.HAL_I2C_Master_Sequential_Receive_IT), (168 bytes).
    Removing stm32f7xx_hal_i2c.o(i.HAL_I2C_Master_Sequential_Transmit_IT), (168 bytes).
    Removing stm32f7xx_hal_i2c.o(i.HAL_I2C_Master_Transmit), (372 bytes).
    Removing stm32f7xx_hal_i2c.o(i.HAL_I2C_Master_Transmit_DMA), (292 bytes).
    Removing stm32f7xx_hal_i2c.o(i.HAL_I2C_Master_Transmit_IT), (168 bytes).
    Removing stm32f7xx_hal_i2c.o(i.HAL_I2C_MemRxCpltCallback), (2 bytes).
    Removing stm32f7xx_hal_i2c.o(i.HAL_I2C_MemTxCpltCallback), (2 bytes).
    Removing stm32f7xx_hal_i2c.o(i.HAL_I2C_Mem_Read), (444 bytes).
    Removing stm32f7xx_hal_i2c.o(i.HAL_I2C_Mem_Read_DMA), (312 bytes).
    Removing stm32f7xx_hal_i2c.o(i.HAL_I2C_Mem_Read_IT), (244 bytes).
    Removing stm32f7xx_hal_i2c.o(i.HAL_I2C_Mem_Write), (440 bytes).
    Removing stm32f7xx_hal_i2c.o(i.HAL_I2C_Mem_Write_DMA), (312 bytes).
    Removing stm32f7xx_hal_i2c.o(i.HAL_I2C_Mem_Write_IT), (240 bytes).
    Removing stm32f7xx_hal_i2c.o(i.HAL_I2C_MspDeInit), (2 bytes).
    Removing stm32f7xx_hal_i2c.o(i.HAL_I2C_MspInit), (2 bytes).
    Removing stm32f7xx_hal_i2c.o(i.HAL_I2C_SlaveRxCpltCallback), (2 bytes).
    Removing stm32f7xx_hal_i2c.o(i.HAL_I2C_SlaveTxCpltCallback), (2 bytes).
    Removing stm32f7xx_hal_i2c.o(i.HAL_I2C_Slave_Receive), (378 bytes).
    Removing stm32f7xx_hal_i2c.o(i.HAL_I2C_Slave_Receive_DMA), (184 bytes).
    Removing stm32f7xx_hal_i2c.o(i.HAL_I2C_Slave_Receive_IT), (116 bytes).
    Removing stm32f7xx_hal_i2c.o(i.HAL_I2C_Slave_Sequential_Receive_IT), (168 bytes).
    Removing stm32f7xx_hal_i2c.o(i.HAL_I2C_Slave_Sequential_Transmit_IT), (168 bytes).
    Removing stm32f7xx_hal_i2c.o(i.HAL_I2C_Slave_Transmit), (392 bytes).
    Removing stm32f7xx_hal_i2c.o(i.HAL_I2C_Slave_Transmit_DMA), (184 bytes).
    Removing stm32f7xx_hal_i2c.o(i.HAL_I2C_Slave_Transmit_IT), (116 bytes).
    Removing stm32f7xx_hal_i2c.o(i.I2C_DMAAbort), (58 bytes).
    Removing stm32f7xx_hal_i2c.o(i.I2C_DMAError), (28 bytes).
    Removing stm32f7xx_hal_i2c.o(i.I2C_DMAMasterReceiveCplt), (82 bytes).
    Removing stm32f7xx_hal_i2c.o(i.I2C_DMAMasterTransmitCplt), (82 bytes).
    Removing stm32f7xx_hal_i2c.o(i.I2C_DMASlaveReceiveCplt), (2 bytes).
    Removing stm32f7xx_hal_i2c.o(i.I2C_DMASlaveTransmitCplt), (2 bytes).
    Removing stm32f7xx_hal_i2c.o(i.I2C_Disable_IRQ), (124 bytes).
    Removing stm32f7xx_hal_i2c.o(i.I2C_Enable_IRQ), (140 bytes).
    Removing stm32f7xx_hal_i2c.o(i.I2C_Flush_TXDR), (40 bytes).
    Removing stm32f7xx_hal_i2c.o(i.I2C_ITAddrCplt), (210 bytes).
    Removing stm32f7xx_hal_i2c.o(i.I2C_ITError), (280 bytes).
    Removing stm32f7xx_hal_i2c.o(i.I2C_ITListenCplt), (108 bytes).
    Removing stm32f7xx_hal_i2c.o(i.I2C_ITMasterCplt), (232 bytes).
    Removing stm32f7xx_hal_i2c.o(i.I2C_ITMasterSequentialCplt), (98 bytes).
    Removing stm32f7xx_hal_i2c.o(i.I2C_ITSlaveCplt), (304 bytes).
    Removing stm32f7xx_hal_i2c.o(i.I2C_ITSlaveSequentialCplt), (98 bytes).
    Removing stm32f7xx_hal_i2c.o(i.I2C_IsAcknowledgeFailed), (140 bytes).
    Removing stm32f7xx_hal_i2c.o(i.I2C_Master_ISR_DMA), (252 bytes).
    Removing stm32f7xx_hal_i2c.o(i.I2C_Master_ISR_IT), (398 bytes).
    Removing stm32f7xx_hal_i2c.o(i.I2C_RequestMemoryRead), (140 bytes).
    Removing stm32f7xx_hal_i2c.o(i.I2C_RequestMemoryWrite), (140 bytes).
    Removing stm32f7xx_hal_i2c.o(i.I2C_Slave_ISR_DMA), (144 bytes).
    Removing stm32f7xx_hal_i2c.o(i.I2C_Slave_ISR_IT), (320 bytes).
    Removing stm32f7xx_hal_i2c.o(i.I2C_TransferConfig), (48 bytes).
    Removing stm32f7xx_hal_i2c.o(i.I2C_WaitOnFlagUntilTimeout), (86 bytes).
    Removing stm32f7xx_hal_i2c.o(i.I2C_WaitOnRXNEFlagUntilTimeout), (144 bytes).
    Removing stm32f7xx_hal_i2c.o(i.I2C_WaitOnSTOPFlagUntilTimeout), (86 bytes).
    Removing stm32f7xx_hal_i2c.o(i.I2C_WaitOnTXISFlagUntilTimeout), (90 bytes).
    Removing stm32f7xx_hal_tim_ex.o(.rev16_text), (4 bytes).
    Removing stm32f7xx_hal_tim_ex.o(.revsh_text), (4 bytes).
    Removing stm32f7xx_hal_tim_ex.o(.rrx_text), (6 bytes).
    Removing stm32f7xx_hal_pwr.o(.rev16_text), (4 bytes).
    Removing stm32f7xx_hal_pwr.o(.revsh_text), (4 bytes).
    Removing stm32f7xx_hal_pwr.o(.rrx_text), (6 bytes).
    Removing stm32f7xx_hal_pwr.o(i.HAL_PWR_ConfigPVD), (180 bytes).
    Removing stm32f7xx_hal_pwr.o(i.HAL_PWR_DeInit), (28 bytes).
    Removing stm32f7xx_hal_pwr.o(i.HAL_PWR_DisableBkUpAccess), (20 bytes).
    Removing stm32f7xx_hal_pwr.o(i.HAL_PWR_DisablePVD), (20 bytes).
    Removing stm32f7xx_hal_pwr.o(i.HAL_PWR_DisableSEVOnPend), (20 bytes).
    Removing stm32f7xx_hal_pwr.o(i.HAL_PWR_DisableSleepOnExit), (20 bytes).
    Removing stm32f7xx_hal_pwr.o(i.HAL_PWR_DisableWakeUpPin), (16 bytes).
    Removing stm32f7xx_hal_pwr.o(i.HAL_PWR_EnableBkUpAccess), (20 bytes).
    Removing stm32f7xx_hal_pwr.o(i.HAL_PWR_EnablePVD), (20 bytes).
    Removing stm32f7xx_hal_pwr.o(i.HAL_PWR_EnableSEVOnPend), (20 bytes).
    Removing stm32f7xx_hal_pwr.o(i.HAL_PWR_EnableSleepOnExit), (20 bytes).
    Removing stm32f7xx_hal_pwr.o(i.HAL_PWR_EnableWakeUpPin), (40 bytes).
    Removing stm32f7xx_hal_pwr.o(i.HAL_PWR_EnterSLEEPMode), (32 bytes).
    Removing stm32f7xx_hal_pwr.o(i.HAL_PWR_EnterSTANDBYMode), (40 bytes).
    Removing stm32f7xx_hal_pwr.o(i.HAL_PWR_EnterSTOPMode), (68 bytes).
    Removing stm32f7xx_hal_pwr.o(i.HAL_PWR_PVDCallback), (2 bytes).
    Removing stm32f7xx_hal_pwr.o(i.HAL_PWR_PVD_IRQHandler), (32 bytes).
    Removing stm32f7xx_hal_dma_ex.o(.rev16_text), (4 bytes).
    Removing stm32f7xx_hal_dma_ex.o(.revsh_text), (4 bytes).
    Removing stm32f7xx_hal_dma_ex.o(.rrx_text), (6 bytes).
    Removing stm32f7xx_hal_dma_ex.o(i.DMA_MultiBufferSetConfig), (32 bytes).
    Removing stm32f7xx_hal_dma_ex.o(i.HAL_DMAEx_ChangeMemory), (18 bytes).
    Removing stm32f7xx_hal_dma_ex.o(i.HAL_DMAEx_MultiBufferStart), (124 bytes).
    Removing stm32f7xx_hal_dma_ex.o(i.HAL_DMAEx_MultiBufferStart_IT), (4044 bytes).
    Removing stm32f7xx_hal_rtc_ex.o(.rev16_text), (4 bytes).
    Removing stm32f7xx_hal_rtc_ex.o(.revsh_text), (4 bytes).
    Removing stm32f7xx_hal_rtc_ex.o(.rrx_text), (6 bytes).
    Removing stm32f7xx_hal_rtc_ex.o(i.HAL_RTCEx_AlarmBEventCallback), (2 bytes).
    Removing stm32f7xx_hal_rtc_ex.o(i.HAL_RTCEx_BKUPRead), (18 bytes).
    Removing stm32f7xx_hal_rtc_ex.o(i.HAL_RTCEx_BKUPWrite), (18 bytes).
    Removing stm32f7xx_hal_rtc_ex.o(i.HAL_RTCEx_DeactivateCalibrationOutPut), (78 bytes).
    Removing stm32f7xx_hal_rtc_ex.o(i.HAL_RTCEx_DeactivateInternalTimeStamp), (78 bytes).
    Removing stm32f7xx_hal_rtc_ex.o(i.HAL_RTCEx_DeactivateRefClock), (126 bytes).
    Removing stm32f7xx_hal_rtc_ex.o(i.HAL_RTCEx_DeactivateTamper), (116 bytes).
    Removing stm32f7xx_hal_rtc_ex.o(i.HAL_RTCEx_DeactivateTimeStamp), (96 bytes).
    Removing stm32f7xx_hal_rtc_ex.o(i.HAL_RTCEx_DeactivateWakeUpTimer), (152 bytes).
    Removing stm32f7xx_hal_rtc_ex.o(i.HAL_RTCEx_DisableBypassShadow), (78 bytes).
    Removing stm32f7xx_hal_rtc_ex.o(i.HAL_RTCEx_EnableBypassShadow), (78 bytes).
    Removing stm32f7xx_hal_rtc_ex.o(i.HAL_RTCEx_GetTimeStamp), (176 bytes).
    Removing stm32f7xx_hal_rtc_ex.o(i.HAL_RTCEx_GetWakeUpTimer), (10 bytes).
    Removing stm32f7xx_hal_rtc_ex.o(i.HAL_RTCEx_PollForAlarmBEvent), (74 bytes).
    Removing stm32f7xx_hal_rtc_ex.o(i.HAL_RTCEx_PollForTamper1Event), (74 bytes).
    Removing stm32f7xx_hal_rtc_ex.o(i.HAL_RTCEx_PollForTamper2Event), (74 bytes).
    Removing stm32f7xx_hal_rtc_ex.o(i.HAL_RTCEx_PollForTamper3Event), (76 bytes).
    Removing stm32f7xx_hal_rtc_ex.o(i.HAL_RTCEx_PollForTimeStampEvent), (92 bytes).
    Removing stm32f7xx_hal_rtc_ex.o(i.HAL_RTCEx_PollForWakeUpTimerEvent), (74 bytes).
    Removing stm32f7xx_hal_rtc_ex.o(i.HAL_RTCEx_SetCalibrationOutPut), (100 bytes).
    Removing stm32f7xx_hal_rtc_ex.o(i.HAL_RTCEx_SetInternalTimeStamp), (78 bytes).
    Removing stm32f7xx_hal_rtc_ex.o(i.HAL_RTCEx_SetRefClock), (126 bytes).
    Removing stm32f7xx_hal_rtc_ex.o(i.HAL_RTCEx_SetSmoothCalib), (162 bytes).
    Removing stm32f7xx_hal_rtc_ex.o(i.HAL_RTCEx_SetSynchroShift), (224 bytes).
    Removing stm32f7xx_hal_rtc_ex.o(i.HAL_RTCEx_SetTamper), (248 bytes).
    Removing stm32f7xx_hal_rtc_ex.o(i.HAL_RTCEx_SetTamper_IT), (352 bytes).
    Removing stm32f7xx_hal_rtc_ex.o(i.HAL_RTCEx_SetTimeStamp), (122 bytes).
    Removing stm32f7xx_hal_rtc_ex.o(i.HAL_RTCEx_SetTimeStamp_IT), (184 bytes).
    Removing stm32f7xx_hal_rtc_ex.o(i.HAL_RTCEx_SetWakeUpTimer), (196 bytes).
    Removing stm32f7xx_hal_rtc_ex.o(i.HAL_RTCEx_SetWakeUpTimer_IT), (256 bytes).
    Removing stm32f7xx_hal_rtc_ex.o(i.HAL_RTCEx_Tamper1EventCallback), (2 bytes).
    Removing stm32f7xx_hal_rtc_ex.o(i.HAL_RTCEx_Tamper2EventCallback), (2 bytes).
    Removing stm32f7xx_hal_rtc_ex.o(i.HAL_RTCEx_Tamper3EventCallback), (2 bytes).
    Removing stm32f7xx_hal_rtc_ex.o(i.HAL_RTCEx_TamperTimeStampIRQHandler), (224 bytes).
    Removing stm32f7xx_hal_rtc_ex.o(i.HAL_RTCEx_TimeStampEventCallback), (2 bytes).
    Removing stm32f7xx_hal_rtc_ex.o(i.HAL_RTCEx_WakeUpTimerEventCallback), (2 bytes).
    Removing stm32f7xx_hal_rtc_ex.o(i.HAL_RTCEx_WakeUpTimerIRQHandler), (64 bytes).
    Removing stm32f7xx_hal_gpio.o(.rev16_text), (4 bytes).
    Removing stm32f7xx_hal_gpio.o(.revsh_text), (4 bytes).
    Removing stm32f7xx_hal_gpio.o(.rrx_text), (6 bytes).
    Removing stm32f7xx_hal_gpio.o(i.HAL_GPIO_DeInit), (384 bytes).
    Removing stm32f7xx_hal_gpio.o(i.HAL_GPIO_EXTI_Callback), (2 bytes).
    Removing stm32f7xx_hal_gpio.o(i.HAL_GPIO_EXTI_IRQHandler), (28 bytes).
    Removing stm32f7xx_hal_gpio.o(i.HAL_GPIO_LockPin), (46 bytes).
    Removing stm32f7xx_hal_gpio.o(i.HAL_GPIO_TogglePin), (8 bytes).
    Removing stm32f7xx_hal.o(.rev16_text), (4 bytes).
    Removing stm32f7xx_hal.o(.revsh_text), (4 bytes).
    Removing stm32f7xx_hal.o(.rrx_text), (6 bytes).
    Removing stm32f7xx_hal.o(i.HAL_DBGMCU_DisableDBGSleepMode), (20 bytes).
    Removing stm32f7xx_hal.o(i.HAL_DBGMCU_DisableDBGStandbyMode), (20 bytes).
    Removing stm32f7xx_hal.o(i.HAL_DBGMCU_DisableDBGStopMode), (20 bytes).
    Removing stm32f7xx_hal.o(i.HAL_DBGMCU_EnableDBGSleepMode), (20 bytes).
    Removing stm32f7xx_hal.o(i.HAL_DBGMCU_EnableDBGStandbyMode), (20 bytes).
    Removing stm32f7xx_hal.o(i.HAL_DBGMCU_EnableDBGStopMode), (20 bytes).
    Removing stm32f7xx_hal.o(i.HAL_DeInit), (68 bytes).
    Removing stm32f7xx_hal.o(i.HAL_DisableCompensationCell), (20 bytes).
    Removing stm32f7xx_hal.o(i.HAL_DisableFMCMemorySwapping), (20 bytes).
    Removing stm32f7xx_hal.o(i.HAL_EnableCompensationCell), (20 bytes).
    Removing stm32f7xx_hal.o(i.HAL_EnableFMCMemorySwapping), (20 bytes).
    Removing stm32f7xx_hal.o(i.HAL_GetDEVID), (16 bytes).
    Removing stm32f7xx_hal.o(i.HAL_GetHalVersion), (8 bytes).
    Removing stm32f7xx_hal.o(i.HAL_GetREVID), (12 bytes).
    Removing stm32f7xx_hal.o(i.HAL_MspDeInit), (2 bytes).
    Removing stm32f7xx_hal.o(i.HAL_MspInit), (2 bytes).
    Removing stm32f7xx_hal.o(i.HAL_ResumeTick), (18 bytes).
    Removing stm32f7xx_hal.o(i.HAL_SuspendTick), (18 bytes).
    Removing stm32f7xx_hal_pwr_ex.o(.rev16_text), (4 bytes).
    Removing stm32f7xx_hal_pwr_ex.o(.revsh_text), (4 bytes).
    Removing stm32f7xx_hal_pwr_ex.o(.rrx_text), (6 bytes).
    Removing stm32f7xx_hal_pwr_ex.o(i.HAL_PWREx_ControlVoltageScaling), (236 bytes).
    Removing stm32f7xx_hal_pwr_ex.o(i.HAL_PWREx_DisableBkUpReg), (72 bytes).
    Removing stm32f7xx_hal_pwr_ex.o(i.HAL_PWREx_DisableFlashPowerDown), (20 bytes).
    Removing stm32f7xx_hal_pwr_ex.o(i.HAL_PWREx_DisableLowRegulatorLowVoltage), (20 bytes).
    Removing stm32f7xx_hal_pwr_ex.o(i.HAL_PWREx_DisableMainRegulatorLowVoltage), (20 bytes).
    Removing stm32f7xx_hal_pwr_ex.o(i.HAL_PWREx_DisableOverDrive), (144 bytes).
    Removing stm32f7xx_hal_pwr_ex.o(i.HAL_PWREx_EnableBkUpReg), (72 bytes).
    Removing stm32f7xx_hal_pwr_ex.o(i.HAL_PWREx_EnableFlashPowerDown), (20 bytes).
    Removing stm32f7xx_hal_pwr_ex.o(i.HAL_PWREx_EnableLowRegulatorLowVoltage), (20 bytes).
    Removing stm32f7xx_hal_pwr_ex.o(i.HAL_PWREx_EnableMainRegulatorLowVoltage), (20 bytes).
    Removing stm32f7xx_hal_pwr_ex.o(i.HAL_PWREx_EnterUnderDriveSTOPMode), (164 bytes).
    Removing stm32f7xx_hal_pwr_ex.o(i.HAL_PWREx_GetVoltageRange), (16 bytes).
    Removing stm32f7xx_hal_i2c_ex.o(.rev16_text), (4 bytes).
    Removing stm32f7xx_hal_i2c_ex.o(.revsh_text), (4 bytes).
    Removing stm32f7xx_hal_i2c_ex.o(.rrx_text), (6 bytes).
    Removing stm32f7xx_hal_i2c_ex.o(i.HAL_I2CEx_ConfigAnalogFilter), (106 bytes).
    Removing stm32f7xx_hal_i2c_ex.o(i.HAL_I2CEx_ConfigDigitalFilter), (106 bytes).
    Removing startup_stm32f746xx_1.o(HEAP), (512 bytes).
    Removing system_stm32f7xx_1.o(.rev16_text), (4 bytes).
    Removing system_stm32f7xx_1.o(.revsh_text), (4 bytes).
    Removing system_stm32f7xx_1.o(.rrx_text), (6 bytes).
    Removing system_stm32f7xx_1.o(i.SystemCoreClockUpdate), (192 bytes).

328 unused section(s) (total 31398 bytes) removed from the image.

==============================================================================

Image Symbol Table

    Local Symbols

    Symbol Name                              Value     Ov Type        Size  Object(Section)

    ../Src/gpio.c                            0x00000000   Number         0  gpio.o ABSOLUTE
    ../Src/main.c                            0x00000000   Number         0  main.o ABSOLUTE
    ../Src/rtc.c                             0x00000000   Number         0  rtc.o ABSOLUTE
    ../Src/stm32f7xx_hal_msp.c               0x00000000   Number         0  stm32f7xx_hal_msp.o ABSOLUTE
    ../Src/stm32f7xx_it.c                    0x00000000   Number         0  stm32f7xx_it.o ABSOLUTE
    ../clib/microlib/init/entry.s            0x00000000   Number         0  entry11b.o ABSOLUTE
    ../clib/microlib/init/entry.s            0x00000000   Number         0  entry11a.o ABSOLUTE
    ../clib/microlib/init/entry.s            0x00000000   Number         0  entry9b.o ABSOLUTE
    ../clib/microlib/init/entry.s            0x00000000   Number         0  entry5.o ABSOLUTE
    ../clib/microlib/init/entry.s            0x00000000   Number         0  entry7a.o ABSOLUTE
    ../clib/microlib/init/entry.s            0x00000000   Number         0  entry7b.o ABSOLUTE
    ../clib/microlib/init/entry.s            0x00000000   Number         0  entry8a.o ABSOLUTE
    ../clib/microlib/init/entry.s            0x00000000   Number         0  entry8b.o ABSOLUTE
    ../clib/microlib/init/entry.s            0x00000000   Number         0  entry9a.o ABSOLUTE
    ../clib/microlib/init/entry.s            0x00000000   Number         0  entry10b.o ABSOLUTE
    ../clib/microlib/init/entry.s            0x00000000   Number         0  entry10a.o ABSOLUTE
    ../clib/microlib/init/entry.s            0x00000000   Number         0  entry2.o ABSOLUTE
    ../clib/microlib/init/entry.s            0x00000000   Number         0  entry.o ABSOLUTE
    ../clib/microlib/longlong.c              0x00000000   Number         0  llushr.o ABSOLUTE
    ../clib/microlib/longlong.c              0x00000000   Number         0  llshl.o ABSOLUTE
    ../clib/microlib/stubs.s                 0x00000000   Number         0  iusefp.o ABSOLUTE
    ../fplib/microlib/f2d.c                  0x00000000   Number         0  f2d.o ABSOLUTE
    ../fplib/microlib/fpepilogue.c           0x00000000   Number         0  depilogue.o ABSOLUTE
    ../fplib/microlib/fpfix.c                0x00000000   Number         0  dfixi.o ABSOLUTE
    ../fplib/microlib/fprnd.c                0x00000000   Number         0  drnd.o ABSOLUTE
    ../fplib/microlib/fpstat.c               0x00000000   Number         0  fpstat.o ABSOLUTE
    ../mathlib/nearbyint.c                   0x00000000   Number         0  nearbyint.o ABSOLUTE
    ..\Src\gpio.c                            0x00000000   Number         0  gpio.o ABSOLUTE
    ..\Src\main.c                            0x00000000   Number         0  main.o ABSOLUTE
    ..\Src\rtc.c                             0x00000000   Number         0  rtc.o ABSOLUTE
    ..\Src\stm32f7xx_hal_msp.c               0x00000000   Number         0  stm32f7xx_hal_msp.o ABSOLUTE
    ..\Src\stm32f7xx_it.c                    0x00000000   Number         0  stm32f7xx_it.o ABSOLUTE
    C:/Users/Hjalm/STM32Cube/Repository/STM32Cube_FW_F7_V1.6.1/Drivers/STM32F7xx_HAL_Driver/Src/stm32f7xx_hal.c 0x00000000   Number         0  stm32f7xx_hal.o ABSOLUTE
    C:/Users/Hjalm/STM32Cube/Repository/STM32Cube_FW_F7_V1.6.1/Drivers/STM32F7xx_HAL_Driver/Src/stm32f7xx_hal_cortex.c 0x00000000   Number         0  stm32f7xx_hal_cortex.o ABSOLUTE
    C:/Users/Hjalm/STM32Cube/Repository/STM32Cube_FW_F7_V1.6.1/Drivers/STM32F7xx_HAL_Driver/Src/stm32f7xx_hal_dma.c 0x00000000   Number         0  stm32f7xx_hal_dma.o ABSOLUTE
    C:/Users/Hjalm/STM32Cube/Repository/STM32Cube_FW_F7_V1.6.1/Drivers/STM32F7xx_HAL_Driver/Src/stm32f7xx_hal_dma_ex.c 0x00000000   Number         0  stm32f7xx_hal_dma_ex.o ABSOLUTE
    C:/Users/Hjalm/STM32Cube/Repository/STM32Cube_FW_F7_V1.6.1/Drivers/STM32F7xx_HAL_Driver/Src/stm32f7xx_hal_flash.c 0x00000000   Number         0  stm32f7xx_hal_flash.o ABSOLUTE
    C:/Users/Hjalm/STM32Cube/Repository/STM32Cube_FW_F7_V1.6.1/Drivers/STM32F7xx_HAL_Driver/Src/stm32f7xx_hal_flash_ex.c 0x00000000   Number         0  stm32f7xx_hal_flash_ex.o ABSOLUTE
    C:/Users/Hjalm/STM32Cube/Repository/STM32Cube_FW_F7_V1.6.1/Drivers/STM32F7xx_HAL_Driver/Src/stm32f7xx_hal_gpio.c 0x00000000   Number         0  stm32f7xx_hal_gpio.o ABSOLUTE
    C:/Users/Hjalm/STM32Cube/Repository/STM32Cube_FW_F7_V1.6.1/Drivers/STM32F7xx_HAL_Driver/Src/stm32f7xx_hal_i2c.c 0x00000000   Number         0  stm32f7xx_hal_i2c.o ABSOLUTE
    C:/Users/Hjalm/STM32Cube/Repository/STM32Cube_FW_F7_V1.6.1/Drivers/STM32F7xx_HAL_Driver/Src/stm32f7xx_hal_i2c_ex.c 0x00000000   Number         0  stm32f7xx_hal_i2c_ex.o ABSOLUTE
    C:/Users/Hjalm/STM32Cube/Repository/STM32Cube_FW_F7_V1.6.1/Drivers/STM32F7xx_HAL_Driver/Src/stm32f7xx_hal_pwr.c 0x00000000   Number         0  stm32f7xx_hal_pwr.o ABSOLUTE
    C:/Users/Hjalm/STM32Cube/Repository/STM32Cube_FW_F7_V1.6.1/Drivers/STM32F7xx_HAL_Driver/Src/stm32f7xx_hal_pwr_ex.c 0x00000000   Number         0  stm32f7xx_hal_pwr_ex.o ABSOLUTE
    C:/Users/Hjalm/STM32Cube/Repository/STM32Cube_FW_F7_V1.6.1/Drivers/STM32F7xx_HAL_Driver/Src/stm32f7xx_hal_rcc.c 0x00000000   Number         0  stm32f7xx_hal_rcc.o ABSOLUTE
    C:/Users/Hjalm/STM32Cube/Repository/STM32Cube_FW_F7_V1.6.1/Drivers/STM32F7xx_HAL_Driver/Src/stm32f7xx_hal_rcc_ex.c 0x00000000   Number         0  stm32f7xx_hal_rcc_ex.o ABSOLUTE
    C:/Users/Hjalm/STM32Cube/Repository/STM32Cube_FW_F7_V1.6.1/Drivers/STM32F7xx_HAL_Driver/Src/stm32f7xx_hal_rtc.c 0x00000000   Number         0  stm32f7xx_hal_rtc.o ABSOLUTE
    C:/Users/Hjalm/STM32Cube/Repository/STM32Cube_FW_F7_V1.6.1/Drivers/STM32F7xx_HAL_Driver/Src/stm32f7xx_hal_rtc_ex.c 0x00000000   Number         0  stm32f7xx_hal_rtc_ex.o ABSOLUTE
    C:/Users/Hjalm/STM32Cube/Repository/STM32Cube_FW_F7_V1.6.1/Drivers/STM32F7xx_HAL_Driver/Src/stm32f7xx_hal_tim.c 0x00000000   Number         0  stm32f7xx_hal_tim.o ABSOLUTE
    C:/Users/Hjalm/STM32Cube/Repository/STM32Cube_FW_F7_V1.6.1/Drivers/STM32F7xx_HAL_Driver/Src/stm32f7xx_hal_tim_ex.c 0x00000000   Number         0  stm32f7xx_hal_tim_ex.o ABSOLUTE
    C:\Users\Hjalm\STM32Cube\Repository\STM32Cube_FW_F7_V1.6.1\Drivers\STM32F7xx_HAL_Driver\Src\stm32f7xx_hal.c 0x00000000   Number         0  stm32f7xx_hal.o ABSOLUTE
    C:\Users\Hjalm\STM32Cube\Repository\STM32Cube_FW_F7_V1.6.1\Drivers\STM32F7xx_HAL_Driver\Src\stm32f7xx_hal_cortex.c 0x00000000   Number         0  stm32f7xx_hal_cortex.o ABSOLUTE
    C:\Users\Hjalm\STM32Cube\Repository\STM32Cube_FW_F7_V1.6.1\Drivers\STM32F7xx_HAL_Driver\Src\stm32f7xx_hal_dma.c 0x00000000   Number         0  stm32f7xx_hal_dma.o ABSOLUTE
    C:\Users\Hjalm\STM32Cube\Repository\STM32Cube_FW_F7_V1.6.1\Drivers\STM32F7xx_HAL_Driver\Src\stm32f7xx_hal_dma_ex.c 0x00000000   Number         0  stm32f7xx_hal_dma_ex.o ABSOLUTE
    C:\Users\Hjalm\STM32Cube\Repository\STM32Cube_FW_F7_V1.6.1\Drivers\STM32F7xx_HAL_Driver\Src\stm32f7xx_hal_flash.c 0x00000000   Number         0  stm32f7xx_hal_flash.o ABSOLUTE
    C:\Users\Hjalm\STM32Cube\Repository\STM32Cube_FW_F7_V1.6.1\Drivers\STM32F7xx_HAL_Driver\Src\stm32f7xx_hal_flash_ex.c 0x00000000   Number         0  stm32f7xx_hal_flash_ex.o ABSOLUTE
    C:\Users\Hjalm\STM32Cube\Repository\STM32Cube_FW_F7_V1.6.1\Drivers\STM32F7xx_HAL_Driver\Src\stm32f7xx_hal_gpio.c 0x00000000   Number         0  stm32f7xx_hal_gpio.o ABSOLUTE
    C:\Users\Hjalm\STM32Cube\Repository\STM32Cube_FW_F7_V1.6.1\Drivers\STM32F7xx_HAL_Driver\Src\stm32f7xx_hal_i2c.c 0x00000000   Number         0  stm32f7xx_hal_i2c.o ABSOLUTE
    C:\Users\Hjalm\STM32Cube\Repository\STM32Cube_FW_F7_V1.6.1\Drivers\STM32F7xx_HAL_Driver\Src\stm32f7xx_hal_i2c_ex.c 0x00000000   Number         0  stm32f7xx_hal_i2c_ex.o ABSOLUTE
    C:\Users\Hjalm\STM32Cube\Repository\STM32Cube_FW_F7_V1.6.1\Drivers\STM32F7xx_HAL_Driver\Src\stm32f7xx_hal_pwr.c 0x00000000   Number         0  stm32f7xx_hal_pwr.o ABSOLUTE
    C:\Users\Hjalm\STM32Cube\Repository\STM32Cube_FW_F7_V1.6.1\Drivers\STM32F7xx_HAL_Driver\Src\stm32f7xx_hal_pwr_ex.c 0x00000000   Number         0  stm32f7xx_hal_pwr_ex.o ABSOLUTE
    C:\Users\Hjalm\STM32Cube\Repository\STM32Cube_FW_F7_V1.6.1\Drivers\STM32F7xx_HAL_Driver\Src\stm32f7xx_hal_rcc.c 0x00000000   Number         0  stm32f7xx_hal_rcc.o ABSOLUTE
    C:\Users\Hjalm\STM32Cube\Repository\STM32Cube_FW_F7_V1.6.1\Drivers\STM32F7xx_HAL_Driver\Src\stm32f7xx_hal_rcc_ex.c 0x00000000   Number         0  stm32f7xx_hal_rcc_ex.o ABSOLUTE
    C:\Users\Hjalm\STM32Cube\Repository\STM32Cube_FW_F7_V1.6.1\Drivers\STM32F7xx_HAL_Driver\Src\stm32f7xx_hal_rtc.c 0x00000000   Number         0  stm32f7xx_hal_rtc.o ABSOLUTE
    C:\Users\Hjalm\STM32Cube\Repository\STM32Cube_FW_F7_V1.6.1\Drivers\STM32F7xx_HAL_Driver\Src\stm32f7xx_hal_rtc_ex.c 0x00000000   Number         0  stm32f7xx_hal_rtc_ex.o ABSOLUTE
    C:\Users\Hjalm\STM32Cube\Repository\STM32Cube_FW_F7_V1.6.1\Drivers\STM32F7xx_HAL_Driver\Src\stm32f7xx_hal_tim.c 0x00000000   Number         0  stm32f7xx_hal_tim.o ABSOLUTE
    C:\Users\Hjalm\STM32Cube\Repository\STM32Cube_FW_F7_V1.6.1\Drivers\STM32F7xx_HAL_Driver\Src\stm32f7xx_hal_tim_ex.c 0x00000000   Number         0  stm32f7xx_hal_tim_ex.o ABSOLUTE
    RTE\Device\STM32F746NGHx\startup_stm32f746xx.s 0x00000000   Number         0  startup_stm32f746xx_1.o ABSOLUTE
    RTE\Device\STM32F746NGHx\system_stm32f7xx.c 0x00000000   Number         0  system_stm32f7xx_1.o ABSOLUTE
    RTE\\Device\\STM32F746NGHx\\system_stm32f7xx.c 0x00000000   Number         0  system_stm32f7xx_1.o ABSOLUTE
    dc.s                                     0x00000000   Number         0  dc.o ABSOLUTE
    handlers.s                               0x00000000   Number         0  handlers.o ABSOLUTE
    init.s                                   0x00000000   Number         0  init.o ABSOLUTE
    RESET                                    0x08000000   Section      456  startup_stm32f746xx_1.o(RESET)
    .ARM.Collect$$$$00000000                 0x080001c8   Section        0  entry.o(.ARM.Collect$$$$00000000)
    .ARM.Collect$$$$00000001                 0x080001c8   Section        4  entry2.o(.ARM.Collect$$$$00000001)
    .ARM.Collect$$$$00000004                 0x080001cc   Section        4  entry5.o(.ARM.Collect$$$$00000004)
    .ARM.Collect$$$$00000008                 0x080001d0   Section        0  entry7b.o(.ARM.Collect$$$$00000008)
    .ARM.Collect$$$$0000000A                 0x080001d0   Section        0  entry8b.o(.ARM.Collect$$$$0000000A)
    .ARM.Collect$$$$0000000B                 0x080001d0   Section        8  entry9a.o(.ARM.Collect$$$$0000000B)
    .ARM.Collect$$$$0000000D                 0x080001d8   Section        0  entry10a.o(.ARM.Collect$$$$0000000D)
    .ARM.Collect$$$$0000000F                 0x080001d8   Section        0  entry11a.o(.ARM.Collect$$$$0000000F)
    .ARM.Collect$$$$00002712                 0x080001d8   Section        4  entry2.o(.ARM.Collect$$$$00002712)
    __lit__00000000                          0x080001d8   Data           4  entry2.o(.ARM.Collect$$$$00002712)
    .text                                    0x080001dc   Section       36  startup_stm32f746xx_1.o(.text)
    $v0                                      0x080001dc   Number         0  startup_stm32f746xx_1.o(.text)
    .text                                    0x08000200   Section        0  dfixi.o(.text)
    .text                                    0x0800023e   Section        0  f2d.o(.text)
    .text                                    0x08000264   Section        0  llushr.o(.text)
    .text                                    0x08000284   Section        0  drnd.o(.text)
    .text                                    0x08000284   Section        0  iusefp.o(.text)
    .text                                    0x0800030c   Section        0  fpstat.o(.text)
    .text                                    0x08000310   Section       36  init.o(.text)
    .text                                    0x08000334   Section        0  llshl.o(.text)
    .text                                    0x08000352   Section        0  depilogue.o(.text)
    i.Error_Handler                          0x0800040c   Section        0  main.o(i.Error_Handler)
    i.HAL_Delay                              0x08000410   Section        0  stm32f7xx_hal.o(i.HAL_Delay)
    i.HAL_GPIO_Init                          0x0800042c   Section        0  stm32f7xx_hal_gpio.o(i.HAL_GPIO_Init)
    i.HAL_GPIO_ReadPin                       0x08000644   Section        0  stm32f7xx_hal_gpio.o(i.HAL_GPIO_ReadPin)
    i.HAL_GPIO_WritePin                      0x08000654   Section        0  stm32f7xx_hal_gpio.o(i.HAL_GPIO_WritePin)
    i.HAL_GetTick                            0x08000660   Section        0  stm32f7xx_hal.o(i.HAL_GetTick)
    i.HAL_IncTick                            0x0800066c   Section        0  stm32f7xx_hal.o(i.HAL_IncTick)
    i.HAL_Init                               0x0800067c   Section        0  stm32f7xx_hal.o(i.HAL_Init)
    i.HAL_InitTick                           0x08000694   Section        0  stm32f7xx_hal.o(i.HAL_InitTick)
    i.HAL_MspInit                            0x080006bc   Section        0  stm32f7xx_hal_msp.o(i.HAL_MspInit)
    i.HAL_NVIC_SetPriority                   0x08000712   Section        0  stm32f7xx_hal_cortex.o(i.HAL_NVIC_SetPriority)
    i.HAL_NVIC_SetPriorityGrouping           0x08000790   Section        0  stm32f7xx_hal_cortex.o(i.HAL_NVIC_SetPriorityGrouping)
    i.HAL_PWREx_EnableOverDrive              0x080007b8   Section        0  stm32f7xx_hal_pwr_ex.o(i.HAL_PWREx_EnableOverDrive)
    i.HAL_RCCEx_PeriphCLKConfig              0x08000848   Section        0  stm32f7xx_hal_rcc_ex.o(i.HAL_RCCEx_PeriphCLKConfig)
    i.HAL_RCC_ClockConfig                    0x08001160   Section        0  stm32f7xx_hal_rcc.o(i.HAL_RCC_ClockConfig)
    i.HAL_RCC_GetHCLKFreq                    0x08001314   Section        0  stm32f7xx_hal_rcc.o(i.HAL_RCC_GetHCLKFreq)
    i.HAL_RCC_GetSysClockFreq                0x08001320   Section        0  stm32f7xx_hal_rcc.o(i.HAL_RCC_GetSysClockFreq)
    i.HAL_RCC_OscConfig                      0x080013d4   Section        0  stm32f7xx_hal_rcc.o(i.HAL_RCC_OscConfig)
    i.HAL_RTC_Init                           0x080018bc   Section        0  stm32f7xx_hal_rtc.o(i.HAL_RTC_Init)
    i.HAL_RTC_MspInit                        0x08001970   Section        0  rtc.o(i.HAL_RTC_MspInit)
    i.HAL_RTC_SetDate                        0x08001990   Section        0  stm32f7xx_hal_rtc.o(i.HAL_RTC_SetDate)
    i.HAL_RTC_SetTime                        0x08001aa4   Section        0  stm32f7xx_hal_rtc.o(i.HAL_RTC_SetTime)
    i.HAL_RTC_WaitForSynchro                 0x08001bd8   Section        0  stm32f7xx_hal_rtc.o(i.HAL_RTC_WaitForSynchro)
    i.HAL_SYSTICK_CLKSourceConfig            0x08001c12   Section        0  stm32f7xx_hal_cortex.o(i.HAL_SYSTICK_CLKSourceConfig)
    i.HAL_SYSTICK_Callback                   0x08001c3a   Section        0  stm32f7xx_hal_cortex.o(i.HAL_SYSTICK_Callback)
    i.HAL_SYSTICK_Config                     0x08001c3c   Section        0  stm32f7xx_hal_cortex.o(i.HAL_SYSTICK_Config)
    i.HAL_SYSTICK_IRQHandler                 0x08001c70   Section        0  stm32f7xx_hal_cortex.o(i.HAL_SYSTICK_IRQHandler)
    i.MX_GPIO_Init                           0x08001c78   Section        0  gpio.o(i.MX_GPIO_Init)
    i.MX_RTC_Init                            0x08002478   Section        0  rtc.o(i.MX_RTC_Init)
    i.RTC_Bcd2ToByte                         0x08002500   Section        0  stm32f7xx_hal_rtc.o(i.RTC_Bcd2ToByte)
    i.RTC_ByteToBcd2                         0x08002516   Section        0  stm32f7xx_hal_rtc.o(i.RTC_ByteToBcd2)
    i.RTC_EnterInitMode                      0x08002530   Section        0  stm32f7xx_hal_rtc.o(i.RTC_EnterInitMode)
    i.SysTick_Handler                        0x0800256e   Section        0  stm32f7xx_it.o(i.SysTick_Handler)
    i.SystemClock_Config                     0x0800257c   Section        0  main.o(i.SystemClock_Config)
    i.SystemInit                             0x08002658   Section        0  system_stm32f7xx_1.o(i.SystemInit)
    i.__NVIC_GetPriorityGrouping             0x080026bc   Section        0  stm32f7xx_hal_cortex.o(i.__NVIC_GetPriorityGrouping)
    __NVIC_GetPriorityGrouping               0x080026bd   Thumb Code    10  stm32f7xx_hal_cortex.o(i.__NVIC_GetPriorityGrouping)
    i.__NVIC_SetPriority                     0x080026cc   Section        0  stm32f7xx_hal_cortex.o(i.__NVIC_SetPriority)
    __NVIC_SetPriority                       0x080026cd   Thumb Code    32  stm32f7xx_hal_cortex.o(i.__NVIC_SetPriority)
    i.__hardfp_nearbyint                     0x080026f4   Section        0  nearbyint.o(i.__hardfp_nearbyint)
    i.__scatterload_copy                     0x08002734   Section       14  handlers.o(i.__scatterload_copy)
    i.__scatterload_null                     0x08002742   Section        2  handlers.o(i.__scatterload_null)
    i.__scatterload_zeroinit                 0x08002744   Section       14  handlers.o(i.__scatterload_zeroinit)
    i.delay                                  0x08002752   Section        0  main.o(i.delay)
    i.getHumi                                0x08002768   Section        0  main.o(i.getHumi)
    i.getTemp                                0x080027e0   Section        0  main.o(i.getTemp)
    i.main                                   0x08002844   Section        0  main.o(i.main)
    i.readData                               0x080028ac   Section        0  main.o(i.readData)
    i.reset                                  0x08002978   Section        0  main.o(i.reset)
    i.startTransmit                          0x080029b4   Section        0  main.o(i.startTransmit)
    i.writeCmd                               0x08002a34   Section        0  main.o(i.writeCmd)
    i.writeData                              0x08002a44   Section        0  main.o(i.writeData)
    .constdata                               0x08002ad0   Section       24  system_stm32f7xx_1.o(.constdata)
    .data                                    0x20000000   Section        4  stm32f7xx_hal.o(.data)
    .data                                    0x20000004   Section        4  system_stm32f7xx_1.o(.data)
    .bss                                     0x20000008   Section       32  rtc.o(.bss)
    STACK                                    0x20000028   Section     1024  startup_stm32f746xx_1.o(STACK)

    Global Symbols

    Symbol Name                              Value     Ov Type        Size  Object(Section)

    BuildAttributes$$THM_ISAv4$E$P$D$K$B$S$7EM$VFPi5$EXTD16$VFPS$VFMA$PE$PLD8$A:L22UL41UL21$X:L11$S22US41US21$IEEE1$IW$USESV6$~STKCKD$USESV7$~SHL$OTIME$ROPI$IEEEJ$EBA8$MICROLIB$REQ8$PRES8$EABIv2 0x00000000   Number         0  anon$$obj.o ABSOLUTE
    __ARM_use_no_argv                        0x00000000   Number         0  main.o ABSOLUTE
    __cpp_initialize__aeabi_                  - Undefined Weak Reference
    __cxa_finalize                            - Undefined Weak Reference
    __decompress                              - Undefined Weak Reference
    _clock_init                               - Undefined Weak Reference
    _microlib_exit                            - Undefined Weak Reference
    __Vectors_Size                           0x000001c8   Number         0  startup_stm32f746xx_1.o ABSOLUTE
    __Vectors                                0x08000000   Data           4  startup_stm32f746xx_1.o(RESET)
    __Vectors_End                            0x080001c8   Data           0  startup_stm32f746xx_1.o(RESET)
    __main                                   0x080001c9   Thumb Code     0  entry.o(.ARM.Collect$$$$00000000)
    _main_stk                                0x080001c9   Thumb Code     0  entry2.o(.ARM.Collect$$$$00000001)
    _main_scatterload                        0x080001cd   Thumb Code     0  entry5.o(.ARM.Collect$$$$00000004)
    __main_after_scatterload                 0x080001d1   Thumb Code     0  entry5.o(.ARM.Collect$$$$00000004)
    _main_clock                              0x080001d1   Thumb Code     0  entry7b.o(.ARM.Collect$$$$00000008)
    _main_cpp_init                           0x080001d1   Thumb Code     0  entry8b.o(.ARM.Collect$$$$0000000A)
    _main_init                               0x080001d1   Thumb Code     0  entry9a.o(.ARM.Collect$$$$0000000B)
    __rt_final_cpp                           0x080001d9   Thumb Code     0  entry10a.o(.ARM.Collect$$$$0000000D)
    __rt_final_exit                          0x080001d9   Thumb Code     0  entry11a.o(.ARM.Collect$$$$0000000F)
    Reset_Handler                            0x080001dd   Thumb Code     8  startup_stm32f746xx_1.o(.text)
    NMI_Handler                              0x080001e5   Thumb Code     2  startup_stm32f746xx_1.o(.text)
    HardFault_Handler                        0x080001e7   Thumb Code     2  startup_stm32f746xx_1.o(.text)
    MemManage_Handler                        0x080001e9   Thumb Code     2  startup_stm32f746xx_1.o(.text)
    BusFault_Handler                         0x080001eb   Thumb Code     2  startup_stm32f746xx_1.o(.text)
    UsageFault_Handler                       0x080001ed   Thumb Code     2  startup_stm32f746xx_1.o(.text)
    SVC_Handler                              0x080001ef   Thumb Code     2  startup_stm32f746xx_1.o(.text)
    DebugMon_Handler                         0x080001f1   Thumb Code     2  startup_stm32f746xx_1.o(.text)
    PendSV_Handler                           0x080001f3   Thumb Code     2  startup_stm32f746xx_1.o(.text)
    ADC_IRQHandler                           0x080001f7   Thumb Code     0  startup_stm32f746xx_1.o(.text)
    CAN1_RX0_IRQHandler                      0x080001f7   Thumb Code     0  startup_stm32f746xx_1.o(.text)
    CAN1_RX1_IRQHandler                      0x080001f7   Thumb Code     0  startup_stm32f746xx_1.o(.text)
    CAN1_SCE_IRQHandler                      0x080001f7   Thumb Code     0  startup_stm32f746xx_1.o(.text)
    CAN1_TX_IRQHandler                       0x080001f7   Thumb Code     0  startup_stm32f746xx_1.o(.text)
    CAN2_RX0_IRQHandler                      0x080001f7   Thumb Code     0  startup_stm32f746xx_1.o(.text)
    CAN2_RX1_IRQHandler                      0x080001f7   Thumb Code     0  startup_stm32f746xx_1.o(.text)
    CAN2_SCE_IRQHandler                      0x080001f7   Thumb Code     0  startup_stm32f746xx_1.o(.text)
    CAN2_TX_IRQHandler                       0x080001f7   Thumb Code     0  startup_stm32f746xx_1.o(.text)
    CEC_IRQHandler                           0x080001f7   Thumb Code     0  startup_stm32f746xx_1.o(.text)
    DCMI_IRQHandler                          0x080001f7   Thumb Code     0  startup_stm32f746xx_1.o(.text)
    DMA1_Stream0_IRQHandler                  0x080001f7   Thumb Code     0  startup_stm32f746xx_1.o(.text)
    DMA1_Stream1_IRQHandler                  0x080001f7   Thumb Code     0  startup_stm32f746xx_1.o(.text)
    DMA1_Stream2_IRQHandler                  0x080001f7   Thumb Code     0  startup_stm32f746xx_1.o(.text)
    DMA1_Stream3_IRQHandler                  0x080001f7   Thumb Code     0  startup_stm32f746xx_1.o(.text)
    DMA1_Stream4_IRQHandler                  0x080001f7   Thumb Code     0  startup_stm32f746xx_1.o(.text)
    DMA1_Stream5_IRQHandler                  0x080001f7   Thumb Code     0  startup_stm32f746xx_1.o(.text)
    DMA1_Stream6_IRQHandler                  0x080001f7   Thumb Code     0  startup_stm32f746xx_1.o(.text)
    DMA1_Stream7_IRQHandler                  0x080001f7   Thumb Code     0  startup_stm32f746xx_1.o(.text)
    DMA2D_IRQHandler                         0x080001f7   Thumb Code     0  startup_stm32f746xx_1.o(.text)
    DMA2_Stream0_IRQHandler                  0x080001f7   Thumb Code     0  startup_stm32f746xx_1.o(.text)
    DMA2_Stream1_IRQHandler                  0x080001f7   Thumb Code     0  startup_stm32f746xx_1.o(.text)
    DMA2_Stream2_IRQHandler                  0x080001f7   Thumb Code     0  startup_stm32f746xx_1.o(.text)
    DMA2_Stream3_IRQHandler                  0x080001f7   Thumb Code     0  startup_stm32f746xx_1.o(.text)
    DMA2_Stream4_IRQHandler                  0x080001f7   Thumb Code     0  startup_stm32f746xx_1.o(.text)
    DMA2_Stream5_IRQHandler                  0x080001f7   Thumb Code     0  startup_stm32f746xx_1.o(.text)
    DMA2_Stream6_IRQHandler                  0x080001f7   Thumb Code     0  startup_stm32f746xx_1.o(.text)
    DMA2_Stream7_IRQHandler                  0x080001f7   Thumb Code     0  startup_stm32f746xx_1.o(.text)
    ETH_IRQHandler                           0x080001f7   Thumb Code     0  startup_stm32f746xx_1.o(.text)
    ETH_WKUP_IRQHandler                      0x080001f7   Thumb Code     0  startup_stm32f746xx_1.o(.text)
    EXTI0_IRQHandler                         0x080001f7   Thumb Code     0  startup_stm32f746xx_1.o(.text)
    EXTI15_10_IRQHandler                     0x080001f7   Thumb Code     0  startup_stm32f746xx_1.o(.text)
    EXTI1_IRQHandler                         0x080001f7   Thumb Code     0  startup_stm32f746xx_1.o(.text)
    EXTI2_IRQHandler                         0x080001f7   Thumb Code     0  startup_stm32f746xx_1.o(.text)
    EXTI3_IRQHandler                         0x080001f7   Thumb Code     0  startup_stm32f746xx_1.o(.text)
    EXTI4_IRQHandler                         0x080001f7   Thumb Code     0  startup_stm32f746xx_1.o(.text)
    EXTI9_5_IRQHandler                       0x080001f7   Thumb Code     0  startup_stm32f746xx_1.o(.text)
    FLASH_IRQHandler                         0x080001f7   Thumb Code     0  startup_stm32f746xx_1.o(.text)
    FMC_IRQHandler                           0x080001f7   Thumb Code     0  startup_stm32f746xx_1.o(.text)
    FPU_IRQHandler                           0x080001f7   Thumb Code     0  startup_stm32f746xx_1.o(.text)
    I2C1_ER_IRQHandler                       0x080001f7   Thumb Code     0  startup_stm32f746xx_1.o(.text)
    I2C1_EV_IRQHandler                       0x080001f7   Thumb Code     0  startup_stm32f746xx_1.o(.text)
    I2C2_ER_IRQHandler                       0x080001f7   Thumb Code     0  startup_stm32f746xx_1.o(.text)
    I2C2_EV_IRQHandler                       0x080001f7   Thumb Code     0  startup_stm32f746xx_1.o(.text)
    I2C3_ER_IRQHandler                       0x080001f7   Thumb Code     0  startup_stm32f746xx_1.o(.text)
    I2C3_EV_IRQHandler                       0x080001f7   Thumb Code     0  startup_stm32f746xx_1.o(.text)
    I2C4_ER_IRQHandler                       0x080001f7   Thumb Code     0  startup_stm32f746xx_1.o(.text)
    I2C4_EV_IRQHandler                       0x080001f7   Thumb Code     0  startup_stm32f746xx_1.o(.text)
    LPTIM1_IRQHandler                        0x080001f7   Thumb Code     0  startup_stm32f746xx_1.o(.text)
    LTDC_ER_IRQHandler                       0x080001f7   Thumb Code     0  startup_stm32f746xx_1.o(.text)
    LTDC_IRQHandler                          0x080001f7   Thumb Code     0  startup_stm32f746xx_1.o(.text)
    OTG_FS_IRQHandler                        0x080001f7   Thumb Code     0  startup_stm32f746xx_1.o(.text)
    OTG_FS_WKUP_IRQHandler                   0x080001f7   Thumb Code     0  startup_stm32f746xx_1.o(.text)
    OTG_HS_EP1_IN_IRQHandler                 0x080001f7   Thumb Code     0  startup_stm32f746xx_1.o(.text)
    OTG_HS_EP1_OUT_IRQHandler                0x080001f7   Thumb Code     0  startup_stm32f746xx_1.o(.text)
    OTG_HS_IRQHandler                        0x080001f7   Thumb Code     0  startup_stm32f746xx_1.o(.text)
    OTG_HS_WKUP_IRQHandler                   0x080001f7   Thumb Code     0  startup_stm32f746xx_1.o(.text)
    PVD_IRQHandler                           0x080001f7   Thumb Code     0  startup_stm32f746xx_1.o(.text)
    QUADSPI_IRQHandler                       0x080001f7   Thumb Code     0  startup_stm32f746xx_1.o(.text)
    RCC_IRQHandler                           0x080001f7   Thumb Code     0  startup_stm32f746xx_1.o(.text)
    RNG_IRQHandler                           0x080001f7   Thumb Code     0  startup_stm32f746xx_1.o(.text)
    RTC_Alarm_IRQHandler                     0x080001f7   Thumb Code     0  startup_stm32f746xx_1.o(.text)
    RTC_WKUP_IRQHandler                      0x080001f7   Thumb Code     0  startup_stm32f746xx_1.o(.text)
    SAI1_IRQHandler                          0x080001f7   Thumb Code     0  startup_stm32f746xx_1.o(.text)
    SAI2_IRQHandler                          0x080001f7   Thumb Code     0  startup_stm32f746xx_1.o(.text)
    SDMMC1_IRQHandler                        0x080001f7   Thumb Code     0  startup_stm32f746xx_1.o(.text)
    SPDIF_RX_IRQHandler                      0x080001f7   Thumb Code     0  startup_stm32f746xx_1.o(.text)
    SPI1_IRQHandler                          0x080001f7   Thumb Code     0  startup_stm32f746xx_1.o(.text)
    SPI2_IRQHandler                          0x080001f7   Thumb Code     0  startup_stm32f746xx_1.o(.text)
    SPI3_IRQHandler                          0x080001f7   Thumb Code     0  startup_stm32f746xx_1.o(.text)
    SPI4_IRQHandler                          0x080001f7   Thumb Code     0  startup_stm32f746xx_1.o(.text)
    SPI5_IRQHandler                          0x080001f7   Thumb Code     0  startup_stm32f746xx_1.o(.text)
    SPI6_IRQHandler                          0x080001f7   Thumb Code     0  startup_stm32f746xx_1.o(.text)
    TAMP_STAMP_IRQHandler                    0x080001f7   Thumb Code     0  startup_stm32f746xx_1.o(.text)
    TIM1_BRK_TIM9_IRQHandler                 0x080001f7   Thumb Code     0  startup_stm32f746xx_1.o(.text)
    TIM1_CC_IRQHandler                       0x080001f7   Thumb Code     0  startup_stm32f746xx_1.o(.text)
    TIM1_TRG_COM_TIM11_IRQHandler            0x080001f7   Thumb Code     0  startup_stm32f746xx_1.o(.text)
    TIM1_UP_TIM10_IRQHandler                 0x080001f7   Thumb Code     0  startup_stm32f746xx_1.o(.text)
    TIM2_IRQHandler                          0x080001f7   Thumb Code     0  startup_stm32f746xx_1.o(.text)
    TIM3_IRQHandler                          0x080001f7   Thumb Code     0  startup_stm32f746xx_1.o(.text)
    TIM4_IRQHandler                          0x080001f7   Thumb Code     0  startup_stm32f746xx_1.o(.text)
    TIM5_IRQHandler                          0x080001f7   Thumb Code     0  startup_stm32f746xx_1.o(.text)
    TIM6_DAC_IRQHandler                      0x080001f7   Thumb Code     0  startup_stm32f746xx_1.o(.text)
    TIM7_IRQHandler                          0x080001f7   Thumb Code     0  startup_stm32f746xx_1.o(.text)
    TIM8_BRK_TIM12_IRQHandler                0x080001f7   Thumb Code     0  startup_stm32f746xx_1.o(.text)
    TIM8_CC_IRQHandler                       0x080001f7   Thumb Code     0  startup_stm32f746xx_1.o(.text)
    TIM8_TRG_COM_TIM14_IRQHandler            0x080001f7   Thumb Code     0  startup_stm32f746xx_1.o(.text)
    TIM8_UP_TIM13_IRQHandler                 0x080001f7   Thumb Code     0  startup_stm32f746xx_1.o(.text)
    UART4_IRQHandler                         0x080001f7   Thumb Code     0  startup_stm32f746xx_1.o(.text)
    UART5_IRQHandler                         0x080001f7   Thumb Code     0  startup_stm32f746xx_1.o(.text)
    UART7_IRQHandler                         0x080001f7   Thumb Code     0  startup_stm32f746xx_1.o(.text)
    UART8_IRQHandler                         0x080001f7   Thumb Code     0  startup_stm32f746xx_1.o(.text)
    USART1_IRQHandler                        0x080001f7   Thumb Code     0  startup_stm32f746xx_1.o(.text)
    USART2_IRQHandler                        0x080001f7   Thumb Code     0  startup_stm32f746xx_1.o(.text)
    USART3_IRQHandler                        0x080001f7   Thumb Code     0  startup_stm32f746xx_1.o(.text)
    USART6_IRQHandler                        0x080001f7   Thumb Code     0  startup_stm32f746xx_1.o(.text)
    WWDG_IRQHandler                          0x080001f7   Thumb Code     0  startup_stm32f746xx_1.o(.text)
    __aeabi_d2iz                             0x08000201   Thumb Code    62  dfixi.o(.text)
    __aeabi_f2d                              0x0800023f   Thumb Code    38  f2d.o(.text)
    __aeabi_llsr                             0x08000265   Thumb Code    32  llushr.o(.text)
    _ll_ushift_r                             0x08000265   Thumb Code     0  llushr.o(.text)
    __I$use$fp                               0x08000285   Thumb Code     0  iusefp.o(.text)
    _drnd                                    0x08000285   Thumb Code   132  drnd.o(.text)
    __fp_status                              0x0800030d   Thumb Code     4  fpstat.o(.text)
    __ieee_status                            0x0800030d   Thumb Code     0  fpstat.o(.text)
    __scatterload                            0x08000311   Thumb Code    28  init.o(.text)
    __scatterload_rt2                        0x08000311   Thumb Code     0  init.o(.text)
    __aeabi_llsl                             0x08000335   Thumb Code    30  llshl.o(.text)
    _ll_shift_l                              0x08000335   Thumb Code     0  llshl.o(.text)
    _double_round                            0x08000353   Thumb Code    30  depilogue.o(.text)
    _double_epilogue                         0x08000371   Thumb Code   156  depilogue.o(.text)
    Error_Handler                            0x0800040d   Thumb Code     4  main.o(i.Error_Handler)
    HAL_Delay                                0x08000411   Thumb Code    26  stm32f7xx_hal.o(i.HAL_Delay)
    HAL_GPIO_Init                            0x0800042d   Thumb Code   484  stm32f7xx_hal_gpio.o(i.HAL_GPIO_Init)
    HAL_GPIO_ReadPin                         0x08000645   Thumb Code    16  stm32f7xx_hal_gpio.o(i.HAL_GPIO_ReadPin)
    HAL_GPIO_WritePin                        0x08000655   Thumb Code    12  stm32f7xx_hal_gpio.o(i.HAL_GPIO_WritePin)
    HAL_GetTick                              0x08000661   Thumb Code     6  stm32f7xx_hal.o(i.HAL_GetTick)
    HAL_IncTick                              0x0800066d   Thumb Code    12  stm32f7xx_hal.o(i.HAL_IncTick)
    HAL_Init                                 0x0800067d   Thumb Code    22  stm32f7xx_hal.o(i.HAL_Init)
    HAL_InitTick                             0x08000695   Thumb Code    36  stm32f7xx_hal.o(i.HAL_InitTick)
    HAL_MspInit                              0x080006bd   Thumb Code    86  stm32f7xx_hal_msp.o(i.HAL_MspInit)
    HAL_NVIC_SetPriority                     0x08000713   Thumb Code   124  stm32f7xx_hal_cortex.o(i.HAL_NVIC_SetPriority)
    HAL_NVIC_SetPriorityGrouping             0x08000791   Thumb Code    32  stm32f7xx_hal_cortex.o(i.HAL_NVIC_SetPriorityGrouping)
    HAL_PWREx_EnableOverDrive                0x080007b9   Thumb Code   136  stm32f7xx_hal_pwr_ex.o(i.HAL_PWREx_EnableOverDrive)
    HAL_RCCEx_PeriphCLKConfig                0x08000849   Thumb Code  2322  stm32f7xx_hal_rcc_ex.o(i.HAL_RCCEx_PeriphCLKConfig)
    HAL_RCC_ClockConfig                      0x08001161   Thumb Code   420  stm32f7xx_hal_rcc.o(i.HAL_RCC_ClockConfig)
    HAL_RCC_GetHCLKFreq                      0x08001315   Thumb Code     6  stm32f7xx_hal_rcc.o(i.HAL_RCC_GetHCLKFreq)
    HAL_RCC_GetSysClockFreq                  0x08001321   Thumb Code   168  stm32f7xx_hal_rcc.o(i.HAL_RCC_GetSysClockFreq)
    HAL_RCC_OscConfig                        0x080013d5   Thumb Code  1252  stm32f7xx_hal_rcc.o(i.HAL_RCC_OscConfig)
    HAL_RTC_Init                             0x080018bd   Thumb Code   176  stm32f7xx_hal_rtc.o(i.HAL_RTC_Init)
    HAL_RTC_MspInit                          0x08001971   Thumb Code    22  rtc.o(i.HAL_RTC_MspInit)
    HAL_RTC_SetDate                          0x08001991   Thumb Code   270  stm32f7xx_hal_rtc.o(i.HAL_RTC_SetDate)
    HAL_RTC_SetTime                          0x08001aa5   Thumb Code   304  stm32f7xx_hal_rtc.o(i.HAL_RTC_SetTime)
    HAL_RTC_WaitForSynchro                   0x08001bd9   Thumb Code    58  stm32f7xx_hal_rtc.o(i.HAL_RTC_WaitForSynchro)
    HAL_SYSTICK_CLKSourceConfig              0x08001c13   Thumb Code    40  stm32f7xx_hal_cortex.o(i.HAL_SYSTICK_CLKSourceConfig)
    HAL_SYSTICK_Callback                     0x08001c3b   Thumb Code     2  stm32f7xx_hal_cortex.o(i.HAL_SYSTICK_Callback)
    HAL_SYSTICK_Config                       0x08001c3d   Thumb Code    52  stm32f7xx_hal_cortex.o(i.HAL_SYSTICK_Config)
    HAL_SYSTICK_IRQHandler                   0x08001c71   Thumb Code     8  stm32f7xx_hal_cortex.o(i.HAL_SYSTICK_IRQHandler)
    MX_GPIO_Init                             0x08001c79   Thumb Code  2008  gpio.o(i.MX_GPIO_Init)
    MX_RTC_Init                              0x08002479   Thumb Code   128  rtc.o(i.MX_RTC_Init)
    RTC_Bcd2ToByte                           0x08002501   Thumb Code    22  stm32f7xx_hal_rtc.o(i.RTC_Bcd2ToByte)
    RTC_ByteToBcd2                           0x08002517   Thumb Code    26  stm32f7xx_hal_rtc.o(i.RTC_ByteToBcd2)
    RTC_EnterInitMode                        0x08002531   Thumb Code    62  stm32f7xx_hal_rtc.o(i.RTC_EnterInitMode)
    SysTick_Handler                          0x0800256f   Thumb Code    12  stm32f7xx_it.o(i.SysTick_Handler)
    SystemClock_Config                       0x0800257d   Thumb Code   208  main.o(i.SystemClock_Config)
    SystemInit                               0x08002659   Thumb Code    82  system_stm32f7xx_1.o(i.SystemInit)
    __hardfp_nearbyint                       0x080026f5   Thumb Code    64  nearbyint.o(i.__hardfp_nearbyint)
    __scatterload_copy                       0x08002735   Thumb Code    14  handlers.o(i.__scatterload_copy)
    __scatterload_null                       0x08002743   Thumb Code     2  handlers.o(i.__scatterload_null)
    __scatterload_zeroinit                   0x08002745   Thumb Code    14  handlers.o(i.__scatterload_zeroinit)
    delay                                    0x08002753   Thumb Code    22  main.o(i.delay)
    getHumi                                  0x08002769   Thumb Code   106  main.o(i.getHumi)
    getTemp                                  0x080027e1   Thumb Code    90  main.o(i.getTemp)
    main                                     0x08002845   Thumb Code   104  main.o(i.main)
    readData                                 0x080028ad   Thumb Code   200  main.o(i.readData)
    reset                                    0x08002979   Thumb Code    54  main.o(i.reset)
    startTransmit                            0x080029b5   Thumb Code   122  main.o(i.startTransmit)
    writeCmd                                 0x08002a35   Thumb Code    16  main.o(i.writeCmd)
    writeData                                0x08002a45   Thumb Code   136  main.o(i.writeData)
    AHBPrescTable                            0x08002ad0   Data          16  system_stm32f7xx_1.o(.constdata)
    APBPrescTable                            0x08002ae0   Data           8  system_stm32f7xx_1.o(.constdata)
    Region$$Table$$Base                      0x08002ae8   Number         0  anon$$obj.o(Region$$Table)
    Region$$Table$$Limit                     0x08002b08   Number         0  anon$$obj.o(Region$$Table)
    uwTick                                   0x20000000   Data           4  stm32f7xx_hal.o(.data)
    SystemCoreClock                          0x20000004   Data           4  system_stm32f7xx_1.o(.data)
    hrtc                                     0x20000008   Data          32  rtc.o(.bss)
    __initial_sp                             0x20000428   Data           0  startup_stm32f746xx_1.o(STACK)



==============================================================================

Memory Map of the image

  Image Entry point : 0x080001c9

  Load Region LR_IROM1 (Base: 0x08000000, Size: 0x00002b10, Max: 0x00100000, ABSOLUTE)

    Execution Region ER_IROM1 (Exec base: 0x08000000, Load base: 0x08000000, Size: 0x00002b08, Max: 0x00100000, ABSOLUTE)

    Exec Addr    Load Addr    Size         Type   Attr      Idx    E Section Name        Object

    0x08000000   0x08000000   0x000001c8   Data   RO         2273    RESET               startup_stm32f746xx_1.o
    0x080001c8   0x080001c8   0x00000000   Code   RO         2319  * .ARM.Collect$$$$00000000  mc_w.l(entry.o)
    0x080001c8   0x080001c8   0x00000004   Code   RO         2326    .ARM.Collect$$$$00000001  mc_w.l(entry2.o)
    0x080001cc   0x080001cc   0x00000004   Code   RO         2329    .ARM.Collect$$$$00000004  mc_w.l(entry5.o)
    0x080001d0   0x080001d0   0x00000000   Code   RO         2331    .ARM.Collect$$$$00000008  mc_w.l(entry7b.o)
    0x080001d0   0x080001d0   0x00000000   Code   RO         2333    .ARM.Collect$$$$0000000A  mc_w.l(entry8b.o)
    0x080001d0   0x080001d0   0x00000008   Code   RO         2334    .ARM.Collect$$$$0000000B  mc_w.l(entry9a.o)
    0x080001d8   0x080001d8   0x00000000   Code   RO         2336    .ARM.Collect$$$$0000000D  mc_w.l(entry10a.o)
    0x080001d8   0x080001d8   0x00000000   Code   RO         2338    .ARM.Collect$$$$0000000F  mc_w.l(entry11a.o)
    0x080001d8   0x080001d8   0x00000004   Code   RO         2327    .ARM.Collect$$$$00002712  mc_w.l(entry2.o)
    0x080001dc   0x080001dc   0x00000024   Code   RO         2274    .text               startup_stm32f746xx_1.o
    0x08000200   0x08000200   0x0000003e   Code   RO         2322    .text               mf_w.l(dfixi.o)
    0x0800023e   0x0800023e   0x00000026   Code   RO         2324    .text               mf_w.l(f2d.o)
    0x08000264   0x08000264   0x00000020   Code   RO         2340    .text               mc_w.l(llushr.o)
    0x08000284   0x08000284   0x00000000   Code   RO         2342    .text               mc_w.l(iusefp.o)
    0x08000284   0x08000284   0x00000088   Code   RO         2343    .text               mf_w.l(drnd.o)
    0x0800030c   0x0800030c   0x00000004   Code   RO         2345    .text               mf_w.l(fpstat.o)
    0x08000310   0x08000310   0x00000024   Code   RO         2347    .text               mc_w.l(init.o)
    0x08000334   0x08000334   0x0000001e   Code   RO         2349    .text               mc_w.l(llshl.o)
    0x08000352   0x08000352   0x000000ba   Code   RO         2351    .text               mf_w.l(depilogue.o)
    0x0800040c   0x0800040c   0x00000004   Code   RO          187    i.Error_Handler     main.o
    0x08000410   0x08000410   0x0000001a   Code   RO         1996    i.HAL_Delay         stm32f7xx_hal.o
    0x0800042a   0x0800042a   0x00000002   PAD
    0x0800042c   0x0800042c   0x00000218   Code   RO         1926    i.HAL_GPIO_Init     stm32f7xx_hal_gpio.o
    0x08000644   0x08000644   0x00000010   Code   RO         1928    i.HAL_GPIO_ReadPin  stm32f7xx_hal_gpio.o
    0x08000654   0x08000654   0x0000000c   Code   RO         1930    i.HAL_GPIO_WritePin  stm32f7xx_hal_gpio.o
    0x08000660   0x08000660   0x0000000c   Code   RO         2004    i.HAL_GetTick       stm32f7xx_hal.o
    0x0800066c   0x0800066c   0x00000010   Code   RO         2005    i.HAL_IncTick       stm32f7xx_hal.o
    0x0800067c   0x0800067c   0x00000016   Code   RO         2006    i.HAL_Init          stm32f7xx_hal.o
    0x08000692   0x08000692   0x00000002   PAD
    0x08000694   0x08000694   0x00000028   Code   RO         2007    i.HAL_InitTick      stm32f7xx_hal.o
    0x080006bc   0x080006bc   0x00000056   Code   RO          121    i.HAL_MspInit       stm32f7xx_hal_msp.o
    0x08000712   0x08000712   0x0000007c   Code   RO          549    i.HAL_NVIC_SetPriority  stm32f7xx_hal_cortex.o
    0x0800078e   0x0800078e   0x00000002   PAD
    0x08000790   0x08000790   0x00000028   Code   RO          550    i.HAL_NVIC_SetPriorityGrouping  stm32f7xx_hal_cortex.o
    0x080007b8   0x080007b8   0x00000090   Code   RO         2158    i.HAL_PWREx_EnableOverDrive  stm32f7xx_hal_pwr_ex.o
    0x08000848   0x08000848   0x00000918   Code   RO          924    i.HAL_RCCEx_PeriphCLKConfig  stm32f7xx_hal_rcc_ex.o
    0x08001160   0x08001160   0x000001b4   Code   RO          328    i.HAL_RCC_ClockConfig  stm32f7xx_hal_rcc.o
    0x08001314   0x08001314   0x0000000c   Code   RO          333    i.HAL_RCC_GetHCLKFreq  stm32f7xx_hal_rcc.o
    0x08001320   0x08001320   0x000000b4   Code   RO          337    i.HAL_RCC_GetSysClockFreq  stm32f7xx_hal_rcc.o
    0x080013d4   0x080013d4   0x000004e8   Code   RO          340    i.HAL_RCC_OscConfig  stm32f7xx_hal_rcc.o
    0x080018bc   0x080018bc   0x000000b4   Code   RO          792    i.HAL_RTC_Init      stm32f7xx_hal_rtc.o
    0x08001970   0x08001970   0x00000020   Code   RO          146    i.HAL_RTC_MspInit   rtc.o
    0x08001990   0x08001990   0x00000114   Code   RO          798    i.HAL_RTC_SetDate   stm32f7xx_hal_rtc.o
    0x08001aa4   0x08001aa4   0x00000134   Code   RO          799    i.HAL_RTC_SetTime   stm32f7xx_hal_rtc.o
    0x08001bd8   0x08001bd8   0x0000003a   Code   RO          800    i.HAL_RTC_WaitForSynchro  stm32f7xx_hal_rtc.o
    0x08001c12   0x08001c12   0x00000028   Code   RO          552    i.HAL_SYSTICK_CLKSourceConfig  stm32f7xx_hal_cortex.o
    0x08001c3a   0x08001c3a   0x00000002   Code   RO          553    i.HAL_SYSTICK_Callback  stm32f7xx_hal_cortex.o
    0x08001c3c   0x08001c3c   0x00000034   Code   RO          554    i.HAL_SYSTICK_Config  stm32f7xx_hal_cortex.o
    0x08001c70   0x08001c70   0x00000008   Code   RO          555    i.HAL_SYSTICK_IRQHandler  stm32f7xx_hal_cortex.o
    0x08001c78   0x08001c78   0x00000800   Code   RO          285    i.MX_GPIO_Init      gpio.o
    0x08002478   0x08002478   0x00000088   Code   RO          147    i.MX_RTC_Init       rtc.o
    0x08002500   0x08002500   0x00000016   Code   RO          801    i.RTC_Bcd2ToByte    stm32f7xx_hal_rtc.o
    0x08002516   0x08002516   0x0000001a   Code   RO          802    i.RTC_ByteToBcd2    stm32f7xx_hal_rtc.o
    0x08002530   0x08002530   0x0000003e   Code   RO          803    i.RTC_EnterInitMode  stm32f7xx_hal_rtc.o
    0x0800256e   0x0800256e   0x0000000c   Code   RO            4    i.SysTick_Handler   stm32f7xx_it.o
    0x0800257a   0x0800257a   0x00000002   PAD
    0x0800257c   0x0800257c   0x000000dc   Code   RO          188    i.SystemClock_Config  main.o
    0x08002658   0x08002658   0x00000064   Code   RO         2282    i.SystemInit        system_stm32f7xx_1.o
    0x080026bc   0x080026bc   0x00000010   Code   RO          556    i.__NVIC_GetPriorityGrouping  stm32f7xx_hal_cortex.o
    0x080026cc   0x080026cc   0x00000028   Code   RO          557    i.__NVIC_SetPriority  stm32f7xx_hal_cortex.o
    0x080026f4   0x080026f4   0x00000040   Code   RO         2315    i.__hardfp_nearbyint  m_wm.l(nearbyint.o)
    0x08002734   0x08002734   0x0000000e   Code   RO         2355    i.__scatterload_copy  mc_w.l(handlers.o)
    0x08002742   0x08002742   0x00000002   Code   RO         2356    i.__scatterload_null  mc_w.l(handlers.o)
    0x08002744   0x08002744   0x0000000e   Code   RO         2357    i.__scatterload_zeroinit  mc_w.l(handlers.o)
    0x08002752   0x08002752   0x00000016   Code   RO          189    i.delay             main.o
    0x08002768   0x08002768   0x00000078   Code   RO          190    i.getHumi           main.o
    0x080027e0   0x080027e0   0x00000064   Code   RO          191    i.getTemp           main.o
    0x08002844   0x08002844   0x00000068   Code   RO          192    i.main              main.o
    0x080028ac   0x080028ac   0x000000cc   Code   RO          193    i.readData          main.o
    0x08002978   0x08002978   0x0000003c   Code   RO          194    i.reset             main.o
    0x080029b4   0x080029b4   0x00000080   Code   RO          195    i.startTransmit     main.o
    0x08002a34   0x08002a34   0x00000010   Code   RO          196    i.writeCmd          main.o
    0x08002a44   0x08002a44   0x0000008c   Code   RO          197    i.writeData         main.o
    0x08002ad0   0x08002ad0   0x00000018   Data   RO         2283    .constdata          system_stm32f7xx_1.o
    0x08002ae8   0x08002ae8   0x00000020   Data   RO         2353    Region$$Table       anon$$obj.o


    Execution Region RW_IRAM1 (Exec base: 0x20000000, Load base: 0x08002b08, Size: 0x00000428, Max: 0x00050000, ABSOLUTE)

    Exec Addr    Load Addr    Size         Type   Attr      Idx    E Section Name        Object

    0x20000000   0x08002b08   0x00000004   Data   RW         2012    .data               stm32f7xx_hal.o
    0x20000004   0x08002b0c   0x00000004   Data   RW         2284    .data               system_stm32f7xx_1.o
    0x20000008        -       0x00000020   Zero   RW          148    .bss                rtc.o
    0x20000028        -       0x00000400   Zero   RW         2271    STACK               startup_stm32f746xx_1.o


==============================================================================

Image component sizes


      Code (inc. data)   RO Data    RW Data    ZI Data      Debug   Object Name

      2048         88          0          0          0       2571   gpio.o
      1118         56          0          0          0       8122   main.o
       168         18          0          0         32       1743   rtc.o
        36          8        456          0       1024        912   startup_stm32f746xx_1.o
       116         14          0          4          0       4235   stm32f7xx_hal.o
       322         22          0          0          0      40524   stm32f7xx_hal_cortex.o
       564         52          0          0          0       3423   stm32f7xx_hal_gpio.o
        86          0          0          0          0        566   stm32f7xx_hal_msp.o
       144          8          0          0          0       1460   stm32f7xx_hal_pwr_ex.o
      1884         46          0          0          0       4722   stm32f7xx_hal_rcc.o
      2328         26          0          0          0       2444   stm32f7xx_hal_rcc_ex.o
       932         14          0          0          0       6322   stm32f7xx_hal_rtc.o
        12          0          0          0          0     749514   stm32f7xx_it.o
       100         18         24          4          0       1463   system_stm32f7xx_1.o

    ----------------------------------------------------------------------
      9866        370        512          8       1056     828021   Object Totals
         0          0         32          0          0          0   (incl. Generated)
         8          0          0          0          0          0   (incl. Padding)

    ----------------------------------------------------------------------

      Code (inc. data)   RO Data    RW Data    ZI Data      Debug   Library Member Name

        64          0          0          0          0        136   nearbyint.o
         0          0          0          0          0          0   entry.o
         0          0          0          0          0          0   entry10a.o
         0          0          0          0          0          0   entry11a.o
         8          4          0          0          0          0   entry2.o
         4          0          0          0          0          0   entry5.o
         0          0          0          0          0          0   entry7b.o
         0          0          0          0          0          0   entry8b.o
         8          4          0          0          0          0   entry9a.o
        30          0          0          0          0          0   handlers.o
        36          8          0          0          0         68   init.o
         0          0          0          0          0          0   iusefp.o
        30          0          0          0          0         68   llshl.o
        32          0          0          0          0         68   llushr.o
       186          0          0          0          0        176   depilogue.o
        62          0          0          0          0         80   dfixi.o
       136          4          0          0          0         92   drnd.o
        38          0          0          0          0         68   f2d.o
         4          0          0          0          0         68   fpstat.o

    ----------------------------------------------------------------------
       638         20          0          0          0        824   Library Totals
         0          0          0          0          0          0   (incl. Padding)

    ----------------------------------------------------------------------

      Code (inc. data)   RO Data    RW Data    ZI Data      Debug   Library Name

        64          0          0          0          0        136   m_wm.l
       148         16          0          0          0        204   mc_w.l
       426          4          0          0          0        484   mf_w.l

    ----------------------------------------------------------------------
       638         20          0          0          0        824   Library Totals

    ----------------------------------------------------------------------

==============================================================================


      Code (inc. data)   RO Data    RW Data    ZI Data      Debug   

     10504        390        512          8       1056     824841   Grand Totals
     10504        390        512          8       1056     824841   ELF Image Totals
     10504        390        512          8          0          0   ROM Totals

==============================================================================

    Total RO  Size (Code + RO Data)                11016 (  10.76kB)
    Total RW  Size (RW Data + ZI Data)              1064 (   1.04kB)
    Total ROM Size (Code + RO Data + RW Data)      11024 (  10.77kB)

==============================================================================

