<html>
<body>
<pre>
<h1>µVision Build Log</h1>
<h2>Tool Versions:</h2>
IDE-Version: µVision V5.24.2.0
Copyright (C) 2017 ARM Ltd and ARM Germany GmbH. All rights reserved.
License Information: asd Albin Hjalmas, asd, LIC=50D12-932R0-231M4-F2N6L-U7XG1-XURP2
 
Tool Versions:
Toolchain:       MDK-ARM Professional  Version: 5.24.1
Toolchain Path:  C:\Program Files\Keil\ARM\ARMCC\Bin
C Compiler:      Armcc.exe V5.06 update 5 (build 528)
Assembler:       Armasm.exe V5.06 update 5 (build 528)
Linker/Locator:  ArmLink.exe V5.06 update 5 (build 528)
Library Manager: ArmAr.exe V5.06 update 5 (build 528)
Hex Converter:   FromElf.exe V5.06 update 5 (build 528)
CPU DLL:         SARMCM3.DLL V5.24.1
Dialog DLL:      DCM.DLL V1.16.0.0
Target DLL:      STLink\ST-LINKIII-KEIL_SWO.dll V3.0.1.0
Dialog DLL:      TCM.DLL V1.32.0.0
 
<h2>Project:</h2>
C:\Users\Hjalm\Documents\Embedded\TouchGFX_Projects\GrowHouseController\target\ST\STM32F746G-DISCO\Keil\application.uvprojx
Project File Date:  09/01/2017

<h2>Output:</h2>
*** Using Compiler 'V5.06 update 5 (build 528)', folder: 'C:\Program Files\Keil\ARM\ARMCC\Bin'
Build target 'STM32F746G-DISCO'
compiling mainScreenViewBase.cpp...
compiling Screen1View.cpp...
compiling Screen1Presenter.cpp...
compiling dayNightSettingsScreenViewBase.cpp...
compiling mainScreenView.cpp...
compiling dateTimeSettingsScreenViewBase.cpp...
compiling ApplicationFontProvider.cpp...
compiling BitmapDatabase.cpp...
compiling FrontendApplicationBase.cpp...
compiling Font_segoeui_18_8bpp.cpp...
compiling Font_segoeui_17_8bpp.cpp...
compiling Font_segoeui_28_8bpp.cpp...
compiling Font_segoeui_40_8bpp.cpp...
compiling Font_segoeui_67_4bpp.cpp...
compiling Font_verdana_12_4bpp.cpp...
compiling Font_verdana_17_8bpp.cpp...
compiling Font_verdana_34_4bpp.cpp...
compiling Font_verdana_46_4bpp.cpp...
compiling Kerning_segoeui_17_8bpp.cpp...
compiling FontGetters.cpp...
compiling Kerning_segoeui_18_8bpp.cpp...
compiling Kerning_segoeui_28_8bpp.cpp...
compiling Kerning_segoeui_40_8bpp.cpp...
compiling Kerning_segoeui_67_4bpp.cpp...
compiling Kerning_verdana_12_4bpp.cpp...
compiling Kerning_verdana_17_8bpp.cpp...
compiling Kerning_verdana_34_4bpp.cpp...
compiling Kerning_verdana_46_4bpp.cpp...
compiling LanguageGb.cpp...
compiling Table_segoeui_17_8bpp.cpp...
compiling Table_segoeui_18_8bpp.cpp...
compiling Table_segoeui_28_8bpp.cpp...
compiling Table_segoeui_40_8bpp.cpp...
compiling Table_segoeui_67_4bpp.cpp...
compiling Table_verdana_12_4bpp.cpp...
compiling Table_verdana_17_8bpp.cpp...
compiling Table_verdana_34_4bpp.cpp...
compiling Table_verdana_46_4bpp.cpp...
compiling TypedTextDatabase.cpp...
compiling Texts.cpp...
compiling Screen1ViewBase.cpp...
compiling opConfigSettingsScreenViewBase.cpp...
compiling settingsScreenViewBase.cpp...
compiling tempHumiSettingsScreenViewBase.cpp...
compiling BoardConfiguration.cpp...
linking...
Program Size: Code=93070 RO-data=659782 RW-data=468 ZI-data=14588  
FromELF: creating hex file...
After Build - User command #1: fromelf --only=ExtFlashSection --bin --output=binary .\Flash\application.axf
".\Flash\application.axf" - 0 Error(s), 0 Warning(s).

<h2>Software Packages used:</h2>

Package Vendor: Keil
                http://www.keil.com/pack/Keil.STM32F7xx_DFP.2.9.0.pack
                Keil.STM32F7xx_DFP.2.9.0
                STMicroelectronics STM32F7 Series Device Support, Drivers and Examples

<h2>Collection of Component include folders:</h2>
  .\RTE\_STM32F746G-DISCO
  C:\Program Files\Keil\ARM\PACK\Keil\STM32F7xx_DFP\2.9.0\Drivers\CMSIS\Device\ST\STM32F7xx\Include

<h2>Collection of Component Files used:</h2>
Build Time Elapsed:  00:00:10
</pre>
</body>
</html>
